<testsuites id="" name="" tests="220" failures="220" skipped="0" errors="0" time="280.493119">
<testsuite name="aggressiveGeofence.spec.js" timestamp="2025-09-08T10:17:51.980Z" hostname="browserstack-chrome-windows" tests="1" failures="1" skipped="0" time="0.093" errors="0">
<testcase name="Aggressive Geofence Tests › should test aggressive geofencing functionality" classname="aggressiveGeofence.spec.js" time="0.093">
<failure message="aggressiveGeofence.spec.js:15:3 should test aggressive geofencing functionality" type="FAILURE">
<![CDATA[  [browserstack-chrome-windows] › aggressiveGeofence.spec.js:15:3 › Aggressive Geofence Tests › should test aggressive geofencing functionality 

    Error: browserType.connect: Target page, context or browser has been closed

    Retry #1 ───────────────────────────────────────────────────────────────────────────────────────

    Error: browserType.connect: Target page, context or browser has been closed

    attachment #1: trace (application/zip) ─────────────────────────────────────────────────────────
    ..\test-results\aggressiveGeofence-Aggress-a436c-ve-geofencing-functionality-browserstack-chrome-windows-retry1\trace.zip
    Usage:

        npx playwright show-trace ..\test-results\aggressiveGeofence-Aggress-a436c-ve-geofencing-functionality-browserstack-chrome-windows-retry1\trace.zip

    ────────────────────────────────────────────────────────────────────────────────────────────────

    Retry #2 ───────────────────────────────────────────────────────────────────────────────────────

    Error: browserType.connect: Target page, context or browser has been closed
]]>
</failure>
<system-out>
<![CDATA[
[[ATTACHMENT|test-results\aggressiveGeofence-Aggress-a436c-ve-geofencing-functionality-browserstack-chrome-windows-retry1\trace.zip]]
]]>
</system-out>
</testcase>
</testsuite>
<testsuite name="spec.spec.js" timestamp="2025-09-08T10:17:51.980Z" hostname="browserstack-chrome-windows" tests="1" failures="1" skipped="0" time="0.112" errors="0">
<testcase name="General Specification Tests › should meet general specifications" classname="spec.spec.js" time="0.112">
<failure message="spec.spec.js:14:3 should meet general specifications" type="FAILURE">
<![CDATA[  [browserstack-chrome-windows] › spec.spec.js:14:3 › General Specification Tests › should meet general specifications 

    Error: browserType.connect: Target page, context or browser has been closed

    Retry #1 ───────────────────────────────────────────────────────────────────────────────────────

    Error: browserType.connect: Target page, context or browser has been closed

    attachment #1: trace (application/zip) ─────────────────────────────────────────────────────────
    ..\test-results\spec-General-Specification-a9ee8-meet-general-specifications-browserstack-chrome-windows-retry1\trace.zip
    Usage:

        npx playwright show-trace ..\test-results\spec-General-Specification-a9ee8-meet-general-specifications-browserstack-chrome-windows-retry1\trace.zip

    ────────────────────────────────────────────────────────────────────────────────────────────────

    Retry #2 ───────────────────────────────────────────────────────────────────────────────────────

    Error: browserType.connect: Target page, context or browser has been closed
]]>
</failure>
<system-out>
<![CDATA[
[[ATTACHMENT|test-results\spec-General-Specification-a9ee8-meet-general-specifications-browserstack-chrome-windows-retry1\trace.zip]]
]]>
</system-out>
</testcase>
</testsuite>
<testsuite name="TS001_listOfDevice.spec.js" timestamp="2025-09-08T10:17:51.980Z" hostname="browserstack-chrome-windows" tests="1" failures="1" skipped="0" time="0.095" errors="0">
<testcase name="List of Device › should show list of all devices in the platform" classname="TS001_listOfDevice.spec.js" time="0.095">
<failure message="TS001_listOfDevice.spec.js:10:5 should show list of all devices in the platform" type="FAILURE">
<![CDATA[  [browserstack-chrome-windows] › TS001_listOfDevice.spec.js:10:5 › List of Device › should show list of all devices in the platform 

    Error: browserType.connect: Target page, context or browser has been closed

    Retry #1 ───────────────────────────────────────────────────────────────────────────────────────

    Error: browserType.connect: Target page, context or browser has been closed

    attachment #1: trace (application/zip) ─────────────────────────────────────────────────────────
    ..\test-results\TS001_listOfDevice-List-of-22ce6-all-devices-in-the-platform-browserstack-chrome-windows-retry1\trace.zip
    Usage:

        npx playwright show-trace ..\test-results\TS001_listOfDevice-List-of-22ce6-all-devices-in-the-platform-browserstack-chrome-windows-retry1\trace.zip

    ────────────────────────────────────────────────────────────────────────────────────────────────

    Retry #2 ───────────────────────────────────────────────────────────────────────────────────────

    Error: browserType.connect: Target page, context or browser has been closed
]]>
</failure>
<system-out>
<![CDATA[
[[ATTACHMENT|test-results\TS001_listOfDevice-List-of-22ce6-all-devices-in-the-platform-browserstack-chrome-windows-retry1\trace.zip]]
]]>
</system-out>
</testcase>
</testsuite>
<testsuite name="TS002_addEditDevices.spec.js" timestamp="2025-09-08T10:17:51.980Z" hostname="browserstack-chrome-windows" tests="1" failures="1" skipped="0" time="0.015" errors="0">
<testcase name="Add edit Device › should add/edit a device" classname="TS002_addEditDevices.spec.js" time="0.015">
<failure message="TS002_addEditDevices.spec.js:25:5 should add/edit a device" type="FAILURE">
<![CDATA[  [browserstack-chrome-windows] › TS002_addEditDevices.spec.js:25:5 › Add edit Device › should add/edit a device 

    Error: browserType.connect: Target page, context or browser has been closed

    Retry #1 ───────────────────────────────────────────────────────────────────────────────────────

    Error: browserType.connect: Target page, context or browser has been closed

    attachment #1: trace (application/zip) ─────────────────────────────────────────────────────────
    ..\test-results\TS002_addEditDevices-Add-e-c7e3a-ce-should-add-edit-a-device-browserstack-chrome-windows-retry1\trace.zip
    Usage:

        npx playwright show-trace ..\test-results\TS002_addEditDevices-Add-e-c7e3a-ce-should-add-edit-a-device-browserstack-chrome-windows-retry1\trace.zip

    ────────────────────────────────────────────────────────────────────────────────────────────────

    Retry #2 ───────────────────────────────────────────────────────────────────────────────────────

    Error: browserType.connect: Target page, context or browser has been closed
]]>
</failure>
<system-out>
<![CDATA[
[[ATTACHMENT|test-results\TS002_addEditDevices-Add-e-c7e3a-ce-should-add-edit-a-device-browserstack-chrome-windows-retry1\trace.zip]]
]]>
</system-out>
</testcase>
</testsuite>
<testsuite name="TS003_ChangeTimezone.spec.js" timestamp="2025-09-08T10:17:51.980Z" hostname="browserstack-chrome-windows" tests="1" failures="1" skipped="0" time="0.01" errors="0">
<testcase name="Timezone › should edit the timezone of users" classname="TS003_ChangeTimezone.spec.js" time="0.01">
<failure message="TS003_ChangeTimezone.spec.js:24:5 should edit the timezone of users" type="FAILURE">
<![CDATA[  [browserstack-chrome-windows] › TS003_ChangeTimezone.spec.js:24:5 › Timezone › should edit the timezone of users 

    Error: browserType.connect: Target page, context or browser has been closed

    Retry #1 ───────────────────────────────────────────────────────────────────────────────────────

    Error: browserType.connect: Target page, context or browser has been closed

    attachment #1: trace (application/zip) ─────────────────────────────────────────────────────────
    ..\test-results\TS003_ChangeTimezone-Timez-0526c--edit-the-timezone-of-users-browserstack-chrome-windows-retry1\trace.zip
    Usage:

        npx playwright show-trace ..\test-results\TS003_ChangeTimezone-Timez-0526c--edit-the-timezone-of-users-browserstack-chrome-windows-retry1\trace.zip

    ────────────────────────────────────────────────────────────────────────────────────────────────

    Retry #2 ───────────────────────────────────────────────────────────────────────────────────────

    Error: browserType.connect: Target page, context or browser has been closed
]]>
</failure>
<system-out>
<![CDATA[
[[ATTACHMENT|test-results\TS003_ChangeTimezone-Timez-0526c--edit-the-timezone-of-users-browserstack-chrome-windows-retry1\trace.zip]]
]]>
</system-out>
</testcase>
</testsuite>
<testsuite name="TS004_viewEditUser.spec.js" timestamp="2025-09-08T10:17:51.980Z" hostname="browserstack-chrome-windows" tests="1" failures="1" skipped="0" time="0.011" errors="0">
<testcase name="view Edit User › should create user and edit them" classname="TS004_viewEditUser.spec.js" time="0.011">
<failure message="TS004_viewEditUser.spec.js:24:5 should create user and edit them" type="FAILURE">
<![CDATA[  [browserstack-chrome-windows] › TS004_viewEditUser.spec.js:24:5 › view Edit User › should create user and edit them 

    Error: browserType.connect: Target page, context or browser has been closed

    Retry #1 ───────────────────────────────────────────────────────────────────────────────────────

    Error: browserType.connect: Target page, context or browser has been closed

    attachment #1: trace (application/zip) ─────────────────────────────────────────────────────────
    ..\test-results\TS004_viewEditUser-view-Ed-a7419-d-create-user-and-edit-them-browserstack-chrome-windows-retry1\trace.zip
    Usage:

        npx playwright show-trace ..\test-results\TS004_viewEditUser-view-Ed-a7419-d-create-user-and-edit-them-browserstack-chrome-windows-retry1\trace.zip

    ────────────────────────────────────────────────────────────────────────────────────────────────

    Retry #2 ───────────────────────────────────────────────────────────────────────────────────────

    Error: browserType.connect: Target page, context or browser has been closed
]]>
</failure>
<system-out>
<![CDATA[
[[ATTACHMENT|test-results\TS004_viewEditUser-view-Ed-a7419-d-create-user-and-edit-them-browserstack-chrome-windows-retry1\trace.zip]]
]]>
</system-out>
</testcase>
</testsuite>
<testsuite name="TS005_subgroup.spec.js" timestamp="2025-09-08T10:17:51.980Z" hostname="browserstack-chrome-windows" tests="1" failures="1" skipped="0" time="0.01" errors="0">
<testcase name="Subgroup › should manage subgroups" classname="TS005_subgroup.spec.js" time="0.01">
<failure message="TS005_subgroup.spec.js:24:5 should manage subgroups" type="FAILURE">
<![CDATA[  [browserstack-chrome-windows] › TS005_subgroup.spec.js:24:5 › Subgroup › should manage subgroups ─

    Error: browserType.connect: Target page, context or browser has been closed

    Retry #1 ───────────────────────────────────────────────────────────────────────────────────────

    Error: browserType.connect: Target page, context or browser has been closed

    attachment #1: trace (application/zip) ─────────────────────────────────────────────────────────
    ..\test-results\TS005_subgroup-Subgroup-should-manage-subgroups-browserstack-chrome-windows-retry1\trace.zip
    Usage:

        npx playwright show-trace ..\test-results\TS005_subgroup-Subgroup-should-manage-subgroups-browserstack-chrome-windows-retry1\trace.zip

    ────────────────────────────────────────────────────────────────────────────────────────────────

    Retry #2 ───────────────────────────────────────────────────────────────────────────────────────

    Error: browserType.connect: Target page, context or browser has been closed
]]>
</failure>
<system-out>
<![CDATA[
[[ATTACHMENT|test-results\TS005_subgroup-Subgroup-should-manage-subgroups-browserstack-chrome-windows-retry1\trace.zip]]
]]>
</system-out>
</testcase>
</testsuite>
<testsuite name="TS006_trackInfoDisplayOptions.spec.js" timestamp="2025-09-08T10:17:51.980Z" hostname="browserstack-chrome-windows" tests="1" failures="1" skipped="0" time="0.011" errors="0">
<testcase name="Track Info Display Options › should change the infobox size" classname="TS006_trackInfoDisplayOptions.spec.js" time="0.011">
<failure message="TS006_trackInfoDisplayOptions.spec.js:24:5 should change the infobox size" type="FAILURE">
<![CDATA[  [browserstack-chrome-windows] › TS006_trackInfoDisplayOptions.spec.js:24:5 › Track Info Display Options › should change the infobox size 

    Error: browserType.connect: Target page, context or browser has been closed

    Retry #1 ───────────────────────────────────────────────────────────────────────────────────────

    Error: browserType.connect: Target page, context or browser has been closed

    attachment #1: trace (application/zip) ─────────────────────────────────────────────────────────
    ..\test-results\TS006_trackInfoDisplayOpti-94cc9-uld-change-the-infobox-size-browserstack-chrome-windows-retry1\trace.zip
    Usage:

        npx playwright show-trace ..\test-results\TS006_trackInfoDisplayOpti-94cc9-uld-change-the-infobox-size-browserstack-chrome-windows-retry1\trace.zip

    ────────────────────────────────────────────────────────────────────────────────────────────────

    Retry #2 ───────────────────────────────────────────────────────────────────────────────────────

    Error: browserType.connect: Target page, context or browser has been closed
]]>
</failure>
<system-out>
<![CDATA[
[[ATTACHMENT|test-results\TS006_trackInfoDisplayOpti-94cc9-uld-change-the-infobox-size-browserstack-chrome-windows-retry1\trace.zip]]
]]>
</system-out>
</testcase>
</testsuite>
<testsuite name="TS007_pulsingIcon.spec.js" timestamp="2025-09-08T10:17:51.980Z" hostname="browserstack-chrome-windows" tests="1" failures="1" skipped="0" time="0.018" errors="0">
<testcase name="Pulsing Icon › should change the size of pulse effect" classname="TS007_pulsingIcon.spec.js" time="0.018">
<failure message="TS007_pulsingIcon.spec.js:23:5 should change the size of pulse effect" type="FAILURE">
<![CDATA[  [browserstack-chrome-windows] › TS007_pulsingIcon.spec.js:23:5 › Pulsing Icon › should change the size of pulse effect 

    Error: browserType.connect: Target page, context or browser has been closed

    Retry #1 ───────────────────────────────────────────────────────────────────────────────────────

    Error: browserType.connect: Target page, context or browser has been closed

    attachment #1: trace (application/zip) ─────────────────────────────────────────────────────────
    ..\test-results\TS007_pulsingIcon-Pulsing--2df0d-ge-the-size-of-pulse-effect-browserstack-chrome-windows-retry1\trace.zip
    Usage:

        npx playwright show-trace ..\test-results\TS007_pulsingIcon-Pulsing--2df0d-ge-the-size-of-pulse-effect-browserstack-chrome-windows-retry1\trace.zip

    ────────────────────────────────────────────────────────────────────────────────────────────────

    Retry #2 ───────────────────────────────────────────────────────────────────────────────────────

    Error: browserType.connect: Target page, context or browser has been closed
]]>
</failure>
<system-out>
<![CDATA[
[[ATTACHMENT|test-results\TS007_pulsingIcon-Pulsing--2df0d-ge-the-size-of-pulse-effect-browserstack-chrome-windows-retry1\trace.zip]]
]]>
</system-out>
</testcase>
</testsuite>
<testsuite name="TS008_alertsContact.spec.js" timestamp="2025-09-08T10:17:51.980Z" hostname="browserstack-chrome-windows" tests="1" failures="1" skipped="0" time="0.013" errors="0">
<testcase name="Alert Contact › should add email and phone contacts and configure alert settings" classname="TS008_alertsContact.spec.js" time="0.013">
<failure message="TS008_alertsContact.spec.js:23:3 should add email and phone contacts and configure alert settings" type="FAILURE">
<![CDATA[  [browserstack-chrome-windows] › TS008_alertsContact.spec.js:23:3 › Alert Contact › should add email and phone contacts and configure alert settings 

    Error: browserType.connect: Target page, context or browser has been closed

    Retry #1 ───────────────────────────────────────────────────────────────────────────────────────

    Error: browserType.connect: Target page, context or browser has been closed

    attachment #1: trace (application/zip) ─────────────────────────────────────────────────────────
    ..\test-results\TS008_alertsContact-Alert--dde29-nd-configure-alert-settings-browserstack-chrome-windows-retry1\trace.zip
    Usage:

        npx playwright show-trace ..\test-results\TS008_alertsContact-Alert--dde29-nd-configure-alert-settings-browserstack-chrome-windows-retry1\trace.zip

    ────────────────────────────────────────────────────────────────────────────────────────────────

    Retry #2 ───────────────────────────────────────────────────────────────────────────────────────

    Error: browserType.connect: Target page, context or browser has been closed
]]>
</failure>
<system-out>
<![CDATA[
[[ATTACHMENT|test-results\TS008_alertsContact-Alert--dde29-nd-configure-alert-settings-browserstack-chrome-windows-retry1\trace.zip]]
]]>
</system-out>
</testcase>
</testsuite>
<testsuite name="TS009_changeAlertSettings.spec.js" timestamp="2025-09-08T10:17:51.980Z" hostname="browserstack-chrome-windows" tests="1" failures="1" skipped="0" time="0.012" errors="0">
<testcase name="Change Alert Settings › should manage alerts" classname="TS009_changeAlertSettings.spec.js" time="0.012">
<failure message="TS009_changeAlertSettings.spec.js:23:3 should manage alerts" type="FAILURE">
<![CDATA[  [browserstack-chrome-windows] › TS009_changeAlertSettings.spec.js:23:3 › Change Alert Settings › should manage alerts 

    Error: browserType.connect: Target page, context or browser has been closed

    Retry #1 ───────────────────────────────────────────────────────────────────────────────────────

    Error: browserType.connect: Target page, context or browser has been closed

    attachment #1: trace (application/zip) ─────────────────────────────────────────────────────────
    ..\test-results\TS009_changeAlertSettings--950bb-ttings-should-manage-alerts-browserstack-chrome-windows-retry1\trace.zip
    Usage:

        npx playwright show-trace ..\test-results\TS009_changeAlertSettings--950bb-ttings-should-manage-alerts-browserstack-chrome-windows-retry1\trace.zip

    ────────────────────────────────────────────────────────────────────────────────────────────────

    Retry #2 ───────────────────────────────────────────────────────────────────────────────────────

    Error: browserType.connect: Target page, context or browser has been closed
]]>
</failure>
<system-out>
<![CDATA[
[[ATTACHMENT|test-results\TS009_changeAlertSettings--950bb-ttings-should-manage-alerts-browserstack-chrome-windows-retry1\trace.zip]]
]]>
</system-out>
</testcase>
</testsuite>
<testsuite name="TS010_scheduledReports.spec.js" timestamp="2025-09-08T10:17:51.980Z" hostname="browserstack-chrome-windows" tests="1" failures="1" skipped="0" time="0.014" errors="0">
<testcase name="Scheduled Reports › should view the scheduled report and manage info" classname="TS010_scheduledReports.spec.js" time="0.014">
<failure message="TS010_scheduledReports.spec.js:23:3 should view the scheduled report and manage info" type="FAILURE">
<![CDATA[  [browserstack-chrome-windows] › TS010_scheduledReports.spec.js:23:3 › Scheduled Reports › should view the scheduled report and manage info 

    Error: browserType.connect: Target page, context or browser has been closed

    Retry #1 ───────────────────────────────────────────────────────────────────────────────────────

    Error: browserType.connect: Target page, context or browser has been closed

    attachment #1: trace (application/zip) ─────────────────────────────────────────────────────────
    ..\test-results\TS010_scheduledReports-Sch-b8172-uled-report-and-manage-info-browserstack-chrome-windows-retry1\trace.zip
    Usage:

        npx playwright show-trace ..\test-results\TS010_scheduledReports-Sch-b8172-uled-report-and-manage-info-browserstack-chrome-windows-retry1\trace.zip

    ────────────────────────────────────────────────────────────────────────────────────────────────

    Retry #2 ───────────────────────────────────────────────────────────────────────────────────────

    Error: browserType.connect: Target page, context or browser has been closed
]]>
</failure>
<system-out>
<![CDATA[
[[ATTACHMENT|test-results\TS010_scheduledReports-Sch-b8172-uled-report-and-manage-info-browserstack-chrome-windows-retry1\trace.zip]]
]]>
</system-out>
</testcase>
</testsuite>
<testsuite name="TS011_addEditMaintenanceContact.spec.js" timestamp="2025-09-08T10:17:51.980Z" hostname="browserstack-chrome-windows" tests="1" failures="1" skipped="0" time="0.011" errors="0">
<testcase name="Add Edit Maintenance Contact › should add the contact details" classname="TS011_addEditMaintenanceContact.spec.js" time="0.011">
<failure message="TS011_addEditMaintenanceContact.spec.js:23:3 should add the contact details" type="FAILURE">
<![CDATA[  [browserstack-chrome-windows] › TS011_addEditMaintenanceContact.spec.js:23:3 › Add Edit Maintenance Contact › should add the contact details 

    Error: browserType.connect: Target page, context or browser has been closed

    Retry #1 ───────────────────────────────────────────────────────────────────────────────────────

    Error: browserType.connect: Target page, context or browser has been closed

    attachment #1: trace (application/zip) ─────────────────────────────────────────────────────────
    ..\test-results\TS011_addEditMaintenanceCo-5d462-uld-add-the-contact-details-browserstack-chrome-windows-retry1\trace.zip
    Usage:

        npx playwright show-trace ..\test-results\TS011_addEditMaintenanceCo-5d462-uld-add-the-contact-details-browserstack-chrome-windows-retry1\trace.zip

    ────────────────────────────────────────────────────────────────────────────────────────────────

    Retry #2 ───────────────────────────────────────────────────────────────────────────────────────

    Error: browserType.connect: Target page, context or browser has been closed
]]>
</failure>
<system-out>
<![CDATA[
[[ATTACHMENT|test-results\TS011_addEditMaintenanceCo-5d462-uld-add-the-contact-details-browserstack-chrome-windows-retry1\trace.zip]]
]]>
</system-out>
</testcase>
</testsuite>
<testsuite name="TS012_maintainanceReport.spec.js" timestamp="2025-09-08T10:17:51.980Z" hostname="browserstack-chrome-windows" tests="1" failures="1" skipped="0" time="0.016" errors="0">
<testcase name="Maintainance Report › should view the vehicle maintenance report" classname="TS012_maintainanceReport.spec.js" time="0.016">
<failure message="TS012_maintainanceReport.spec.js:23:3 should view the vehicle maintenance report" type="FAILURE">
<![CDATA[  [browserstack-chrome-windows] › TS012_maintainanceReport.spec.js:23:3 › Maintainance Report › should view the vehicle maintenance report 

    Error: browserType.connect: Target page, context or browser has been closed

    Retry #1 ───────────────────────────────────────────────────────────────────────────────────────

    Error: browserType.connect: Target page, context or browser has been closed

    attachment #1: trace (application/zip) ─────────────────────────────────────────────────────────
    ..\test-results\TS012_maintainanceReport-M-d232c--vehicle-maintenance-report-browserstack-chrome-windows-retry1\trace.zip
    Usage:

        npx playwright show-trace ..\test-results\TS012_maintainanceReport-M-d232c--vehicle-maintenance-report-browserstack-chrome-windows-retry1\trace.zip

    ────────────────────────────────────────────────────────────────────────────────────────────────

    Retry #2 ───────────────────────────────────────────────────────────────────────────────────────

    Error: browserType.connect: Target page, context or browser has been closed
]]>
</failure>
<system-out>
<![CDATA[
[[ATTACHMENT|test-results\TS012_maintainanceReport-M-d232c--vehicle-maintenance-report-browserstack-chrome-windows-retry1\trace.zip]]
]]>
</system-out>
</testcase>
</testsuite>
<testsuite name="TS013_viewVehicleService.spec.js" timestamp="2025-09-08T10:17:51.980Z" hostname="browserstack-chrome-windows" tests="1" failures="1" skipped="0" time="0.011" errors="0">
<testcase name="View Vehicle Service › should add new services" classname="TS013_viewVehicleService.spec.js" time="0.011">
<failure message="TS013_viewVehicleService.spec.js:23:3 should add new services" type="FAILURE">
<![CDATA[  [browserstack-chrome-windows] › TS013_viewVehicleService.spec.js:23:3 › View Vehicle Service › should add new services 

    Error: browserType.connect: Target page, context or browser has been closed

    Retry #1 ───────────────────────────────────────────────────────────────────────────────────────

    Error: browserType.connect: Target page, context or browser has been closed

    attachment #1: trace (application/zip) ─────────────────────────────────────────────────────────
    ..\test-results\TS013_viewVehicleService-V-f3efb-ice-should-add-new-services-browserstack-chrome-windows-retry1\trace.zip
    Usage:

        npx playwright show-trace ..\test-results\TS013_viewVehicleService-V-f3efb-ice-should-add-new-services-browserstack-chrome-windows-retry1\trace.zip

    ────────────────────────────────────────────────────────────────────────────────────────────────

    Retry #2 ───────────────────────────────────────────────────────────────────────────────────────

    Error: browserType.connect: Target page, context or browser has been closed
]]>
</failure>
<system-out>
<![CDATA[
[[ATTACHMENT|test-results\TS013_viewVehicleService-V-f3efb-ice-should-add-new-services-browserstack-chrome-windows-retry1\trace.zip]]
]]>
</system-out>
</testcase>
</testsuite>
<testsuite name="TS014_weeklyAfterHoursSummary.spec.js" timestamp="2025-09-08T10:17:51.980Z" hostname="browserstack-chrome-windows" tests="1" failures="1" skipped="0" time="0.016" errors="0">
<testcase name="Weekly After Hours Summary › should view the after hour alerts on weekly basis" classname="TS014_weeklyAfterHoursSummary.spec.js" time="0.016">
<failure message="TS014_weeklyAfterHoursSummary.spec.js:23:3 should view the after hour alerts on weekly basis" type="FAILURE">
<![CDATA[  [browserstack-chrome-windows] › TS014_weeklyAfterHoursSummary.spec.js:23:3 › Weekly After Hours Summary › should view the after hour alerts on weekly basis 

    Error: browserType.connect: Target page, context or browser has been closed

    Retry #1 ───────────────────────────────────────────────────────────────────────────────────────

    Error: browserType.connect: Target page, context or browser has been closed

    attachment #1: trace (application/zip) ─────────────────────────────────────────────────────────
    ..\test-results\TS014_weeklyAfterHoursSumm-fdce8-hour-alerts-on-weekly-basis-browserstack-chrome-windows-retry1\trace.zip
    Usage:

        npx playwright show-trace ..\test-results\TS014_weeklyAfterHoursSumm-fdce8-hour-alerts-on-weekly-basis-browserstack-chrome-windows-retry1\trace.zip

    ────────────────────────────────────────────────────────────────────────────────────────────────

    Retry #2 ───────────────────────────────────────────────────────────────────────────────────────

    Error: browserType.connect: Target page, context or browser has been closed
]]>
</failure>
<system-out>
<![CDATA[
[[ATTACHMENT|test-results\TS014_weeklyAfterHoursSumm-fdce8-hour-alerts-on-weekly-basis-browserstack-chrome-windows-retry1\trace.zip]]
]]>
</system-out>
</testcase>
</testsuite>
<testsuite name="TS015_afterHourSummary.spec.js" timestamp="2025-09-08T10:17:51.980Z" hostname="browserstack-chrome-windows" tests="1" failures="1" skipped="0" time="0.013" errors="0">
<testcase name="After Hour Summary › should redirect to fleet demo page with demo credentials" classname="TS015_afterHourSummary.spec.js" time="0.013">
<failure message="TS015_afterHourSummary.spec.js:23:3 should redirect to fleet demo page with demo credentials" type="FAILURE">
<![CDATA[  [browserstack-chrome-windows] › TS015_afterHourSummary.spec.js:23:3 › After Hour Summary › should redirect to fleet demo page with demo credentials 

    Error: browserType.connect: Target page, context or browser has been closed

    Retry #1 ───────────────────────────────────────────────────────────────────────────────────────

    Error: browserType.connect: Target page, context or browser has been closed

    attachment #1: trace (application/zip) ─────────────────────────────────────────────────────────
    ..\test-results\TS015_afterHourSummary-Aft-66a96--page-with-demo-credentials-browserstack-chrome-windows-retry1\trace.zip
    Usage:

        npx playwright show-trace ..\test-results\TS015_afterHourSummary-Aft-66a96--page-with-demo-credentials-browserstack-chrome-windows-retry1\trace.zip

    ────────────────────────────────────────────────────────────────────────────────────────────────

    Retry #2 ───────────────────────────────────────────────────────────────────────────────────────

    Error: browserType.connect: Target page, context or browser has been closed
]]>
</failure>
<system-out>
<![CDATA[
[[ATTACHMENT|test-results\TS015_afterHourSummary-Aft-66a96--page-with-demo-credentials-browserstack-chrome-windows-retry1\trace.zip]]
]]>
</system-out>
</testcase>
</testsuite>
<testsuite name="TS016_afterHoursInsight.spec.js" timestamp="2025-09-08T10:17:51.980Z" hostname="browserstack-chrome-windows" tests="1" failures="1" skipped="0" time="0.013" errors="0">
<testcase name="After Hour Insight › should redirect to After Hour Insight" classname="TS016_afterHoursInsight.spec.js" time="0.013">
<failure message="TS016_afterHoursInsight.spec.js:23:5 should redirect to After Hour Insight" type="FAILURE">
<![CDATA[  [browserstack-chrome-windows] › TS016_afterHoursInsight.spec.js:23:5 › After Hour Insight › should redirect to After Hour Insight 

    Error: browserType.connect: Target page, context or browser has been closed

    Retry #1 ───────────────────────────────────────────────────────────────────────────────────────

    Error: browserType.connect: Target page, context or browser has been closed

    attachment #1: trace (application/zip) ─────────────────────────────────────────────────────────
    ..\test-results\TS016_afterHoursInsight-Af-57180-irect-to-After-Hour-Insight-browserstack-chrome-windows-retry1\trace.zip
    Usage:

        npx playwright show-trace ..\test-results\TS016_afterHoursInsight-Af-57180-irect-to-After-Hour-Insight-browserstack-chrome-windows-retry1\trace.zip

    ────────────────────────────────────────────────────────────────────────────────────────────────

    Retry #2 ───────────────────────────────────────────────────────────────────────────────────────

    Error: browserType.connect: Target page, context or browser has been closed
]]>
</failure>
<system-out>
<![CDATA[
[[ATTACHMENT|test-results\TS016_afterHoursInsight-Af-57180-irect-to-After-Hour-Insight-browserstack-chrome-windows-retry1\trace.zip]]
]]>
</system-out>
</testcase>
</testsuite>
<testsuite name="TS017_afterHoursSettings.spec.js" timestamp="2025-09-08T10:17:51.980Z" hostname="browserstack-chrome-windows" tests="1" failures="1" skipped="0" time="0.011" errors="0">
<testcase name="After Hour Setting › should edit the after hour settings of a device" classname="TS017_afterHoursSettings.spec.js" time="0.011">
<failure message="TS017_afterHoursSettings.spec.js:23:5 should edit the after hour settings of a device" type="FAILURE">
<![CDATA[  [browserstack-chrome-windows] › TS017_afterHoursSettings.spec.js:23:5 › After Hour Setting › should edit the after hour settings of a device 

    Error: browserType.connect: Target page, context or browser has been closed

    Retry #1 ───────────────────────────────────────────────────────────────────────────────────────

    Error: browserType.connect: Target page, context or browser has been closed

    attachment #1: trace (application/zip) ─────────────────────────────────────────────────────────
    ..\test-results\TS017_afterHoursSettings-A-52fc2-r-hour-settings-of-a-device-browserstack-chrome-windows-retry1\trace.zip
    Usage:

        npx playwright show-trace ..\test-results\TS017_afterHoursSettings-A-52fc2-r-hour-settings-of-a-device-browserstack-chrome-windows-retry1\trace.zip

    ────────────────────────────────────────────────────────────────────────────────────────────────

    Retry #2 ───────────────────────────────────────────────────────────────────────────────────────

    Error: browserType.connect: Target page, context or browser has been closed
]]>
</failure>
<system-out>
<![CDATA[
[[ATTACHMENT|test-results\TS017_afterHoursSettings-A-52fc2-r-hour-settings-of-a-device-browserstack-chrome-windows-retry1\trace.zip]]
]]>
</system-out>
</testcase>
</testsuite>
<testsuite name="TS018_createGeofencing.spec.js" timestamp="2025-09-08T10:17:51.980Z" hostname="browserstack-chrome-windows" tests="1" failures="1" skipped="0" time="0.012" errors="0">
<testcase name="Create Geofencing › should be able to create new Geofence" classname="TS018_createGeofencing.spec.js" time="0.012">
<failure message="TS018_createGeofencing.spec.js:23:5 should be able to create new Geofence" type="FAILURE">
<![CDATA[  [browserstack-chrome-windows] › TS018_createGeofencing.spec.js:23:5 › Create Geofencing › should be able to create new Geofence 

    Error: browserType.connect: Target page, context or browser has been closed

    Retry #1 ───────────────────────────────────────────────────────────────────────────────────────

    Error: browserType.connect: Target page, context or browser has been closed

    attachment #1: trace (application/zip) ─────────────────────────────────────────────────────────
    ..\test-results\TS018_createGeofencing-Cre-a5300-able-to-create-new-Geofence-browserstack-chrome-windows-retry1\trace.zip
    Usage:

        npx playwright show-trace ..\test-results\TS018_createGeofencing-Cre-a5300-able-to-create-new-Geofence-browserstack-chrome-windows-retry1\trace.zip

    ────────────────────────────────────────────────────────────────────────────────────────────────

    Retry #2 ───────────────────────────────────────────────────────────────────────────────────────

    Error: browserType.connect: Target page, context or browser has been closed
]]>
</failure>
<system-out>
<![CDATA[
[[ATTACHMENT|test-results\TS018_createGeofencing-Cre-a5300-able-to-create-new-Geofence-browserstack-chrome-windows-retry1\trace.zip]]
]]>
</system-out>
</testcase>
</testsuite>
<testsuite name="TS019_viewDeleteGeofence.spec.js" timestamp="2025-09-08T10:17:51.980Z" hostname="browserstack-chrome-windows" tests="1" failures="1" skipped="0" time="0.011" errors="0">
<testcase name="view delete geofence › should be able to edit/delete geofence" classname="TS019_viewDeleteGeofence.spec.js" time="0.011">
<failure message="TS019_viewDeleteGeofence.spec.js:23:5 should be able to edit/delete geofence" type="FAILURE">
<![CDATA[  [browserstack-chrome-windows] › TS019_viewDeleteGeofence.spec.js:23:5 › view delete geofence › should be able to edit/delete geofence 

    Error: browserType.connect: Target page, context or browser has been closed

    Retry #1 ───────────────────────────────────────────────────────────────────────────────────────

    Error: browserType.connect: Target page, context or browser has been closed

    attachment #1: trace (application/zip) ─────────────────────────────────────────────────────────
    ..\test-results\TS019_viewDeleteGeofence-v-f8eaf-ble-to-edit-delete-geofence-browserstack-chrome-windows-retry1\trace.zip
    Usage:

        npx playwright show-trace ..\test-results\TS019_viewDeleteGeofence-v-f8eaf-ble-to-edit-delete-geofence-browserstack-chrome-windows-retry1\trace.zip

    ────────────────────────────────────────────────────────────────────────────────────────────────

    Retry #2 ───────────────────────────────────────────────────────────────────────────────────────

    Error: browserType.connect: Target page, context or browser has been closed
]]>
</failure>
<system-out>
<![CDATA[
[[ATTACHMENT|test-results\TS019_viewDeleteGeofence-v-f8eaf-ble-to-edit-delete-geofence-browserstack-chrome-windows-retry1\trace.zip]]
]]>
</system-out>
</testcase>
</testsuite>
<testsuite name="TS020_weeklyGeofenceReport.spec.js" timestamp="2025-09-08T10:17:51.980Z" hostname="browserstack-chrome-windows" tests="1" failures="1" skipped="0" time="0.013" errors="0">
<testcase name="Weekly Geofencing reports › should manage recent geofence report" classname="TS020_weeklyGeofenceReport.spec.js" time="0.013">
<failure message="TS020_weeklyGeofenceReport.spec.js:24:5 should manage recent geofence report" type="FAILURE">
<![CDATA[  [browserstack-chrome-windows] › TS020_weeklyGeofenceReport.spec.js:24:5 › Weekly Geofencing reports › should manage recent geofence report 

    Error: browserType.connect: Target page, context or browser has been closed

    Retry #1 ───────────────────────────────────────────────────────────────────────────────────────

    Error: browserType.connect: Target page, context or browser has been closed

    attachment #1: trace (application/zip) ─────────────────────────────────────────────────────────
    ..\test-results\TS020_weeklyGeofenceReport-ef879-nage-recent-geofence-report-browserstack-chrome-windows-retry1\trace.zip
    Usage:

        npx playwright show-trace ..\test-results\TS020_weeklyGeofenceReport-ef879-nage-recent-geofence-report-browserstack-chrome-windows-retry1\trace.zip

    ────────────────────────────────────────────────────────────────────────────────────────────────

    Retry #2 ───────────────────────────────────────────────────────────────────────────────────────

    Error: browserType.connect: Target page, context or browser has been closed
]]>
</failure>
<system-out>
<![CDATA[
[[ATTACHMENT|test-results\TS020_weeklyGeofenceReport-ef879-nage-recent-geofence-report-browserstack-chrome-windows-retry1\trace.zip]]
]]>
</system-out>
</testcase>
</testsuite>
<testsuite name="TS021_currentGeofenceReport.spec.js" timestamp="2025-09-08T10:17:51.980Z" hostname="browserstack-chrome-windows" tests="1" failures="1" skipped="0" time="0.011" errors="0">
<testcase name="Current geofence report › should manage recent geofence report" classname="TS021_currentGeofenceReport.spec.js" time="0.011">
<failure message="TS021_currentGeofenceReport.spec.js:23:5 should manage recent geofence report" type="FAILURE">
<![CDATA[  [browserstack-chrome-windows] › TS021_currentGeofenceReport.spec.js:23:5 › Current geofence report › should manage recent geofence report 

    Error: browserType.connect: Target page, context or browser has been closed

    Retry #1 ───────────────────────────────────────────────────────────────────────────────────────

    Error: browserType.connect: Target page, context or browser has been closed

    attachment #1: trace (application/zip) ─────────────────────────────────────────────────────────
    ..\test-results\TS021_currentGeofenceRepor-21c64-nage-recent-geofence-report-browserstack-chrome-windows-retry1\trace.zip
    Usage:

        npx playwright show-trace ..\test-results\TS021_currentGeofenceRepor-21c64-nage-recent-geofence-report-browserstack-chrome-windows-retry1\trace.zip

    ────────────────────────────────────────────────────────────────────────────────────────────────

    Retry #2 ───────────────────────────────────────────────────────────────────────────────────────

    Error: browserType.connect: Target page, context or browser has been closed
]]>
</failure>
<system-out>
<![CDATA[
[[ATTACHMENT|test-results\TS021_currentGeofenceRepor-21c64-nage-recent-geofence-report-browserstack-chrome-windows-retry1\trace.zip]]
]]>
</system-out>
</testcase>
</testsuite>
<testsuite name="TS022_recentGeofenceReport.spec.js" timestamp="2025-09-08T10:17:51.980Z" hostname="browserstack-chrome-windows" tests="1" failures="1" skipped="0" time="0.013" errors="0">
<testcase name="Recent geofence report › should manage recent geofence report" classname="TS022_recentGeofenceReport.spec.js" time="0.013">
<failure message="TS022_recentGeofenceReport.spec.js:23:5 should manage recent geofence report" type="FAILURE">
<![CDATA[  [browserstack-chrome-windows] › TS022_recentGeofenceReport.spec.js:23:5 › Recent geofence report › should manage recent geofence report 

    Error: browserType.connect: Target page, context or browser has been closed

    Retry #1 ───────────────────────────────────────────────────────────────────────────────────────

    Error: browserType.connect: Target page, context or browser has been closed

    attachment #1: trace (application/zip) ─────────────────────────────────────────────────────────
    ..\test-results\TS022_recentGeofenceReport-2bb8d-nage-recent-geofence-report-browserstack-chrome-windows-retry1\trace.zip
    Usage:

        npx playwright show-trace ..\test-results\TS022_recentGeofenceReport-2bb8d-nage-recent-geofence-report-browserstack-chrome-windows-retry1\trace.zip

    ────────────────────────────────────────────────────────────────────────────────────────────────

    Retry #2 ───────────────────────────────────────────────────────────────────────────────────────

    Error: browserType.connect: Target page, context or browser has been closed
]]>
</failure>
<system-out>
<![CDATA[
[[ATTACHMENT|test-results\TS022_recentGeofenceReport-2bb8d-nage-recent-geofence-report-browserstack-chrome-windows-retry1\trace.zip]]
]]>
</system-out>
</testcase>
</testsuite>
<testsuite name="TS023_changePassword.spec.js" timestamp="2025-09-08T10:17:51.980Z" hostname="browserstack-chrome-windows" tests="1" failures="1" skipped="0" time="0.015" errors="0">
<testcase name="Change Password Test › should change password and login with new password" classname="TS023_changePassword.spec.js" time="0.015">
<failure message="TS023_changePassword.spec.js:23:5 should change password and login with new password" type="FAILURE">
<![CDATA[  [browserstack-chrome-windows] › TS023_changePassword.spec.js:23:5 › Change Password Test › should change password and login with new password 

    Error: browserType.connect: Target page, context or browser has been closed

    Retry #1 ───────────────────────────────────────────────────────────────────────────────────────

    Error: browserType.connect: Target page, context or browser has been closed

    attachment #1: trace (application/zip) ─────────────────────────────────────────────────────────
    ..\test-results\TS023_changePassword-Chang-3f056-and-login-with-new-password-browserstack-chrome-windows-retry1\trace.zip
    Usage:

        npx playwright show-trace ..\test-results\TS023_changePassword-Chang-3f056-and-login-with-new-password-browserstack-chrome-windows-retry1\trace.zip

    ────────────────────────────────────────────────────────────────────────────────────────────────

    Retry #2 ───────────────────────────────────────────────────────────────────────────────────────

    Error: browserType.connect: Target page, context or browser has been closed
]]>
</failure>
<system-out>
<![CDATA[
[[ATTACHMENT|test-results\TS023_changePassword-Chang-3f056-and-login-with-new-password-browserstack-chrome-windows-retry1\trace.zip]]
]]>
</system-out>
</testcase>
</testsuite>
<testsuite name="TS024_createLandmark.spec.js" timestamp="2025-09-08T10:17:51.980Z" hostname="browserstack-chrome-windows" tests="1" failures="1" skipped="0" time="0.013" errors="0">
<testcase name="Geofencing Tests › should redirect to fleet demo page with demo credentials" classname="TS024_createLandmark.spec.js" time="0.013">
<failure message="TS024_createLandmark.spec.js:23:5 should redirect to fleet demo page with demo credentials" type="FAILURE">
<![CDATA[  [browserstack-chrome-windows] › TS024_createLandmark.spec.js:23:5 › Geofencing Tests › should redirect to fleet demo page with demo credentials 

    Error: browserType.connect: Target page, context or browser has been closed

    Retry #1 ───────────────────────────────────────────────────────────────────────────────────────

    Error: browserType.connect: Target page, context or browser has been closed

    attachment #1: trace (application/zip) ─────────────────────────────────────────────────────────
    ..\test-results\TS024_createLandmark-Geofe-b3f86--page-with-demo-credentials-browserstack-chrome-windows-retry1\trace.zip
    Usage:

        npx playwright show-trace ..\test-results\TS024_createLandmark-Geofe-b3f86--page-with-demo-credentials-browserstack-chrome-windows-retry1\trace.zip

    ────────────────────────────────────────────────────────────────────────────────────────────────

    Retry #2 ───────────────────────────────────────────────────────────────────────────────────────

    Error: browserType.connect: Target page, context or browser has been closed
]]>
</failure>
<system-out>
<![CDATA[
[[ATTACHMENT|test-results\TS024_createLandmark-Geofe-b3f86--page-with-demo-credentials-browserstack-chrome-windows-retry1\trace.zip]]
]]>
</system-out>
</testcase>
</testsuite>
<testsuite name="TS025_landmarkReport.spec.js" timestamp="2025-09-08T10:17:51.980Z" hostname="browserstack-chrome-windows" tests="1" failures="1" skipped="0" time="0.011" errors="0">
<testcase name="Geofencing Tests › should redirect to fleet demo page with demo credentials" classname="TS025_landmarkReport.spec.js" time="0.011">
<failure message="TS025_landmarkReport.spec.js:23:5 should redirect to fleet demo page with demo credentials" type="FAILURE">
<![CDATA[  [browserstack-chrome-windows] › TS025_landmarkReport.spec.js:23:5 › Geofencing Tests › should redirect to fleet demo page with demo credentials 

    Error: browserType.connect: Target page, context or browser has been closed

    Retry #1 ───────────────────────────────────────────────────────────────────────────────────────

    Error: browserType.connect: Target page, context or browser has been closed

    attachment #1: trace (application/zip) ─────────────────────────────────────────────────────────
    ..\test-results\TS025_landmarkReport-Geofe-88fca--page-with-demo-credentials-browserstack-chrome-windows-retry1\trace.zip
    Usage:

        npx playwright show-trace ..\test-results\TS025_landmarkReport-Geofe-88fca--page-with-demo-credentials-browserstack-chrome-windows-retry1\trace.zip

    ────────────────────────────────────────────────────────────────────────────────────────────────

    Retry #2 ───────────────────────────────────────────────────────────────────────────────────────

    Error: browserType.connect: Target page, context or browser has been closed
]]>
</failure>
<system-out>
<![CDATA[
[[ATTACHMENT|test-results\TS025_landmarkReport-Geofe-88fca--page-with-demo-credentials-browserstack-chrome-windows-retry1\trace.zip]]
]]>
</system-out>
</testcase>
</testsuite>
<testsuite name="TS026_viewEditLandmark.spec.js" timestamp="2025-09-08T10:17:51.980Z" hostname="browserstack-chrome-windows" tests="1" failures="1" skipped="0" time="0.01" errors="0">
<testcase name="Geofencing Tests › should redirect to fleet demo page with demo credentials" classname="TS026_viewEditLandmark.spec.js" time="0.01">
<failure message="TS026_viewEditLandmark.spec.js:23:5 should redirect to fleet demo page with demo credentials" type="FAILURE">
<![CDATA[  [browserstack-chrome-windows] › TS026_viewEditLandmark.spec.js:23:5 › Geofencing Tests › should redirect to fleet demo page with demo credentials 

    Error: browserType.connect: Target page, context or browser has been closed

    Retry #1 ───────────────────────────────────────────────────────────────────────────────────────

    Error: browserType.connect: Target page, context or browser has been closed

    attachment #1: trace (application/zip) ─────────────────────────────────────────────────────────
    ..\test-results\TS026_viewEditLandmark-Geo-2adac--page-with-demo-credentials-browserstack-chrome-windows-retry1\trace.zip
    Usage:

        npx playwright show-trace ..\test-results\TS026_viewEditLandmark-Geo-2adac--page-with-demo-credentials-browserstack-chrome-windows-retry1\trace.zip

    ────────────────────────────────────────────────────────────────────────────────────────────────

    Retry #2 ───────────────────────────────────────────────────────────────────────────────────────

    Error: browserType.connect: Target page, context or browser has been closed
]]>
</failure>
<system-out>
<![CDATA[
[[ATTACHMENT|test-results\TS026_viewEditLandmark-Geo-2adac--page-with-demo-credentials-browserstack-chrome-windows-retry1\trace.zip]]
]]>
</system-out>
</testcase>
</testsuite>
<testsuite name="TS027_trackHistory.spec.js" timestamp="2025-09-08T10:17:51.980Z" hostname="browserstack-chrome-windows" tests="1" failures="1" skipped="0" time="0.012" errors="0">
<testcase name="Track History Tests › should verify HERE Maps car marker animation functionality" classname="TS027_trackHistory.spec.js" time="0.012">
<failure message="TS027_trackHistory.spec.js:23:5 should verify HERE Maps car marker animation functionality" type="FAILURE">
<![CDATA[  [browserstack-chrome-windows] › TS027_trackHistory.spec.js:23:5 › Track History Tests › should verify HERE Maps car marker animation functionality 

    Error: browserType.connect: Target page, context or browser has been closed

    Retry #1 ───────────────────────────────────────────────────────────────────────────────────────

    Error: browserType.connect: Target page, context or browser has been closed

    attachment #1: trace (application/zip) ─────────────────────────────────────────────────────────
    ..\test-results\TS027_trackHistory-Track-H-86a50-ker-animation-functionality-browserstack-chrome-windows-retry1\trace.zip
    Usage:

        npx playwright show-trace ..\test-results\TS027_trackHistory-Track-H-86a50-ker-animation-functionality-browserstack-chrome-windows-retry1\trace.zip

    ────────────────────────────────────────────────────────────────────────────────────────────────

    Retry #2 ───────────────────────────────────────────────────────────────────────────────────────

    Error: browserType.connect: Target page, context or browser has been closed
]]>
</failure>
<system-out>
<![CDATA[
[[ATTACHMENT|test-results\TS027_trackHistory-Track-H-86a50-ker-animation-functionality-browserstack-chrome-windows-retry1\trace.zip]]
]]>
</system-out>
</testcase>
</testsuite>
<testsuite name="TS028_travelLogReport.spec.js" timestamp="2025-09-08T10:17:51.980Z" hostname="browserstack-chrome-windows" tests="1" failures="1" skipped="0" time="0.01" errors="0">
<testcase name="Travel Log Report › should display TLR" classname="TS028_travelLogReport.spec.js" time="0.01">
<failure message="TS028_travelLogReport.spec.js:23:5 should display TLR" type="FAILURE">
<![CDATA[  [browserstack-chrome-windows] › TS028_travelLogReport.spec.js:23:5 › Travel Log Report › should display TLR 

    Error: browserType.connect: Target page, context or browser has been closed

    Retry #1 ───────────────────────────────────────────────────────────────────────────────────────

    Error: browserType.connect: Target page, context or browser has been closed

    attachment #1: trace (application/zip) ─────────────────────────────────────────────────────────
    ..\test-results\TS028_travelLogReport-Travel-Log-Report-should-display-TLR-browserstack-chrome-windows-retry1\trace.zip
    Usage:

        npx playwright show-trace ..\test-results\TS028_travelLogReport-Travel-Log-Report-should-display-TLR-browserstack-chrome-windows-retry1\trace.zip

    ────────────────────────────────────────────────────────────────────────────────────────────────

    Retry #2 ───────────────────────────────────────────────────────────────────────────────────────

    Error: browserType.connect: Target page, context or browser has been closed
]]>
</failure>
<system-out>
<![CDATA[
[[ATTACHMENT|test-results\TS028_travelLogReport-Travel-Log-Report-should-display-TLR-browserstack-chrome-windows-retry1\trace.zip]]
]]>
</system-out>
</testcase>
</testsuite>
<testsuite name="TS029_currentLocationReport.spec.js" timestamp="2025-09-08T10:17:51.980Z" hostname="browserstack-chrome-windows" tests="1" failures="1" skipped="0" time="0.01" errors="0">
<testcase name="Current Location Report › should redirect to fleet demo page with demo credentials and test current location report" classname="TS029_currentLocationReport.spec.js" time="0.01">
<failure message="TS029_currentLocationReport.spec.js:23:5 should redirect to fleet demo page with demo credentials and test current location report" type="FAILURE">
<![CDATA[  [browserstack-chrome-windows] › TS029_currentLocationReport.spec.js:23:5 › Current Location Report › should redirect to fleet demo page with demo credentials and test current location report 

    Error: browserType.connect: Target page, context or browser has been closed

    Retry #1 ───────────────────────────────────────────────────────────────────────────────────────

    Error: browserType.connect: Target page, context or browser has been closed

    attachment #1: trace (application/zip) ─────────────────────────────────────────────────────────
    ..\test-results\TS029_currentLocationRepor-73244-est-current-location-report-browserstack-chrome-windows-retry1\trace.zip
    Usage:

        npx playwright show-trace ..\test-results\TS029_currentLocationRepor-73244-est-current-location-report-browserstack-chrome-windows-retry1\trace.zip

    ────────────────────────────────────────────────────────────────────────────────────────────────

    Retry #2 ───────────────────────────────────────────────────────────────────────────────────────

    Error: browserType.connect: Target page, context or browser has been closed
]]>
</failure>
<system-out>
<![CDATA[
[[ATTACHMENT|test-results\TS029_currentLocationRepor-73244-est-current-location-report-browserstack-chrome-windows-retry1\trace.zip]]
]]>
</system-out>
</testcase>
</testsuite>
<testsuite name="TS030_mileageReport.spec.js" timestamp="2025-09-08T10:17:51.980Z" hostname="browserstack-chrome-windows" tests="1" failures="1" skipped="0" time="0.011" errors="0">
<testcase name="Mileage Report › should display start and end mileage of devices" classname="TS030_mileageReport.spec.js" time="0.011">
<failure message="TS030_mileageReport.spec.js:23:5 should display start and end mileage of devices" type="FAILURE">
<![CDATA[  [browserstack-chrome-windows] › TS030_mileageReport.spec.js:23:5 › Mileage Report › should display start and end mileage of devices 

    Error: browserType.connect: Target page, context or browser has been closed

    Retry #1 ───────────────────────────────────────────────────────────────────────────────────────

    Error: browserType.connect: Target page, context or browser has been closed

    attachment #1: trace (application/zip) ─────────────────────────────────────────────────────────
    ..\test-results\TS030_mileageReport-Mileag-dafe3--and-end-mileage-of-devices-browserstack-chrome-windows-retry1\trace.zip
    Usage:

        npx playwright show-trace ..\test-results\TS030_mileageReport-Mileag-dafe3--and-end-mileage-of-devices-browserstack-chrome-windows-retry1\trace.zip

    ────────────────────────────────────────────────────────────────────────────────────────────────

    Retry #2 ───────────────────────────────────────────────────────────────────────────────────────

    Error: browserType.connect: Target page, context or browser has been closed
]]>
</failure>
<system-out>
<![CDATA[
[[ATTACHMENT|test-results\TS030_mileageReport-Mileag-dafe3--and-end-mileage-of-devices-browserstack-chrome-windows-retry1\trace.zip]]
]]>
</system-out>
</testcase>
</testsuite>
<testsuite name="TS031_stateMileageReport.spec.js" timestamp="2025-09-08T10:17:51.980Z" hostname="browserstack-chrome-windows" tests="1" failures="1" skipped="0" time="0.01" errors="0">
<testcase name="State Mileage Report › should be redirected to fleet demo page with demo credentials" classname="TS031_stateMileageReport.spec.js" time="0.01">
<failure message="TS031_stateMileageReport.spec.js:23:5 should be redirected to fleet demo page with demo credentials" type="FAILURE">
<![CDATA[  [browserstack-chrome-windows] › TS031_stateMileageReport.spec.js:23:5 › State Mileage Report › should be redirected to fleet demo page with demo credentials 

    Error: browserType.connect: Target page, context or browser has been closed

    Retry #1 ───────────────────────────────────────────────────────────────────────────────────────

    Error: browserType.connect: Target page, context or browser has been closed

    attachment #1: trace (application/zip) ─────────────────────────────────────────────────────────
    ..\test-results\TS031_stateMileageReport-S-26de1--page-with-demo-credentials-browserstack-chrome-windows-retry1\trace.zip
    Usage:

        npx playwright show-trace ..\test-results\TS031_stateMileageReport-S-26de1--page-with-demo-credentials-browserstack-chrome-windows-retry1\trace.zip

    ────────────────────────────────────────────────────────────────────────────────────────────────

    Retry #2 ───────────────────────────────────────────────────────────────────────────────────────

    Error: browserType.connect: Target page, context or browser has been closed
]]>
</failure>
<system-out>
<![CDATA[
[[ATTACHMENT|test-results\TS031_stateMileageReport-S-26de1--page-with-demo-credentials-browserstack-chrome-windows-retry1\trace.zip]]
]]>
</system-out>
</testcase>
</testsuite>
<testsuite name="TS032_30DayMileageReport.spec.js" timestamp="2025-09-08T10:17:51.980Z" hostname="browserstack-chrome-windows" tests="1" failures="1" skipped="0" time="0.015" errors="0">
<testcase name="30 Day Mileage Report › should be redirected to fleet demo page with demo credentials" classname="TS032_30DayMileageReport.spec.js" time="0.015">
<failure message="TS032_30DayMileageReport.spec.js:23:5 should be redirected to fleet demo page with demo credentials" type="FAILURE">
<![CDATA[  [browserstack-chrome-windows] › TS032_30DayMileageReport.spec.js:23:5 › 30 Day Mileage Report › should be redirected to fleet demo page with demo credentials 

    Error: browserType.connect: Target page, context or browser has been closed

    Retry #1 ───────────────────────────────────────────────────────────────────────────────────────

    Error: browserType.connect: Target page, context or browser has been closed

    attachment #1: trace (application/zip) ─────────────────────────────────────────────────────────
    ..\test-results\TS032_30DayMileageReport-3-41183--page-with-demo-credentials-browserstack-chrome-windows-retry1\trace.zip
    Usage:

        npx playwright show-trace ..\test-results\TS032_30DayMileageReport-3-41183--page-with-demo-credentials-browserstack-chrome-windows-retry1\trace.zip

    ────────────────────────────────────────────────────────────────────────────────────────────────

    Retry #2 ───────────────────────────────────────────────────────────────────────────────────────

    Error: browserType.connect: Target page, context or browser has been closed
]]>
</failure>
<system-out>
<![CDATA[
[[ATTACHMENT|test-results\TS032_30DayMileageReport-3-41183--page-with-demo-credentials-browserstack-chrome-windows-retry1\trace.zip]]
]]>
</system-out>
</testcase>
</testsuite>
<testsuite name="TS033_postedSpeedReport.spec.js" timestamp="2025-09-08T10:17:51.980Z" hostname="browserstack-chrome-windows" tests="1" failures="1" skipped="0" time="0.011" errors="0">
<testcase name="Posted Speed Report › should generate and validate posted speed report" classname="TS033_postedSpeedReport.spec.js" time="0.011">
<failure message="TS033_postedSpeedReport.spec.js:23:5 should generate and validate posted speed report" type="FAILURE">
<![CDATA[  [browserstack-chrome-windows] › TS033_postedSpeedReport.spec.js:23:5 › Posted Speed Report › should generate and validate posted speed report 

    Error: browserType.connect: Target page, context or browser has been closed

    Retry #1 ───────────────────────────────────────────────────────────────────────────────────────

    Error: browserType.connect: Target page, context or browser has been closed

    attachment #1: trace (application/zip) ─────────────────────────────────────────────────────────
    ..\test-results\TS033_postedSpeedReport-Po-2b698-alidate-posted-speed-report-browserstack-chrome-windows-retry1\trace.zip
    Usage:

        npx playwright show-trace ..\test-results\TS033_postedSpeedReport-Po-2b698-alidate-posted-speed-report-browserstack-chrome-windows-retry1\trace.zip

    ────────────────────────────────────────────────────────────────────────────────────────────────

    Retry #2 ───────────────────────────────────────────────────────────────────────────────────────

    Error: browserType.connect: Target page, context or browser has been closed
]]>
</failure>
<system-out>
<![CDATA[
[[ATTACHMENT|test-results\TS033_postedSpeedReport-Po-2b698-alidate-posted-speed-report-browserstack-chrome-windows-retry1\trace.zip]]
]]>
</system-out>
</testcase>
</testsuite>
<testsuite name="TS034_tripReport.spec.js" timestamp="2025-09-08T10:17:51.980Z" hostname="browserstack-chrome-windows" tests="1" failures="1" skipped="0" time="0.009" errors="0">
<testcase name="Trip Report › should generate and validate trip report" classname="TS034_tripReport.spec.js" time="0.009">
<failure message="TS034_tripReport.spec.js:23:5 should generate and validate trip report" type="FAILURE">
<![CDATA[  [browserstack-chrome-windows] › TS034_tripReport.spec.js:23:5 › Trip Report › should generate and validate trip report 

    Error: browserType.connect: Target page, context or browser has been closed

    Retry #1 ───────────────────────────────────────────────────────────────────────────────────────

    Error: browserType.connect: Target page, context or browser has been closed

    attachment #1: trace (application/zip) ─────────────────────────────────────────────────────────
    ..\test-results\TS034_tripReport-Trip-Repo-77235-te-and-validate-trip-report-browserstack-chrome-windows-retry1\trace.zip
    Usage:

        npx playwright show-trace ..\test-results\TS034_tripReport-Trip-Repo-77235-te-and-validate-trip-report-browserstack-chrome-windows-retry1\trace.zip

    ────────────────────────────────────────────────────────────────────────────────────────────────

    Retry #2 ───────────────────────────────────────────────────────────────────────────────────────

    Error: browserType.connect: Target page, context or browser has been closed
]]>
</failure>
<system-out>
<![CDATA[
[[ATTACHMENT|test-results\TS034_tripReport-Trip-Repo-77235-te-and-validate-trip-report-browserstack-chrome-windows-retry1\trace.zip]]
]]>
</system-out>
</testcase>
</testsuite>
<testsuite name="TS035_engineOnReport.spec.js" timestamp="2025-09-08T10:17:51.980Z" hostname="browserstack-chrome-windows" tests="1" failures="1" skipped="0" time="0.01" errors="0">
<testcase name="Engine On Report › should generate and validate engine on report" classname="TS035_engineOnReport.spec.js" time="0.01">
<failure message="TS035_engineOnReport.spec.js:23:5 should generate and validate engine on report" type="FAILURE">
<![CDATA[  [browserstack-chrome-windows] › TS035_engineOnReport.spec.js:23:5 › Engine On Report › should generate and validate engine on report 

    Error: browserType.connect: Target page, context or browser has been closed

    Retry #1 ───────────────────────────────────────────────────────────────────────────────────────

    Error: browserType.connect: Target page, context or browser has been closed

    attachment #1: trace (application/zip) ─────────────────────────────────────────────────────────
    ..\test-results\TS035_engineOnReport-Engin-0a7d6-d-validate-engine-on-report-browserstack-chrome-windows-retry1\trace.zip
    Usage:

        npx playwright show-trace ..\test-results\TS035_engineOnReport-Engin-0a7d6-d-validate-engine-on-report-browserstack-chrome-windows-retry1\trace.zip

    ────────────────────────────────────────────────────────────────────────────────────────────────

    Retry #2 ───────────────────────────────────────────────────────────────────────────────────────

    Error: browserType.connect: Target page, context or browser has been closed
]]>
</failure>
<system-out>
<![CDATA[
[[ATTACHMENT|test-results\TS035_engineOnReport-Engin-0a7d6-d-validate-engine-on-report-browserstack-chrome-windows-retry1\trace.zip]]
]]>
</system-out>
</testcase>
</testsuite>
<testsuite name="TS036_idlingReport.spec.js" timestamp="2025-09-08T10:17:51.980Z" hostname="browserstack-chrome-windows" tests="1" failures="1" skipped="0" time="0.013" errors="0">
<testcase name="Idling Report › should generate and validate idling report" classname="TS036_idlingReport.spec.js" time="0.013">
<failure message="TS036_idlingReport.spec.js:23:5 should generate and validate idling report" type="FAILURE">
<![CDATA[  [browserstack-chrome-windows] › TS036_idlingReport.spec.js:23:5 › Idling Report › should generate and validate idling report 

    Error: browserType.connect: Target page, context or browser has been closed

    Retry #1 ───────────────────────────────────────────────────────────────────────────────────────

    Error: browserType.connect: Target page, context or browser has been closed

    attachment #1: trace (application/zip) ─────────────────────────────────────────────────────────
    ..\test-results\TS036_idlingReport-Idling--f140b--and-validate-idling-report-browserstack-chrome-windows-retry1\trace.zip
    Usage:

        npx playwright show-trace ..\test-results\TS036_idlingReport-Idling--f140b--and-validate-idling-report-browserstack-chrome-windows-retry1\trace.zip

    ────────────────────────────────────────────────────────────────────────────────────────────────

    Retry #2 ───────────────────────────────────────────────────────────────────────────────────────

    Error: browserType.connect: Target page, context or browser has been closed
]]>
</failure>
<system-out>
<![CDATA[
[[ATTACHMENT|test-results\TS036_idlingReport-Idling--f140b--and-validate-idling-report-browserstack-chrome-windows-retry1\trace.zip]]
]]>
</system-out>
</testcase>
</testsuite>
<testsuite name="TS037_lowVoltageDeviceReport.spec.js" timestamp="2025-09-08T10:17:51.980Z" hostname="browserstack-chrome-windows" tests="1" failures="1" skipped="0" time="0.011" errors="0">
<testcase name="Low Voltage Device Report › should generate and validate low voltage device report" classname="TS037_lowVoltageDeviceReport.spec.js" time="0.011">
<failure message="TS037_lowVoltageDeviceReport.spec.js:23:5 should generate and validate low voltage device report" type="FAILURE">
<![CDATA[  [browserstack-chrome-windows] › TS037_lowVoltageDeviceReport.spec.js:23:5 › Low Voltage Device Report › should generate and validate low voltage device report 

    Error: browserType.connect: Target page, context or browser has been closed

    Retry #1 ───────────────────────────────────────────────────────────────────────────────────────

    Error: browserType.connect: Target page, context or browser has been closed

    attachment #1: trace (application/zip) ─────────────────────────────────────────────────────────
    ..\test-results\TS037_lowVoltageDeviceRepo-7bb31-e-low-voltage-device-report-browserstack-chrome-windows-retry1\trace.zip
    Usage:

        npx playwright show-trace ..\test-results\TS037_lowVoltageDeviceRepo-7bb31-e-low-voltage-device-report-browserstack-chrome-windows-retry1\trace.zip

    ────────────────────────────────────────────────────────────────────────────────────────────────

    Retry #2 ───────────────────────────────────────────────────────────────────────────────────────

    Error: browserType.connect: Target page, context or browser has been closed
]]>
</failure>
<system-out>
<![CDATA[
[[ATTACHMENT|test-results\TS037_lowVoltageDeviceRepo-7bb31-e-low-voltage-device-report-browserstack-chrome-windows-retry1\trace.zip]]
]]>
</system-out>
</testcase>
</testsuite>
<testsuite name="TS038_driverSafetyReport.spec.js" timestamp="2025-09-08T10:17:51.980Z" hostname="browserstack-chrome-windows" tests="1" failures="1" skipped="0" time="0.014" errors="0">
<testcase name="Driver Safety Report › should generate and validate driver safety report" classname="TS038_driverSafetyReport.spec.js" time="0.014">
<failure message="TS038_driverSafetyReport.spec.js:23:5 should generate and validate driver safety report" type="FAILURE">
<![CDATA[  [browserstack-chrome-windows] › TS038_driverSafetyReport.spec.js:23:5 › Driver Safety Report › should generate and validate driver safety report 

    Error: browserType.connect: Target page, context or browser has been closed

    Retry #1 ───────────────────────────────────────────────────────────────────────────────────────

    Error: browserType.connect: Target page, context or browser has been closed

    attachment #1: trace (application/zip) ─────────────────────────────────────────────────────────
    ..\test-results\TS038_driverSafetyReport-D-71479-lidate-driver-safety-report-browserstack-chrome-windows-retry1\trace.zip
    Usage:

        npx playwright show-trace ..\test-results\TS038_driverSafetyReport-D-71479-lidate-driver-safety-report-browserstack-chrome-windows-retry1\trace.zip

    ────────────────────────────────────────────────────────────────────────────────────────────────

    Retry #2 ───────────────────────────────────────────────────────────────────────────────────────

    Error: browserType.connect: Target page, context or browser has been closed
]]>
</failure>
<system-out>
<![CDATA[
[[ATTACHMENT|test-results\TS038_driverSafetyReport-D-71479-lidate-driver-safety-report-browserstack-chrome-windows-retry1\trace.zip]]
]]>
</system-out>
</testcase>
</testsuite>
<testsuite name="TS039_weeklyUtilizationReport.spec.js" timestamp="2025-09-08T10:17:51.980Z" hostname="browserstack-chrome-windows" tests="1" failures="1" skipped="0" time="0.011" errors="0">
<testcase name="Weekly Utilization Report › should generate and validate weekly utilization report" classname="TS039_weeklyUtilizationReport.spec.js" time="0.011">
<failure message="TS039_weeklyUtilizationReport.spec.js:23:5 should generate and validate weekly utilization report" type="FAILURE">
<![CDATA[  [browserstack-chrome-windows] › TS039_weeklyUtilizationReport.spec.js:23:5 › Weekly Utilization Report › should generate and validate weekly utilization report 

    Error: browserType.connect: Target page, context or browser has been closed

    Retry #1 ───────────────────────────────────────────────────────────────────────────────────────

    Error: browserType.connect: Target page, context or browser has been closed

    attachment #1: trace (application/zip) ─────────────────────────────────────────────────────────
    ..\test-results\TS039_weeklyUtilizationRep-e422c-e-weekly-utilization-report-browserstack-chrome-windows-retry1\trace.zip
    Usage:

        npx playwright show-trace ..\test-results\TS039_weeklyUtilizationRep-e422c-e-weekly-utilization-report-browserstack-chrome-windows-retry1\trace.zip

    ────────────────────────────────────────────────────────────────────────────────────────────────

    Retry #2 ───────────────────────────────────────────────────────────────────────────────────────

    Error: browserType.connect: Target page, context or browser has been closed
]]>
</failure>
<system-out>
<![CDATA[
[[ATTACHMENT|test-results\TS039_weeklyUtilizationRep-e422c-e-weekly-utilization-report-browserstack-chrome-windows-retry1\trace.zip]]
]]>
</system-out>
</testcase>
</testsuite>
<testsuite name="TS040_ExitReport.spec.js" timestamp="2025-09-08T10:17:51.980Z" hostname="browserstack-chrome-windows" tests="1" failures="1" skipped="0" time="0.01" errors="0">
<testcase name="Exit Report › should generate and validate exit report" classname="TS040_ExitReport.spec.js" time="0.01">
<failure message="TS040_ExitReport.spec.js:23:5 should generate and validate exit report" type="FAILURE">
<![CDATA[  [browserstack-chrome-windows] › TS040_ExitReport.spec.js:23:5 › Exit Report › should generate and validate exit report 

    Error: browserType.connect: Target page, context or browser has been closed

    Retry #1 ───────────────────────────────────────────────────────────────────────────────────────

    Error: browserType.connect: Target page, context or browser has been closed

    attachment #1: trace (application/zip) ─────────────────────────────────────────────────────────
    ..\test-results\TS040_ExitReport-Exit-Repo-6de63-te-and-validate-exit-report-browserstack-chrome-windows-retry1\trace.zip
    Usage:

        npx playwright show-trace ..\test-results\TS040_ExitReport-Exit-Repo-6de63-te-and-validate-exit-report-browserstack-chrome-windows-retry1\trace.zip

    ────────────────────────────────────────────────────────────────────────────────────────────────

    Retry #2 ───────────────────────────────────────────────────────────────────────────────────────

    Error: browserType.connect: Target page, context or browser has been closed
]]>
</failure>
<system-out>
<![CDATA[
[[ATTACHMENT|test-results\TS040_ExitReport-Exit-Repo-6de63-te-and-validate-exit-report-browserstack-chrome-windows-retry1\trace.zip]]
]]>
</system-out>
</testcase>
</testsuite>
<testsuite name="TS041_UtilizationReport.spec.js" timestamp="2025-09-08T10:17:51.980Z" hostname="browserstack-chrome-windows" tests="1" failures="1" skipped="0" time="0.013" errors="0">
<testcase name="Utilization Report › should generate and validate utilization report" classname="TS041_UtilizationReport.spec.js" time="0.013">
<failure message="TS041_UtilizationReport.spec.js:23:5 should generate and validate utilization report" type="FAILURE">
<![CDATA[  [browserstack-chrome-windows] › TS041_UtilizationReport.spec.js:23:5 › Utilization Report › should generate and validate utilization report 

    Error: browserType.connect: Target page, context or browser has been closed

    Retry #1 ───────────────────────────────────────────────────────────────────────────────────────

    Error: browserType.connect: Target page, context or browser has been closed

    attachment #1: trace (application/zip) ─────────────────────────────────────────────────────────
    ..\test-results\TS041_UtilizationReport-Ut-05aff-validate-utilization-report-browserstack-chrome-windows-retry1\trace.zip
    Usage:

        npx playwright show-trace ..\test-results\TS041_UtilizationReport-Ut-05aff-validate-utilization-report-browserstack-chrome-windows-retry1\trace.zip

    ────────────────────────────────────────────────────────────────────────────────────────────────

    Retry #2 ───────────────────────────────────────────────────────────────────────────────────────

    Error: browserType.connect: Target page, context or browser has been closed
]]>
</failure>
<system-out>
<![CDATA[
[[ATTACHMENT|test-results\TS041_UtilizationReport-Ut-05aff-validate-utilization-report-browserstack-chrome-windows-retry1\trace.zip]]
]]>
</system-out>
</testcase>
</testsuite>
<testsuite name="TS042_dayOfWeekReport.spec.js" timestamp="2025-09-08T10:17:51.980Z" hostname="browserstack-chrome-windows" tests="1" failures="1" skipped="0" time="0.009" errors="0">
<testcase name="Day of Week Report › should generate and validate day of week report" classname="TS042_dayOfWeekReport.spec.js" time="0.009">
<failure message="TS042_dayOfWeekReport.spec.js:23:5 should generate and validate day of week report" type="FAILURE">
<![CDATA[  [browserstack-chrome-windows] › TS042_dayOfWeekReport.spec.js:23:5 › Day of Week Report › should generate and validate day of week report 

    Error: browserType.connect: Target page, context or browser has been closed

    Retry #1 ───────────────────────────────────────────────────────────────────────────────────────

    Error: browserType.connect: Target page, context or browser has been closed

    attachment #1: trace (application/zip) ─────────────────────────────────────────────────────────
    ..\test-results\TS042_dayOfWeekReport-Day--53108-validate-day-of-week-report-browserstack-chrome-windows-retry1\trace.zip
    Usage:

        npx playwright show-trace ..\test-results\TS042_dayOfWeekReport-Day--53108-validate-day-of-week-report-browserstack-chrome-windows-retry1\trace.zip

    ────────────────────────────────────────────────────────────────────────────────────────────────

    Retry #2 ───────────────────────────────────────────────────────────────────────────────────────

    Error: browserType.connect: Target page, context or browser has been closed
]]>
</failure>
<system-out>
<![CDATA[
[[ATTACHMENT|test-results\TS042_dayOfWeekReport-Day--53108-validate-day-of-week-report-browserstack-chrome-windows-retry1\trace.zip]]
]]>
</system-out>
</testcase>
</testsuite>
<testsuite name="TS043_dashcamRefresh.spec.js" timestamp="2025-09-08T10:17:51.980Z" hostname="browserstack-chrome-windows" tests="1" failures="1" skipped="0" time="0.01" errors="0">
<testcase name="Dashcam Refresh › should refresh dashcam functionality" classname="TS043_dashcamRefresh.spec.js" time="0.01">
<failure message="TS043_dashcamRefresh.spec.js:23:5 should refresh dashcam functionality" type="FAILURE">
<![CDATA[  [browserstack-chrome-windows] › TS043_dashcamRefresh.spec.js:23:5 › Dashcam Refresh › should refresh dashcam functionality 

    Error: browserType.connect: Target page, context or browser has been closed

    Retry #1 ───────────────────────────────────────────────────────────────────────────────────────

    Error: browserType.connect: Target page, context or browser has been closed

    attachment #1: trace (application/zip) ─────────────────────────────────────────────────────────
    ..\test-results\TS043_dashcamRefresh-Dashc-a54cd-fresh-dashcam-functionality-browserstack-chrome-windows-retry1\trace.zip
    Usage:

        npx playwright show-trace ..\test-results\TS043_dashcamRefresh-Dashc-a54cd-fresh-dashcam-functionality-browserstack-chrome-windows-retry1\trace.zip

    ────────────────────────────────────────────────────────────────────────────────────────────────

    Retry #2 ───────────────────────────────────────────────────────────────────────────────────────

    Error: browserType.connect: Target page, context or browser has been closed
]]>
</failure>
<system-out>
<![CDATA[
[[ATTACHMENT|test-results\TS043_dashcamRefresh-Dashc-a54cd-fresh-dashcam-functionality-browserstack-chrome-windows-retry1\trace.zip]]
]]>
</system-out>
</testcase>
</testsuite>
<testsuite name="TS044_snapshots.spec.js" timestamp="2025-09-08T10:17:51.980Z" hostname="browserstack-chrome-windows" tests="1" failures="1" skipped="0" time="0.01" errors="0">
<testcase name="Snapshots › should display snapshots" classname="TS044_snapshots.spec.js" time="0.01">
<failure message="TS044_snapshots.spec.js:23:5 should display snapshots" type="FAILURE">
<![CDATA[  [browserstack-chrome-windows] › TS044_snapshots.spec.js:23:5 › Snapshots › should display snapshots 

    Error: browserType.connect: Target page, context or browser has been closed

    Retry #1 ───────────────────────────────────────────────────────────────────────────────────────

    Error: browserType.connect: Target page, context or browser has been closed

    attachment #1: trace (application/zip) ─────────────────────────────────────────────────────────
    ..\test-results\TS044_snapshots-Snapshots-should-display-snapshots-browserstack-chrome-windows-retry1\trace.zip
    Usage:

        npx playwright show-trace ..\test-results\TS044_snapshots-Snapshots-should-display-snapshots-browserstack-chrome-windows-retry1\trace.zip

    ────────────────────────────────────────────────────────────────────────────────────────────────

    Retry #2 ───────────────────────────────────────────────────────────────────────────────────────

    Error: browserType.connect: Target page, context or browser has been closed
]]>
</failure>
<system-out>
<![CDATA[
[[ATTACHMENT|test-results\TS044_snapshots-Snapshots-should-display-snapshots-browserstack-chrome-windows-retry1\trace.zip]]
]]>
</system-out>
</testcase>
</testsuite>
<testsuite name="TS045_dashcamAlertReport.spec.js" timestamp="2025-09-08T10:17:51.980Z" hostname="browserstack-chrome-windows" tests="1" failures="1" skipped="0" time="0.011" errors="0">
<testcase name="Dashcam Alert Report › shows dashcam alert report" classname="TS045_dashcamAlertReport.spec.js" time="0.011">
<failure message="TS045_dashcamAlertReport.spec.js:23:5 shows dashcam alert report" type="FAILURE">
<![CDATA[  [browserstack-chrome-windows] › TS045_dashcamAlertReport.spec.js:23:5 › Dashcam Alert Report › shows dashcam alert report 

    Error: browserType.connect: Target page, context or browser has been closed

    Retry #1 ───────────────────────────────────────────────────────────────────────────────────────

    Error: browserType.connect: Target page, context or browser has been closed

    attachment #1: trace (application/zip) ─────────────────────────────────────────────────────────
    ..\test-results\TS045_dashcamAlertReport-D-40b1a--shows-dashcam-alert-report-browserstack-chrome-windows-retry1\trace.zip
    Usage:

        npx playwright show-trace ..\test-results\TS045_dashcamAlertReport-D-40b1a--shows-dashcam-alert-report-browserstack-chrome-windows-retry1\trace.zip

    ────────────────────────────────────────────────────────────────────────────────────────────────

    Retry #2 ───────────────────────────────────────────────────────────────────────────────────────

    Error: browserType.connect: Target page, context or browser has been closed
]]>
</failure>
<system-out>
<![CDATA[
[[ATTACHMENT|test-results\TS045_dashcamAlertReport-D-40b1a--shows-dashcam-alert-report-browserstack-chrome-windows-retry1\trace.zip]]
]]>
</system-out>
</testcase>
</testsuite>
<testsuite name="TS046_dashcamTrackHistory.spec.js" timestamp="2025-09-08T10:17:51.980Z" hostname="browserstack-chrome-windows" tests="1" failures="1" skipped="0" time="0.012" errors="0">
<testcase name="Dashcam Track History › displays dashcam track history" classname="TS046_dashcamTrackHistory.spec.js" time="0.012">
<failure message="TS046_dashcamTrackHistory.spec.js:23:5 displays dashcam track history" type="FAILURE">
<![CDATA[  [browserstack-chrome-windows] › TS046_dashcamTrackHistory.spec.js:23:5 › Dashcam Track History › displays dashcam track history 

    Error: browserType.connect: Target page, context or browser has been closed

    Retry #1 ───────────────────────────────────────────────────────────────────────────────────────

    Error: browserType.connect: Target page, context or browser has been closed

    attachment #1: trace (application/zip) ─────────────────────────────────────────────────────────
    ..\test-results\TS046_dashcamTrackHistory--d4227-plays-dashcam-track-history-browserstack-chrome-windows-retry1\trace.zip
    Usage:

        npx playwright show-trace ..\test-results\TS046_dashcamTrackHistory--d4227-plays-dashcam-track-history-browserstack-chrome-windows-retry1\trace.zip

    ────────────────────────────────────────────────────────────────────────────────────────────────

    Retry #2 ───────────────────────────────────────────────────────────────────────────────────────

    Error: browserType.connect: Target page, context or browser has been closed
]]>
</failure>
<system-out>
<![CDATA[
[[ATTACHMENT|test-results\TS046_dashcamTrackHistory--d4227-plays-dashcam-track-history-browserstack-chrome-windows-retry1\trace.zip]]
]]>
</system-out>
</testcase>
</testsuite>
<testsuite name="TS047_dashcamAlertSettings.spec.js" timestamp="2025-09-08T10:17:51.980Z" hostname="browserstack-chrome-windows" tests="1" failures="1" skipped="0" time="0.012" errors="0">
<testcase name="Dashcam Alert Settings › edit settings for dashcam" classname="TS047_dashcamAlertSettings.spec.js" time="0.012">
<failure message="TS047_dashcamAlertSettings.spec.js:23:5 edit settings for dashcam" type="FAILURE">
<![CDATA[  [browserstack-chrome-windows] › TS047_dashcamAlertSettings.spec.js:23:5 › Dashcam Alert Settings › edit settings for dashcam 

    Error: browserType.connect: Target page, context or browser has been closed

    Retry #1 ───────────────────────────────────────────────────────────────────────────────────────

    Error: browserType.connect: Target page, context or browser has been closed

    attachment #1: trace (application/zip) ─────────────────────────────────────────────────────────
    ..\test-results\TS047_dashcamAlertSettings-403ea-s-edit-settings-for-dashcam-browserstack-chrome-windows-retry1\trace.zip
    Usage:

        npx playwright show-trace ..\test-results\TS047_dashcamAlertSettings-403ea-s-edit-settings-for-dashcam-browserstack-chrome-windows-retry1\trace.zip

    ────────────────────────────────────────────────────────────────────────────────────────────────

    Retry #2 ───────────────────────────────────────────────────────────────────────────────────────

    Error: browserType.connect: Target page, context or browser has been closed
]]>
</failure>
<system-out>
<![CDATA[
[[ATTACHMENT|test-results\TS047_dashcamAlertSettings-403ea-s-edit-settings-for-dashcam-browserstack-chrome-windows-retry1\trace.zip]]
]]>
</system-out>
</testcase>
</testsuite>
<testsuite name="TS048_dashcamVideoOnDemand.spec.js" timestamp="2025-09-08T10:17:51.980Z" hostname="browserstack-chrome-windows" tests="1" failures="1" skipped="0" time="0.01" errors="0">
<testcase name="Dashcam Video On Demand › should add/edit a device" classname="TS048_dashcamVideoOnDemand.spec.js" time="0.01">
<failure message="TS048_dashcamVideoOnDemand.spec.js:23:5 should add/edit a device" type="FAILURE">
<![CDATA[  [browserstack-chrome-windows] › TS048_dashcamVideoOnDemand.spec.js:23:5 › Dashcam Video On Demand › should add/edit a device 

    Error: browserType.connect: Target page, context or browser has been closed

    Retry #1 ───────────────────────────────────────────────────────────────────────────────────────

    Error: browserType.connect: Target page, context or browser has been closed

    attachment #1: trace (application/zip) ─────────────────────────────────────────────────────────
    ..\test-results\TS048_dashcamVideoOnDemand-31c88-nd-should-add-edit-a-device-browserstack-chrome-windows-retry1\trace.zip
    Usage:

        npx playwright show-trace ..\test-results\TS048_dashcamVideoOnDemand-31c88-nd-should-add-edit-a-device-browserstack-chrome-windows-retry1\trace.zip

    ────────────────────────────────────────────────────────────────────────────────────────────────

    Retry #2 ───────────────────────────────────────────────────────────────────────────────────────

    Error: browserType.connect: Target page, context or browser has been closed
]]>
</failure>
<system-out>
<![CDATA[
[[ATTACHMENT|test-results\TS048_dashcamVideoOnDemand-31c88-nd-should-add-edit-a-device-browserstack-chrome-windows-retry1\trace.zip]]
]]>
</system-out>
</testcase>
</testsuite>
<testsuite name="TS049_liveVideoStream.spec.js" timestamp="2025-09-08T10:17:51.980Z" hostname="browserstack-chrome-windows" tests="1" failures="1" skipped="0" time="0.012" errors="0">
<testcase name="Dashcam refresh › refresh dashcam" classname="TS049_liveVideoStream.spec.js" time="0.012">
<failure message="TS049_liveVideoStream.spec.js:23:5 refresh dashcam" type="FAILURE">
<![CDATA[  [browserstack-chrome-windows] › TS049_liveVideoStream.spec.js:23:5 › Dashcam refresh › refresh dashcam 

    Error: browserType.connect: Target page, context or browser has been closed

    Retry #1 ───────────────────────────────────────────────────────────────────────────────────────

    Error: browserType.connect: Target page, context or browser has been closed

    attachment #1: trace (application/zip) ─────────────────────────────────────────────────────────
    ..\test-results\TS049_liveVideoStream-Dashcam-refresh-refresh-dashcam-browserstack-chrome-windows-retry1\trace.zip
    Usage:

        npx playwright show-trace ..\test-results\TS049_liveVideoStream-Dashcam-refresh-refresh-dashcam-browserstack-chrome-windows-retry1\trace.zip

    ────────────────────────────────────────────────────────────────────────────────────────────────

    Retry #2 ───────────────────────────────────────────────────────────────────────────────────────

    Error: browserType.connect: Target page, context or browser has been closed
]]>
</failure>
<system-out>
<![CDATA[
[[ATTACHMENT|test-results\TS049_liveVideoStream-Dashcam-refresh-refresh-dashcam-browserstack-chrome-windows-retry1\trace.zip]]
]]>
</system-out>
</testcase>
</testsuite>
<testsuite name="TS050_last24hrs.spec.js" timestamp="2025-09-08T10:17:51.980Z" hostname="browserstack-chrome-windows" tests="1" failures="1" skipped="0" time="0.013" errors="0">
<testcase name="Last 24 Hours › should verify Engine Idling Events checkbox functionality" classname="TS050_last24hrs.spec.js" time="0.013">
<failure message="TS050_last24hrs.spec.js:23:5 should verify Engine Idling Events checkbox functionality" type="FAILURE">
<![CDATA[  [browserstack-chrome-windows] › TS050_last24hrs.spec.js:23:5 › Last 24 Hours › should verify Engine Idling Events checkbox functionality 

    Error: browserType.connect: Target page, context or browser has been closed

    Retry #1 ───────────────────────────────────────────────────────────────────────────────────────

    Error: browserType.connect: Target page, context or browser has been closed

    attachment #1: trace (application/zip) ─────────────────────────────────────────────────────────
    ..\test-results\TS050_last24hrs-Last-24-Ho-ec750-ents-checkbox-functionality-browserstack-chrome-windows-retry1\trace.zip
    Usage:

        npx playwright show-trace ..\test-results\TS050_last24hrs-Last-24-Ho-ec750-ents-checkbox-functionality-browserstack-chrome-windows-retry1\trace.zip

    ────────────────────────────────────────────────────────────────────────────────────────────────

    Retry #2 ───────────────────────────────────────────────────────────────────────────────────────

    Error: browserType.connect: Target page, context or browser has been closed
]]>
</failure>
<system-out>
<![CDATA[
[[ATTACHMENT|test-results\TS050_last24hrs-Last-24-Ho-ec750-ents-checkbox-functionality-browserstack-chrome-windows-retry1\trace.zip]]
]]>
</system-out>
</testcase>
</testsuite>
<testsuite name="TS051_realTimeTracking.spec.js" timestamp="2025-09-08T10:17:51.980Z" hostname="browserstack-chrome-windows" tests="1" failures="1" skipped="0" time="0.01" errors="0">
<testcase name="Real Time Tracking › should verify Engine Idling Events checkbox functionality" classname="TS051_realTimeTracking.spec.js" time="0.01">
<failure message="TS051_realTimeTracking.spec.js:23:5 should verify Engine Idling Events checkbox functionality" type="FAILURE">
<![CDATA[  [browserstack-chrome-windows] › TS051_realTimeTracking.spec.js:23:5 › Real Time Tracking › should verify Engine Idling Events checkbox functionality 

    Error: browserType.connect: Target page, context or browser has been closed

    Retry #1 ───────────────────────────────────────────────────────────────────────────────────────

    Error: browserType.connect: Target page, context or browser has been closed

    attachment #1: trace (application/zip) ─────────────────────────────────────────────────────────
    ..\test-results\TS051_realTimeTracking-Rea-b91c6-ents-checkbox-functionality-browserstack-chrome-windows-retry1\trace.zip
    Usage:

        npx playwright show-trace ..\test-results\TS051_realTimeTracking-Rea-b91c6-ents-checkbox-functionality-browserstack-chrome-windows-retry1\trace.zip

    ────────────────────────────────────────────────────────────────────────────────────────────────

    Retry #2 ───────────────────────────────────────────────────────────────────────────────────────

    Error: browserType.connect: Target page, context or browser has been closed
]]>
</failure>
<system-out>
<![CDATA[
[[ATTACHMENT|test-results\TS051_realTimeTracking-Rea-b91c6-ents-checkbox-functionality-browserstack-chrome-windows-retry1\trace.zip]]
]]>
</system-out>
</testcase>
</testsuite>
<testsuite name="TS052_getSupport.spec.js" timestamp="2025-09-08T10:17:51.980Z" hostname="browserstack-chrome-windows" tests="1" failures="1" skipped="0" time="0.013" errors="0">
<testcase name="Get Support › should verify Get Support form functionality" classname="TS052_getSupport.spec.js" time="0.013">
<failure message="TS052_getSupport.spec.js:23:5 should verify Get Support form functionality" type="FAILURE">
<![CDATA[  [browserstack-chrome-windows] › TS052_getSupport.spec.js:23:5 › Get Support › should verify Get Support form functionality 

    Error: browserType.connect: Target page, context or browser has been closed

    Retry #1 ───────────────────────────────────────────────────────────────────────────────────────

    Error: browserType.connect: Target page, context or browser has been closed

    attachment #1: trace (application/zip) ─────────────────────────────────────────────────────────
    ..\test-results\TS052_getSupport-Get-Suppo-235c2--Support-form-functionality-browserstack-chrome-windows-retry1\trace.zip
    Usage:

        npx playwright show-trace ..\test-results\TS052_getSupport-Get-Suppo-235c2--Support-form-functionality-browserstack-chrome-windows-retry1\trace.zip

    ────────────────────────────────────────────────────────────────────────────────────────────────

    Retry #2 ───────────────────────────────────────────────────────────────────────────────────────

    Error: browserType.connect: Target page, context or browser has been closed
]]>
</failure>
<system-out>
<![CDATA[
[[ATTACHMENT|test-results\TS052_getSupport-Get-Suppo-235c2--Support-form-functionality-browserstack-chrome-windows-retry1\trace.zip]]
]]>
</system-out>
</testcase>
</testsuite>
<testsuite name="waterproof.spec.js" timestamp="2025-09-08T10:17:51.980Z" hostname="browserstack-chrome-windows" tests="1" failures="1" skipped="0" time="0.009" errors="0">
<testcase name="Fleet Login Tests › should redirect to fleet demo page with demo credentials" classname="waterproof.spec.js" time="0.009">
<failure message="waterproof.spec.js:23:3 should redirect to fleet demo page with demo credentials" type="FAILURE">
<![CDATA[  [browserstack-chrome-windows] › waterproof.spec.js:23:3 › Fleet Login Tests › should redirect to fleet demo page with demo credentials 

    Error: browserType.connect: Target page, context or browser has been closed

    Retry #1 ───────────────────────────────────────────────────────────────────────────────────────

    Error: browserType.connect: Target page, context or browser has been closed

    attachment #1: trace (application/zip) ─────────────────────────────────────────────────────────
    ..\test-results\waterproof-Fleet-Login-Tes-868d8--page-with-demo-credentials-browserstack-chrome-windows-retry1\trace.zip
    Usage:

        npx playwright show-trace ..\test-results\waterproof-Fleet-Login-Tes-868d8--page-with-demo-credentials-browserstack-chrome-windows-retry1\trace.zip

    ────────────────────────────────────────────────────────────────────────────────────────────────

    Retry #2 ───────────────────────────────────────────────────────────────────────────────────────

    Error: browserType.connect: Target page, context or browser has been closed
]]>
</failure>
<system-out>
<![CDATA[
[[ATTACHMENT|test-results\waterproof-Fleet-Login-Tes-868d8--page-with-demo-credentials-browserstack-chrome-windows-retry1\trace.zip]]
]]>
</system-out>
</testcase>
</testsuite>
<testsuite name="aggressiveGeofence.spec.js" timestamp="2025-09-08T10:17:51.980Z" hostname="browserstack-chrome-mac" tests="1" failures="1" skipped="0" time="0.125" errors="0">
<testcase name="Aggressive Geofence Tests › should test aggressive geofencing functionality" classname="aggressiveGeofence.spec.js" time="0.125">
<failure message="aggressiveGeofence.spec.js:15:3 should test aggressive geofencing functionality" type="FAILURE">
<![CDATA[  [browserstack-chrome-mac] › aggressiveGeofence.spec.js:15:3 › Aggressive Geofence Tests › should test aggressive geofencing functionality 

    Error: browserType.connect: Target page, context or browser has been closed

    Retry #1 ───────────────────────────────────────────────────────────────────────────────────────

    Error: browserType.connect: Target page, context or browser has been closed

    attachment #1: trace (application/zip) ─────────────────────────────────────────────────────────
    ..\test-results\aggressiveGeofence-Aggress-a436c-ve-geofencing-functionality-browserstack-chrome-mac-retry1\trace.zip
    Usage:

        npx playwright show-trace ..\test-results\aggressiveGeofence-Aggress-a436c-ve-geofencing-functionality-browserstack-chrome-mac-retry1\trace.zip

    ────────────────────────────────────────────────────────────────────────────────────────────────

    Retry #2 ───────────────────────────────────────────────────────────────────────────────────────

    Error: browserType.connect: Target page, context or browser has been closed
]]>
</failure>
<system-out>
<![CDATA[
[[ATTACHMENT|test-results\aggressiveGeofence-Aggress-a436c-ve-geofencing-functionality-browserstack-chrome-mac-retry1\trace.zip]]
]]>
</system-out>
</testcase>
</testsuite>
<testsuite name="spec.spec.js" timestamp="2025-09-08T10:17:51.980Z" hostname="browserstack-chrome-mac" tests="1" failures="1" skipped="0" time="0.101" errors="0">
<testcase name="General Specification Tests › should meet general specifications" classname="spec.spec.js" time="0.101">
<failure message="spec.spec.js:14:3 should meet general specifications" type="FAILURE">
<![CDATA[  [browserstack-chrome-mac] › spec.spec.js:14:3 › General Specification Tests › should meet general specifications 

    Error: browserType.connect: Target page, context or browser has been closed

    Retry #1 ───────────────────────────────────────────────────────────────────────────────────────

    Error: browserType.connect: Target page, context or browser has been closed

    attachment #1: trace (application/zip) ─────────────────────────────────────────────────────────
    ..\test-results\spec-General-Specification-a9ee8-meet-general-specifications-browserstack-chrome-mac-retry1\trace.zip
    Usage:

        npx playwright show-trace ..\test-results\spec-General-Specification-a9ee8-meet-general-specifications-browserstack-chrome-mac-retry1\trace.zip

    ────────────────────────────────────────────────────────────────────────────────────────────────

    Retry #2 ───────────────────────────────────────────────────────────────────────────────────────

    Error: browserType.connect: Target page, context or browser has been closed
]]>
</failure>
<system-out>
<![CDATA[
[[ATTACHMENT|test-results\spec-General-Specification-a9ee8-meet-general-specifications-browserstack-chrome-mac-retry1\trace.zip]]
]]>
</system-out>
</testcase>
</testsuite>
<testsuite name="TS001_listOfDevice.spec.js" timestamp="2025-09-08T10:17:51.980Z" hostname="browserstack-chrome-mac" tests="1" failures="1" skipped="0" time="0.087" errors="0">
<testcase name="List of Device › should show list of all devices in the platform" classname="TS001_listOfDevice.spec.js" time="0.087">
<failure message="TS001_listOfDevice.spec.js:10:5 should show list of all devices in the platform" type="FAILURE">
<![CDATA[  [browserstack-chrome-mac] › TS001_listOfDevice.spec.js:10:5 › List of Device › should show list of all devices in the platform 

    Error: browserType.connect: Target page, context or browser has been closed

    Retry #1 ───────────────────────────────────────────────────────────────────────────────────────

    Error: browserType.connect: Target page, context or browser has been closed

    attachment #1: trace (application/zip) ─────────────────────────────────────────────────────────
    ..\test-results\TS001_listOfDevice-List-of-22ce6-all-devices-in-the-platform-browserstack-chrome-mac-retry1\trace.zip
    Usage:

        npx playwright show-trace ..\test-results\TS001_listOfDevice-List-of-22ce6-all-devices-in-the-platform-browserstack-chrome-mac-retry1\trace.zip

    ────────────────────────────────────────────────────────────────────────────────────────────────

    Retry #2 ───────────────────────────────────────────────────────────────────────────────────────

    Error: browserType.connect: Target page, context or browser has been closed
]]>
</failure>
<system-out>
<![CDATA[
[[ATTACHMENT|test-results\TS001_listOfDevice-List-of-22ce6-all-devices-in-the-platform-browserstack-chrome-mac-retry1\trace.zip]]
]]>
</system-out>
</testcase>
</testsuite>
<testsuite name="TS002_addEditDevices.spec.js" timestamp="2025-09-08T10:17:51.980Z" hostname="browserstack-chrome-mac" tests="1" failures="1" skipped="0" time="0.007" errors="0">
<testcase name="Add edit Device › should add/edit a device" classname="TS002_addEditDevices.spec.js" time="0.007">
<failure message="TS002_addEditDevices.spec.js:25:5 should add/edit a device" type="FAILURE">
<![CDATA[  [browserstack-chrome-mac] › TS002_addEditDevices.spec.js:25:5 › Add edit Device › should add/edit a device 

    Error: browserType.connect: Target page, context or browser has been closed

    Retry #1 ───────────────────────────────────────────────────────────────────────────────────────

    Error: browserType.connect: Target page, context or browser has been closed

    attachment #1: trace (application/zip) ─────────────────────────────────────────────────────────
    ..\test-results\TS002_addEditDevices-Add-e-c7e3a-ce-should-add-edit-a-device-browserstack-chrome-mac-retry1\trace.zip
    Usage:

        npx playwright show-trace ..\test-results\TS002_addEditDevices-Add-e-c7e3a-ce-should-add-edit-a-device-browserstack-chrome-mac-retry1\trace.zip

    ────────────────────────────────────────────────────────────────────────────────────────────────

    Retry #2 ───────────────────────────────────────────────────────────────────────────────────────

    Error: browserType.connect: Target page, context or browser has been closed
]]>
</failure>
<system-out>
<![CDATA[
[[ATTACHMENT|test-results\TS002_addEditDevices-Add-e-c7e3a-ce-should-add-edit-a-device-browserstack-chrome-mac-retry1\trace.zip]]
]]>
</system-out>
</testcase>
</testsuite>
<testsuite name="TS003_ChangeTimezone.spec.js" timestamp="2025-09-08T10:17:51.980Z" hostname="browserstack-chrome-mac" tests="1" failures="1" skipped="0" time="0.01" errors="0">
<testcase name="Timezone › should edit the timezone of users" classname="TS003_ChangeTimezone.spec.js" time="0.01">
<failure message="TS003_ChangeTimezone.spec.js:24:5 should edit the timezone of users" type="FAILURE">
<![CDATA[  [browserstack-chrome-mac] › TS003_ChangeTimezone.spec.js:24:5 › Timezone › should edit the timezone of users 

    Error: browserType.connect: Target page, context or browser has been closed

    Retry #1 ───────────────────────────────────────────────────────────────────────────────────────

    Error: browserType.connect: Target page, context or browser has been closed

    attachment #1: trace (application/zip) ─────────────────────────────────────────────────────────
    ..\test-results\TS003_ChangeTimezone-Timez-0526c--edit-the-timezone-of-users-browserstack-chrome-mac-retry1\trace.zip
    Usage:

        npx playwright show-trace ..\test-results\TS003_ChangeTimezone-Timez-0526c--edit-the-timezone-of-users-browserstack-chrome-mac-retry1\trace.zip

    ────────────────────────────────────────────────────────────────────────────────────────────────

    Retry #2 ───────────────────────────────────────────────────────────────────────────────────────

    Error: browserType.connect: Target page, context or browser has been closed
]]>
</failure>
<system-out>
<![CDATA[
[[ATTACHMENT|test-results\TS003_ChangeTimezone-Timez-0526c--edit-the-timezone-of-users-browserstack-chrome-mac-retry1\trace.zip]]
]]>
</system-out>
</testcase>
</testsuite>
<testsuite name="TS004_viewEditUser.spec.js" timestamp="2025-09-08T10:17:51.980Z" hostname="browserstack-chrome-mac" tests="1" failures="1" skipped="0" time="0.01" errors="0">
<testcase name="view Edit User › should create user and edit them" classname="TS004_viewEditUser.spec.js" time="0.01">
<failure message="TS004_viewEditUser.spec.js:24:5 should create user and edit them" type="FAILURE">
<![CDATA[  [browserstack-chrome-mac] › TS004_viewEditUser.spec.js:24:5 › view Edit User › should create user and edit them 

    Error: browserType.connect: Target page, context or browser has been closed

    Retry #1 ───────────────────────────────────────────────────────────────────────────────────────

    Error: browserType.connect: Target page, context or browser has been closed

    attachment #1: trace (application/zip) ─────────────────────────────────────────────────────────
    ..\test-results\TS004_viewEditUser-view-Ed-a7419-d-create-user-and-edit-them-browserstack-chrome-mac-retry1\trace.zip
    Usage:

        npx playwright show-trace ..\test-results\TS004_viewEditUser-view-Ed-a7419-d-create-user-and-edit-them-browserstack-chrome-mac-retry1\trace.zip

    ────────────────────────────────────────────────────────────────────────────────────────────────

    Retry #2 ───────────────────────────────────────────────────────────────────────────────────────

    Error: browserType.connect: Target page, context or browser has been closed
]]>
</failure>
<system-out>
<![CDATA[
[[ATTACHMENT|test-results\TS004_viewEditUser-view-Ed-a7419-d-create-user-and-edit-them-browserstack-chrome-mac-retry1\trace.zip]]
]]>
</system-out>
</testcase>
</testsuite>
<testsuite name="TS005_subgroup.spec.js" timestamp="2025-09-08T10:17:51.980Z" hostname="browserstack-chrome-mac" tests="1" failures="1" skipped="0" time="0.011" errors="0">
<testcase name="Subgroup › should manage subgroups" classname="TS005_subgroup.spec.js" time="0.011">
<failure message="TS005_subgroup.spec.js:24:5 should manage subgroups" type="FAILURE">
<![CDATA[  [browserstack-chrome-mac] › TS005_subgroup.spec.js:24:5 › Subgroup › should manage subgroups ─────

    Error: browserType.connect: Target page, context or browser has been closed

    Retry #1 ───────────────────────────────────────────────────────────────────────────────────────

    Error: browserType.connect: Target page, context or browser has been closed

    attachment #1: trace (application/zip) ─────────────────────────────────────────────────────────
    ..\test-results\TS005_subgroup-Subgroup-should-manage-subgroups-browserstack-chrome-mac-retry1\trace.zip
    Usage:

        npx playwright show-trace ..\test-results\TS005_subgroup-Subgroup-should-manage-subgroups-browserstack-chrome-mac-retry1\trace.zip

    ────────────────────────────────────────────────────────────────────────────────────────────────

    Retry #2 ───────────────────────────────────────────────────────────────────────────────────────

    Error: browserType.connect: Target page, context or browser has been closed
]]>
</failure>
<system-out>
<![CDATA[
[[ATTACHMENT|test-results\TS005_subgroup-Subgroup-should-manage-subgroups-browserstack-chrome-mac-retry1\trace.zip]]
]]>
</system-out>
</testcase>
</testsuite>
<testsuite name="TS006_trackInfoDisplayOptions.spec.js" timestamp="2025-09-08T10:17:51.980Z" hostname="browserstack-chrome-mac" tests="1" failures="1" skipped="0" time="0.009" errors="0">
<testcase name="Track Info Display Options › should change the infobox size" classname="TS006_trackInfoDisplayOptions.spec.js" time="0.009">
<failure message="TS006_trackInfoDisplayOptions.spec.js:24:5 should change the infobox size" type="FAILURE">
<![CDATA[  [browserstack-chrome-mac] › TS006_trackInfoDisplayOptions.spec.js:24:5 › Track Info Display Options › should change the infobox size 

    Error: browserType.connect: Target page, context or browser has been closed

    Retry #1 ───────────────────────────────────────────────────────────────────────────────────────

    Error: browserType.connect: Target page, context or browser has been closed

    attachment #1: trace (application/zip) ─────────────────────────────────────────────────────────
    ..\test-results\TS006_trackInfoDisplayOpti-94cc9-uld-change-the-infobox-size-browserstack-chrome-mac-retry1\trace.zip
    Usage:

        npx playwright show-trace ..\test-results\TS006_trackInfoDisplayOpti-94cc9-uld-change-the-infobox-size-browserstack-chrome-mac-retry1\trace.zip

    ────────────────────────────────────────────────────────────────────────────────────────────────

    Retry #2 ───────────────────────────────────────────────────────────────────────────────────────

    Error: browserType.connect: Target page, context or browser has been closed
]]>
</failure>
<system-out>
<![CDATA[
[[ATTACHMENT|test-results\TS006_trackInfoDisplayOpti-94cc9-uld-change-the-infobox-size-browserstack-chrome-mac-retry1\trace.zip]]
]]>
</system-out>
</testcase>
</testsuite>
<testsuite name="TS007_pulsingIcon.spec.js" timestamp="2025-09-08T10:17:51.980Z" hostname="browserstack-chrome-mac" tests="1" failures="1" skipped="0" time="0.009" errors="0">
<testcase name="Pulsing Icon › should change the size of pulse effect" classname="TS007_pulsingIcon.spec.js" time="0.009">
<failure message="TS007_pulsingIcon.spec.js:23:5 should change the size of pulse effect" type="FAILURE">
<![CDATA[  [browserstack-chrome-mac] › TS007_pulsingIcon.spec.js:23:5 › Pulsing Icon › should change the size of pulse effect 

    Error: browserType.connect: Target page, context or browser has been closed

    Retry #1 ───────────────────────────────────────────────────────────────────────────────────────

    Error: browserType.connect: Target page, context or browser has been closed

    attachment #1: trace (application/zip) ─────────────────────────────────────────────────────────
    ..\test-results\TS007_pulsingIcon-Pulsing--2df0d-ge-the-size-of-pulse-effect-browserstack-chrome-mac-retry1\trace.zip
    Usage:

        npx playwright show-trace ..\test-results\TS007_pulsingIcon-Pulsing--2df0d-ge-the-size-of-pulse-effect-browserstack-chrome-mac-retry1\trace.zip

    ────────────────────────────────────────────────────────────────────────────────────────────────

    Retry #2 ───────────────────────────────────────────────────────────────────────────────────────

    Error: browserType.connect: Target page, context or browser has been closed
]]>
</failure>
<system-out>
<![CDATA[
[[ATTACHMENT|test-results\TS007_pulsingIcon-Pulsing--2df0d-ge-the-size-of-pulse-effect-browserstack-chrome-mac-retry1\trace.zip]]
]]>
</system-out>
</testcase>
</testsuite>
<testsuite name="TS008_alertsContact.spec.js" timestamp="2025-09-08T10:17:51.980Z" hostname="browserstack-chrome-mac" tests="1" failures="1" skipped="0" time="0.01" errors="0">
<testcase name="Alert Contact › should add email and phone contacts and configure alert settings" classname="TS008_alertsContact.spec.js" time="0.01">
<failure message="TS008_alertsContact.spec.js:23:3 should add email and phone contacts and configure alert settings" type="FAILURE">
<![CDATA[  [browserstack-chrome-mac] › TS008_alertsContact.spec.js:23:3 › Alert Contact › should add email and phone contacts and configure alert settings 

    Error: browserType.connect: Target page, context or browser has been closed

    Retry #1 ───────────────────────────────────────────────────────────────────────────────────────

    Error: browserType.connect: Target page, context or browser has been closed

    attachment #1: trace (application/zip) ─────────────────────────────────────────────────────────
    ..\test-results\TS008_alertsContact-Alert--dde29-nd-configure-alert-settings-browserstack-chrome-mac-retry1\trace.zip
    Usage:

        npx playwright show-trace ..\test-results\TS008_alertsContact-Alert--dde29-nd-configure-alert-settings-browserstack-chrome-mac-retry1\trace.zip

    ────────────────────────────────────────────────────────────────────────────────────────────────

    Retry #2 ───────────────────────────────────────────────────────────────────────────────────────

    Error: browserType.connect: Target page, context or browser has been closed
]]>
</failure>
<system-out>
<![CDATA[
[[ATTACHMENT|test-results\TS008_alertsContact-Alert--dde29-nd-configure-alert-settings-browserstack-chrome-mac-retry1\trace.zip]]
]]>
</system-out>
</testcase>
</testsuite>
<testsuite name="TS009_changeAlertSettings.spec.js" timestamp="2025-09-08T10:17:51.980Z" hostname="browserstack-chrome-mac" tests="1" failures="1" skipped="0" time="0.008" errors="0">
<testcase name="Change Alert Settings › should manage alerts" classname="TS009_changeAlertSettings.spec.js" time="0.008">
<failure message="TS009_changeAlertSettings.spec.js:23:3 should manage alerts" type="FAILURE">
<![CDATA[  [browserstack-chrome-mac] › TS009_changeAlertSettings.spec.js:23:3 › Change Alert Settings › should manage alerts 

    Error: browserType.connect: Target page, context or browser has been closed

    Retry #1 ───────────────────────────────────────────────────────────────────────────────────────

    Error: browserType.connect: Target page, context or browser has been closed

    attachment #1: trace (application/zip) ─────────────────────────────────────────────────────────
    ..\test-results\TS009_changeAlertSettings--950bb-ttings-should-manage-alerts-browserstack-chrome-mac-retry1\trace.zip
    Usage:

        npx playwright show-trace ..\test-results\TS009_changeAlertSettings--950bb-ttings-should-manage-alerts-browserstack-chrome-mac-retry1\trace.zip

    ────────────────────────────────────────────────────────────────────────────────────────────────

    Retry #2 ───────────────────────────────────────────────────────────────────────────────────────

    Error: browserType.connect: Target page, context or browser has been closed
]]>
</failure>
<system-out>
<![CDATA[
[[ATTACHMENT|test-results\TS009_changeAlertSettings--950bb-ttings-should-manage-alerts-browserstack-chrome-mac-retry1\trace.zip]]
]]>
</system-out>
</testcase>
</testsuite>
<testsuite name="TS010_scheduledReports.spec.js" timestamp="2025-09-08T10:17:51.980Z" hostname="browserstack-chrome-mac" tests="1" failures="1" skipped="0" time="0.009" errors="0">
<testcase name="Scheduled Reports › should view the scheduled report and manage info" classname="TS010_scheduledReports.spec.js" time="0.009">
<failure message="TS010_scheduledReports.spec.js:23:3 should view the scheduled report and manage info" type="FAILURE">
<![CDATA[  [browserstack-chrome-mac] › TS010_scheduledReports.spec.js:23:3 › Scheduled Reports › should view the scheduled report and manage info 

    Error: browserType.connect: Target page, context or browser has been closed

    Retry #1 ───────────────────────────────────────────────────────────────────────────────────────

    Error: browserType.connect: Target page, context or browser has been closed

    attachment #1: trace (application/zip) ─────────────────────────────────────────────────────────
    ..\test-results\TS010_scheduledReports-Sch-b8172-uled-report-and-manage-info-browserstack-chrome-mac-retry1\trace.zip
    Usage:

        npx playwright show-trace ..\test-results\TS010_scheduledReports-Sch-b8172-uled-report-and-manage-info-browserstack-chrome-mac-retry1\trace.zip

    ────────────────────────────────────────────────────────────────────────────────────────────────

    Retry #2 ───────────────────────────────────────────────────────────────────────────────────────

    Error: browserType.connect: Target page, context or browser has been closed
]]>
</failure>
<system-out>
<![CDATA[
[[ATTACHMENT|test-results\TS010_scheduledReports-Sch-b8172-uled-report-and-manage-info-browserstack-chrome-mac-retry1\trace.zip]]
]]>
</system-out>
</testcase>
</testsuite>
<testsuite name="TS011_addEditMaintenanceContact.spec.js" timestamp="2025-09-08T10:17:51.980Z" hostname="browserstack-chrome-mac" tests="1" failures="1" skipped="0" time="0.012" errors="0">
<testcase name="Add Edit Maintenance Contact › should add the contact details" classname="TS011_addEditMaintenanceContact.spec.js" time="0.012">
<failure message="TS011_addEditMaintenanceContact.spec.js:23:3 should add the contact details" type="FAILURE">
<![CDATA[  [browserstack-chrome-mac] › TS011_addEditMaintenanceContact.spec.js:23:3 › Add Edit Maintenance Contact › should add the contact details 

    Error: browserType.connect: Target page, context or browser has been closed

    Retry #1 ───────────────────────────────────────────────────────────────────────────────────────

    Error: browserType.connect: Target page, context or browser has been closed

    attachment #1: trace (application/zip) ─────────────────────────────────────────────────────────
    ..\test-results\TS011_addEditMaintenanceCo-5d462-uld-add-the-contact-details-browserstack-chrome-mac-retry1\trace.zip
    Usage:

        npx playwright show-trace ..\test-results\TS011_addEditMaintenanceCo-5d462-uld-add-the-contact-details-browserstack-chrome-mac-retry1\trace.zip

    ────────────────────────────────────────────────────────────────────────────────────────────────

    Retry #2 ───────────────────────────────────────────────────────────────────────────────────────

    Error: browserType.connect: Target page, context or browser has been closed
]]>
</failure>
<system-out>
<![CDATA[
[[ATTACHMENT|test-results\TS011_addEditMaintenanceCo-5d462-uld-add-the-contact-details-browserstack-chrome-mac-retry1\trace.zip]]
]]>
</system-out>
</testcase>
</testsuite>
<testsuite name="TS012_maintainanceReport.spec.js" timestamp="2025-09-08T10:17:51.980Z" hostname="browserstack-chrome-mac" tests="1" failures="1" skipped="0" time="0.008" errors="0">
<testcase name="Maintainance Report › should view the vehicle maintenance report" classname="TS012_maintainanceReport.spec.js" time="0.008">
<failure message="TS012_maintainanceReport.spec.js:23:3 should view the vehicle maintenance report" type="FAILURE">
<![CDATA[  [browserstack-chrome-mac] › TS012_maintainanceReport.spec.js:23:3 › Maintainance Report › should view the vehicle maintenance report 

    Error: browserType.connect: Target page, context or browser has been closed

    Retry #1 ───────────────────────────────────────────────────────────────────────────────────────

    Error: browserType.connect: Target page, context or browser has been closed

    attachment #1: trace (application/zip) ─────────────────────────────────────────────────────────
    ..\test-results\TS012_maintainanceReport-M-d232c--vehicle-maintenance-report-browserstack-chrome-mac-retry1\trace.zip
    Usage:

        npx playwright show-trace ..\test-results\TS012_maintainanceReport-M-d232c--vehicle-maintenance-report-browserstack-chrome-mac-retry1\trace.zip

    ────────────────────────────────────────────────────────────────────────────────────────────────

    Retry #2 ───────────────────────────────────────────────────────────────────────────────────────

    Error: browserType.connect: Target page, context or browser has been closed
]]>
</failure>
<system-out>
<![CDATA[
[[ATTACHMENT|test-results\TS012_maintainanceReport-M-d232c--vehicle-maintenance-report-browserstack-chrome-mac-retry1\trace.zip]]
]]>
</system-out>
</testcase>
</testsuite>
<testsuite name="TS013_viewVehicleService.spec.js" timestamp="2025-09-08T10:17:51.980Z" hostname="browserstack-chrome-mac" tests="1" failures="1" skipped="0" time="0.008" errors="0">
<testcase name="View Vehicle Service › should add new services" classname="TS013_viewVehicleService.spec.js" time="0.008">
<failure message="TS013_viewVehicleService.spec.js:23:3 should add new services" type="FAILURE">
<![CDATA[  [browserstack-chrome-mac] › TS013_viewVehicleService.spec.js:23:3 › View Vehicle Service › should add new services 

    Error: browserType.connect: Target page, context or browser has been closed

    Retry #1 ───────────────────────────────────────────────────────────────────────────────────────

    Error: browserType.connect: Target page, context or browser has been closed

    attachment #1: trace (application/zip) ─────────────────────────────────────────────────────────
    ..\test-results\TS013_viewVehicleService-V-f3efb-ice-should-add-new-services-browserstack-chrome-mac-retry1\trace.zip
    Usage:

        npx playwright show-trace ..\test-results\TS013_viewVehicleService-V-f3efb-ice-should-add-new-services-browserstack-chrome-mac-retry1\trace.zip

    ────────────────────────────────────────────────────────────────────────────────────────────────

    Retry #2 ───────────────────────────────────────────────────────────────────────────────────────

    Error: browserType.connect: Target page, context or browser has been closed
]]>
</failure>
<system-out>
<![CDATA[
[[ATTACHMENT|test-results\TS013_viewVehicleService-V-f3efb-ice-should-add-new-services-browserstack-chrome-mac-retry1\trace.zip]]
]]>
</system-out>
</testcase>
</testsuite>
<testsuite name="TS014_weeklyAfterHoursSummary.spec.js" timestamp="2025-09-08T10:17:51.980Z" hostname="browserstack-chrome-mac" tests="1" failures="1" skipped="0" time="0.009" errors="0">
<testcase name="Weekly After Hours Summary › should view the after hour alerts on weekly basis" classname="TS014_weeklyAfterHoursSummary.spec.js" time="0.009">
<failure message="TS014_weeklyAfterHoursSummary.spec.js:23:3 should view the after hour alerts on weekly basis" type="FAILURE">
<![CDATA[  [browserstack-chrome-mac] › TS014_weeklyAfterHoursSummary.spec.js:23:3 › Weekly After Hours Summary › should view the after hour alerts on weekly basis 

    Error: browserType.connect: Target page, context or browser has been closed

    Retry #1 ───────────────────────────────────────────────────────────────────────────────────────

    Error: browserType.connect: Target page, context or browser has been closed

    attachment #1: trace (application/zip) ─────────────────────────────────────────────────────────
    ..\test-results\TS014_weeklyAfterHoursSumm-fdce8-hour-alerts-on-weekly-basis-browserstack-chrome-mac-retry1\trace.zip
    Usage:

        npx playwright show-trace ..\test-results\TS014_weeklyAfterHoursSumm-fdce8-hour-alerts-on-weekly-basis-browserstack-chrome-mac-retry1\trace.zip

    ────────────────────────────────────────────────────────────────────────────────────────────────

    Retry #2 ───────────────────────────────────────────────────────────────────────────────────────

    Error: browserType.connect: Target page, context or browser has been closed
]]>
</failure>
<system-out>
<![CDATA[
[[ATTACHMENT|test-results\TS014_weeklyAfterHoursSumm-fdce8-hour-alerts-on-weekly-basis-browserstack-chrome-mac-retry1\trace.zip]]
]]>
</system-out>
</testcase>
</testsuite>
<testsuite name="TS015_afterHourSummary.spec.js" timestamp="2025-09-08T10:17:51.980Z" hostname="browserstack-chrome-mac" tests="1" failures="1" skipped="0" time="0.009" errors="0">
<testcase name="After Hour Summary › should redirect to fleet demo page with demo credentials" classname="TS015_afterHourSummary.spec.js" time="0.009">
<failure message="TS015_afterHourSummary.spec.js:23:3 should redirect to fleet demo page with demo credentials" type="FAILURE">
<![CDATA[  [browserstack-chrome-mac] › TS015_afterHourSummary.spec.js:23:3 › After Hour Summary › should redirect to fleet demo page with demo credentials 

    Error: browserType.connect: Target page, context or browser has been closed

    Retry #1 ───────────────────────────────────────────────────────────────────────────────────────

    Error: browserType.connect: Target page, context or browser has been closed

    attachment #1: trace (application/zip) ─────────────────────────────────────────────────────────
    ..\test-results\TS015_afterHourSummary-Aft-66a96--page-with-demo-credentials-browserstack-chrome-mac-retry1\trace.zip
    Usage:

        npx playwright show-trace ..\test-results\TS015_afterHourSummary-Aft-66a96--page-with-demo-credentials-browserstack-chrome-mac-retry1\trace.zip

    ────────────────────────────────────────────────────────────────────────────────────────────────

    Retry #2 ───────────────────────────────────────────────────────────────────────────────────────

    Error: browserType.connect: Target page, context or browser has been closed
]]>
</failure>
<system-out>
<![CDATA[
[[ATTACHMENT|test-results\TS015_afterHourSummary-Aft-66a96--page-with-demo-credentials-browserstack-chrome-mac-retry1\trace.zip]]
]]>
</system-out>
</testcase>
</testsuite>
<testsuite name="TS016_afterHoursInsight.spec.js" timestamp="2025-09-08T10:17:51.980Z" hostname="browserstack-chrome-mac" tests="1" failures="1" skipped="0" time="0.01" errors="0">
<testcase name="After Hour Insight › should redirect to After Hour Insight" classname="TS016_afterHoursInsight.spec.js" time="0.01">
<failure message="TS016_afterHoursInsight.spec.js:23:5 should redirect to After Hour Insight" type="FAILURE">
<![CDATA[  [browserstack-chrome-mac] › TS016_afterHoursInsight.spec.js:23:5 › After Hour Insight › should redirect to After Hour Insight 

    Error: browserType.connect: Target page, context or browser has been closed

    Retry #1 ───────────────────────────────────────────────────────────────────────────────────────

    Error: browserType.connect: Target page, context or browser has been closed

    attachment #1: trace (application/zip) ─────────────────────────────────────────────────────────
    ..\test-results\TS016_afterHoursInsight-Af-57180-irect-to-After-Hour-Insight-browserstack-chrome-mac-retry1\trace.zip
    Usage:

        npx playwright show-trace ..\test-results\TS016_afterHoursInsight-Af-57180-irect-to-After-Hour-Insight-browserstack-chrome-mac-retry1\trace.zip

    ────────────────────────────────────────────────────────────────────────────────────────────────

    Retry #2 ───────────────────────────────────────────────────────────────────────────────────────

    Error: browserType.connect: Target page, context or browser has been closed
]]>
</failure>
<system-out>
<![CDATA[
[[ATTACHMENT|test-results\TS016_afterHoursInsight-Af-57180-irect-to-After-Hour-Insight-browserstack-chrome-mac-retry1\trace.zip]]
]]>
</system-out>
</testcase>
</testsuite>
<testsuite name="TS017_afterHoursSettings.spec.js" timestamp="2025-09-08T10:17:51.980Z" hostname="browserstack-chrome-mac" tests="1" failures="1" skipped="0" time="0.012" errors="0">
<testcase name="After Hour Setting › should edit the after hour settings of a device" classname="TS017_afterHoursSettings.spec.js" time="0.012">
<failure message="TS017_afterHoursSettings.spec.js:23:5 should edit the after hour settings of a device" type="FAILURE">
<![CDATA[  [browserstack-chrome-mac] › TS017_afterHoursSettings.spec.js:23:5 › After Hour Setting › should edit the after hour settings of a device 

    Error: browserType.connect: Target page, context or browser has been closed

    Retry #1 ───────────────────────────────────────────────────────────────────────────────────────

    Error: browserType.connect: Target page, context or browser has been closed

    attachment #1: trace (application/zip) ─────────────────────────────────────────────────────────
    ..\test-results\TS017_afterHoursSettings-A-52fc2-r-hour-settings-of-a-device-browserstack-chrome-mac-retry1\trace.zip
    Usage:

        npx playwright show-trace ..\test-results\TS017_afterHoursSettings-A-52fc2-r-hour-settings-of-a-device-browserstack-chrome-mac-retry1\trace.zip

    ────────────────────────────────────────────────────────────────────────────────────────────────

    Retry #2 ───────────────────────────────────────────────────────────────────────────────────────

    Error: browserType.connect: Target page, context or browser has been closed
]]>
</failure>
<system-out>
<![CDATA[
[[ATTACHMENT|test-results\TS017_afterHoursSettings-A-52fc2-r-hour-settings-of-a-device-browserstack-chrome-mac-retry1\trace.zip]]
]]>
</system-out>
</testcase>
</testsuite>
<testsuite name="TS018_createGeofencing.spec.js" timestamp="2025-09-08T10:17:51.980Z" hostname="browserstack-chrome-mac" tests="1" failures="1" skipped="0" time="0.012" errors="0">
<testcase name="Create Geofencing › should be able to create new Geofence" classname="TS018_createGeofencing.spec.js" time="0.012">
<failure message="TS018_createGeofencing.spec.js:23:5 should be able to create new Geofence" type="FAILURE">
<![CDATA[  [browserstack-chrome-mac] › TS018_createGeofencing.spec.js:23:5 › Create Geofencing › should be able to create new Geofence 

    Error: browserType.connect: Target page, context or browser has been closed

    Retry #1 ───────────────────────────────────────────────────────────────────────────────────────

    Error: browserType.connect: Target page, context or browser has been closed

    attachment #1: trace (application/zip) ─────────────────────────────────────────────────────────
    ..\test-results\TS018_createGeofencing-Cre-a5300-able-to-create-new-Geofence-browserstack-chrome-mac-retry1\trace.zip
    Usage:

        npx playwright show-trace ..\test-results\TS018_createGeofencing-Cre-a5300-able-to-create-new-Geofence-browserstack-chrome-mac-retry1\trace.zip

    ────────────────────────────────────────────────────────────────────────────────────────────────

    Retry #2 ───────────────────────────────────────────────────────────────────────────────────────

    Error: browserType.connect: Target page, context or browser has been closed
]]>
</failure>
<system-out>
<![CDATA[
[[ATTACHMENT|test-results\TS018_createGeofencing-Cre-a5300-able-to-create-new-Geofence-browserstack-chrome-mac-retry1\trace.zip]]
]]>
</system-out>
</testcase>
</testsuite>
<testsuite name="TS019_viewDeleteGeofence.spec.js" timestamp="2025-09-08T10:17:51.980Z" hostname="browserstack-chrome-mac" tests="1" failures="1" skipped="0" time="0.012" errors="0">
<testcase name="view delete geofence › should be able to edit/delete geofence" classname="TS019_viewDeleteGeofence.spec.js" time="0.012">
<failure message="TS019_viewDeleteGeofence.spec.js:23:5 should be able to edit/delete geofence" type="FAILURE">
<![CDATA[  [browserstack-chrome-mac] › TS019_viewDeleteGeofence.spec.js:23:5 › view delete geofence › should be able to edit/delete geofence 

    Error: browserType.connect: Target page, context or browser has been closed

    Retry #1 ───────────────────────────────────────────────────────────────────────────────────────

    Error: browserType.connect: Target page, context or browser has been closed

    attachment #1: trace (application/zip) ─────────────────────────────────────────────────────────
    ..\test-results\TS019_viewDeleteGeofence-v-f8eaf-ble-to-edit-delete-geofence-browserstack-chrome-mac-retry1\trace.zip
    Usage:

        npx playwright show-trace ..\test-results\TS019_viewDeleteGeofence-v-f8eaf-ble-to-edit-delete-geofence-browserstack-chrome-mac-retry1\trace.zip

    ────────────────────────────────────────────────────────────────────────────────────────────────

    Retry #2 ───────────────────────────────────────────────────────────────────────────────────────

    Error: browserType.connect: Target page, context or browser has been closed
]]>
</failure>
<system-out>
<![CDATA[
[[ATTACHMENT|test-results\TS019_viewDeleteGeofence-v-f8eaf-ble-to-edit-delete-geofence-browserstack-chrome-mac-retry1\trace.zip]]
]]>
</system-out>
</testcase>
</testsuite>
<testsuite name="TS020_weeklyGeofenceReport.spec.js" timestamp="2025-09-08T10:17:51.980Z" hostname="browserstack-chrome-mac" tests="1" failures="1" skipped="0" time="0.01" errors="0">
<testcase name="Weekly Geofencing reports › should manage recent geofence report" classname="TS020_weeklyGeofenceReport.spec.js" time="0.01">
<failure message="TS020_weeklyGeofenceReport.spec.js:24:5 should manage recent geofence report" type="FAILURE">
<![CDATA[  [browserstack-chrome-mac] › TS020_weeklyGeofenceReport.spec.js:24:5 › Weekly Geofencing reports › should manage recent geofence report 

    Error: browserType.connect: Target page, context or browser has been closed

    Retry #1 ───────────────────────────────────────────────────────────────────────────────────────

    Error: browserType.connect: Target page, context or browser has been closed

    attachment #1: trace (application/zip) ─────────────────────────────────────────────────────────
    ..\test-results\TS020_weeklyGeofenceReport-ef879-nage-recent-geofence-report-browserstack-chrome-mac-retry1\trace.zip
    Usage:

        npx playwright show-trace ..\test-results\TS020_weeklyGeofenceReport-ef879-nage-recent-geofence-report-browserstack-chrome-mac-retry1\trace.zip

    ────────────────────────────────────────────────────────────────────────────────────────────────

    Retry #2 ───────────────────────────────────────────────────────────────────────────────────────

    Error: browserType.connect: Target page, context or browser has been closed
]]>
</failure>
<system-out>
<![CDATA[
[[ATTACHMENT|test-results\TS020_weeklyGeofenceReport-ef879-nage-recent-geofence-report-browserstack-chrome-mac-retry1\trace.zip]]
]]>
</system-out>
</testcase>
</testsuite>
<testsuite name="TS021_currentGeofenceReport.spec.js" timestamp="2025-09-08T10:17:51.980Z" hostname="browserstack-chrome-mac" tests="1" failures="1" skipped="0" time="0.01" errors="0">
<testcase name="Current geofence report › should manage recent geofence report" classname="TS021_currentGeofenceReport.spec.js" time="0.01">
<failure message="TS021_currentGeofenceReport.spec.js:23:5 should manage recent geofence report" type="FAILURE">
<![CDATA[  [browserstack-chrome-mac] › TS021_currentGeofenceReport.spec.js:23:5 › Current geofence report › should manage recent geofence report 

    Error: browserType.connect: Target page, context or browser has been closed

    Retry #1 ───────────────────────────────────────────────────────────────────────────────────────

    Error: browserType.connect: Target page, context or browser has been closed

    attachment #1: trace (application/zip) ─────────────────────────────────────────────────────────
    ..\test-results\TS021_currentGeofenceRepor-21c64-nage-recent-geofence-report-browserstack-chrome-mac-retry1\trace.zip
    Usage:

        npx playwright show-trace ..\test-results\TS021_currentGeofenceRepor-21c64-nage-recent-geofence-report-browserstack-chrome-mac-retry1\trace.zip

    ────────────────────────────────────────────────────────────────────────────────────────────────

    Retry #2 ───────────────────────────────────────────────────────────────────────────────────────

    Error: browserType.connect: Target page, context or browser has been closed
]]>
</failure>
<system-out>
<![CDATA[
[[ATTACHMENT|test-results\TS021_currentGeofenceRepor-21c64-nage-recent-geofence-report-browserstack-chrome-mac-retry1\trace.zip]]
]]>
</system-out>
</testcase>
</testsuite>
<testsuite name="TS022_recentGeofenceReport.spec.js" timestamp="2025-09-08T10:17:51.980Z" hostname="browserstack-chrome-mac" tests="1" failures="1" skipped="0" time="0.007" errors="0">
<testcase name="Recent geofence report › should manage recent geofence report" classname="TS022_recentGeofenceReport.spec.js" time="0.007">
<failure message="TS022_recentGeofenceReport.spec.js:23:5 should manage recent geofence report" type="FAILURE">
<![CDATA[  [browserstack-chrome-mac] › TS022_recentGeofenceReport.spec.js:23:5 › Recent geofence report › should manage recent geofence report 

    Error: browserType.connect: Target page, context or browser has been closed

    Retry #1 ───────────────────────────────────────────────────────────────────────────────────────

    Error: browserType.connect: Target page, context or browser has been closed

    attachment #1: trace (application/zip) ─────────────────────────────────────────────────────────
    ..\test-results\TS022_recentGeofenceReport-2bb8d-nage-recent-geofence-report-browserstack-chrome-mac-retry1\trace.zip
    Usage:

        npx playwright show-trace ..\test-results\TS022_recentGeofenceReport-2bb8d-nage-recent-geofence-report-browserstack-chrome-mac-retry1\trace.zip

    ────────────────────────────────────────────────────────────────────────────────────────────────

    Retry #2 ───────────────────────────────────────────────────────────────────────────────────────

    Error: browserType.connect: Target page, context or browser has been closed
]]>
</failure>
<system-out>
<![CDATA[
[[ATTACHMENT|test-results\TS022_recentGeofenceReport-2bb8d-nage-recent-geofence-report-browserstack-chrome-mac-retry1\trace.zip]]
]]>
</system-out>
</testcase>
</testsuite>
<testsuite name="TS023_changePassword.spec.js" timestamp="2025-09-08T10:17:51.980Z" hostname="browserstack-chrome-mac" tests="1" failures="1" skipped="0" time="0.007" errors="0">
<testcase name="Change Password Test › should change password and login with new password" classname="TS023_changePassword.spec.js" time="0.007">
<failure message="TS023_changePassword.spec.js:23:5 should change password and login with new password" type="FAILURE">
<![CDATA[  [browserstack-chrome-mac] › TS023_changePassword.spec.js:23:5 › Change Password Test › should change password and login with new password 

    Error: browserType.connect: Target page, context or browser has been closed

    Retry #1 ───────────────────────────────────────────────────────────────────────────────────────

    Error: browserType.connect: Target page, context or browser has been closed

    attachment #1: trace (application/zip) ─────────────────────────────────────────────────────────
    ..\test-results\TS023_changePassword-Chang-3f056-and-login-with-new-password-browserstack-chrome-mac-retry1\trace.zip
    Usage:

        npx playwright show-trace ..\test-results\TS023_changePassword-Chang-3f056-and-login-with-new-password-browserstack-chrome-mac-retry1\trace.zip

    ────────────────────────────────────────────────────────────────────────────────────────────────

    Retry #2 ───────────────────────────────────────────────────────────────────────────────────────

    Error: browserType.connect: Target page, context or browser has been closed
]]>
</failure>
<system-out>
<![CDATA[
[[ATTACHMENT|test-results\TS023_changePassword-Chang-3f056-and-login-with-new-password-browserstack-chrome-mac-retry1\trace.zip]]
]]>
</system-out>
</testcase>
</testsuite>
<testsuite name="TS024_createLandmark.spec.js" timestamp="2025-09-08T10:17:51.980Z" hostname="browserstack-chrome-mac" tests="1" failures="1" skipped="0" time="0.01" errors="0">
<testcase name="Geofencing Tests › should redirect to fleet demo page with demo credentials" classname="TS024_createLandmark.spec.js" time="0.01">
<failure message="TS024_createLandmark.spec.js:23:5 should redirect to fleet demo page with demo credentials" type="FAILURE">
<![CDATA[  [browserstack-chrome-mac] › TS024_createLandmark.spec.js:23:5 › Geofencing Tests › should redirect to fleet demo page with demo credentials 

    Error: browserType.connect: Target page, context or browser has been closed

    Retry #1 ───────────────────────────────────────────────────────────────────────────────────────

    Error: browserType.connect: Target page, context or browser has been closed

    attachment #1: trace (application/zip) ─────────────────────────────────────────────────────────
    ..\test-results\TS024_createLandmark-Geofe-b3f86--page-with-demo-credentials-browserstack-chrome-mac-retry1\trace.zip
    Usage:

        npx playwright show-trace ..\test-results\TS024_createLandmark-Geofe-b3f86--page-with-demo-credentials-browserstack-chrome-mac-retry1\trace.zip

    ────────────────────────────────────────────────────────────────────────────────────────────────

    Retry #2 ───────────────────────────────────────────────────────────────────────────────────────

    Error: browserType.connect: Target page, context or browser has been closed
]]>
</failure>
<system-out>
<![CDATA[
[[ATTACHMENT|test-results\TS024_createLandmark-Geofe-b3f86--page-with-demo-credentials-browserstack-chrome-mac-retry1\trace.zip]]
]]>
</system-out>
</testcase>
</testsuite>
<testsuite name="TS025_landmarkReport.spec.js" timestamp="2025-09-08T10:17:51.980Z" hostname="browserstack-chrome-mac" tests="1" failures="1" skipped="0" time="0.011" errors="0">
<testcase name="Geofencing Tests › should redirect to fleet demo page with demo credentials" classname="TS025_landmarkReport.spec.js" time="0.011">
<failure message="TS025_landmarkReport.spec.js:23:5 should redirect to fleet demo page with demo credentials" type="FAILURE">
<![CDATA[  [browserstack-chrome-mac] › TS025_landmarkReport.spec.js:23:5 › Geofencing Tests › should redirect to fleet demo page with demo credentials 

    Error: browserType.connect: Target page, context or browser has been closed

    Retry #1 ───────────────────────────────────────────────────────────────────────────────────────

    Error: browserType.connect: Target page, context or browser has been closed

    attachment #1: trace (application/zip) ─────────────────────────────────────────────────────────
    ..\test-results\TS025_landmarkReport-Geofe-88fca--page-with-demo-credentials-browserstack-chrome-mac-retry1\trace.zip
    Usage:

        npx playwright show-trace ..\test-results\TS025_landmarkReport-Geofe-88fca--page-with-demo-credentials-browserstack-chrome-mac-retry1\trace.zip

    ────────────────────────────────────────────────────────────────────────────────────────────────

    Retry #2 ───────────────────────────────────────────────────────────────────────────────────────

    Error: browserType.connect: Target page, context or browser has been closed
]]>
</failure>
<system-out>
<![CDATA[
[[ATTACHMENT|test-results\TS025_landmarkReport-Geofe-88fca--page-with-demo-credentials-browserstack-chrome-mac-retry1\trace.zip]]
]]>
</system-out>
</testcase>
</testsuite>
<testsuite name="TS026_viewEditLandmark.spec.js" timestamp="2025-09-08T10:17:51.980Z" hostname="browserstack-chrome-mac" tests="1" failures="1" skipped="0" time="0.013" errors="0">
<testcase name="Geofencing Tests › should redirect to fleet demo page with demo credentials" classname="TS026_viewEditLandmark.spec.js" time="0.013">
<failure message="TS026_viewEditLandmark.spec.js:23:5 should redirect to fleet demo page with demo credentials" type="FAILURE">
<![CDATA[  [browserstack-chrome-mac] › TS026_viewEditLandmark.spec.js:23:5 › Geofencing Tests › should redirect to fleet demo page with demo credentials 

    Error: browserType.connect: Target page, context or browser has been closed

    Retry #1 ───────────────────────────────────────────────────────────────────────────────────────

    Error: browserType.connect: Target page, context or browser has been closed

    attachment #1: trace (application/zip) ─────────────────────────────────────────────────────────
    ..\test-results\TS026_viewEditLandmark-Geo-2adac--page-with-demo-credentials-browserstack-chrome-mac-retry1\trace.zip
    Usage:

        npx playwright show-trace ..\test-results\TS026_viewEditLandmark-Geo-2adac--page-with-demo-credentials-browserstack-chrome-mac-retry1\trace.zip

    ────────────────────────────────────────────────────────────────────────────────────────────────

    Retry #2 ───────────────────────────────────────────────────────────────────────────────────────

    Error: browserType.connect: Target page, context or browser has been closed
]]>
</failure>
<system-out>
<![CDATA[
[[ATTACHMENT|test-results\TS026_viewEditLandmark-Geo-2adac--page-with-demo-credentials-browserstack-chrome-mac-retry1\trace.zip]]
]]>
</system-out>
</testcase>
</testsuite>
<testsuite name="TS027_trackHistory.spec.js" timestamp="2025-09-08T10:17:51.980Z" hostname="browserstack-chrome-mac" tests="1" failures="1" skipped="0" time="0.013" errors="0">
<testcase name="Track History Tests › should verify HERE Maps car marker animation functionality" classname="TS027_trackHistory.spec.js" time="0.013">
<failure message="TS027_trackHistory.spec.js:23:5 should verify HERE Maps car marker animation functionality" type="FAILURE">
<![CDATA[  [browserstack-chrome-mac] › TS027_trackHistory.spec.js:23:5 › Track History Tests › should verify HERE Maps car marker animation functionality 

    Error: browserType.connect: Target page, context or browser has been closed

    Retry #1 ───────────────────────────────────────────────────────────────────────────────────────

    Error: browserType.connect: Target page, context or browser has been closed

    attachment #1: trace (application/zip) ─────────────────────────────────────────────────────────
    ..\test-results\TS027_trackHistory-Track-H-86a50-ker-animation-functionality-browserstack-chrome-mac-retry1\trace.zip
    Usage:

        npx playwright show-trace ..\test-results\TS027_trackHistory-Track-H-86a50-ker-animation-functionality-browserstack-chrome-mac-retry1\trace.zip

    ────────────────────────────────────────────────────────────────────────────────────────────────

    Retry #2 ───────────────────────────────────────────────────────────────────────────────────────

    Error: browserType.connect: Target page, context or browser has been closed
]]>
</failure>
<system-out>
<![CDATA[
[[ATTACHMENT|test-results\TS027_trackHistory-Track-H-86a50-ker-animation-functionality-browserstack-chrome-mac-retry1\trace.zip]]
]]>
</system-out>
</testcase>
</testsuite>
<testsuite name="TS028_travelLogReport.spec.js" timestamp="2025-09-08T10:17:51.980Z" hostname="browserstack-chrome-mac" tests="1" failures="1" skipped="0" time="0.012" errors="0">
<testcase name="Travel Log Report › should display TLR" classname="TS028_travelLogReport.spec.js" time="0.012">
<failure message="TS028_travelLogReport.spec.js:23:5 should display TLR" type="FAILURE">
<![CDATA[  [browserstack-chrome-mac] › TS028_travelLogReport.spec.js:23:5 › Travel Log Report › should display TLR 

    Error: browserType.connect: Target page, context or browser has been closed

    Retry #1 ───────────────────────────────────────────────────────────────────────────────────────

    Error: browserType.connect: Target page, context or browser has been closed

    attachment #1: trace (application/zip) ─────────────────────────────────────────────────────────
    ..\test-results\TS028_travelLogReport-Travel-Log-Report-should-display-TLR-browserstack-chrome-mac-retry1\trace.zip
    Usage:

        npx playwright show-trace ..\test-results\TS028_travelLogReport-Travel-Log-Report-should-display-TLR-browserstack-chrome-mac-retry1\trace.zip

    ────────────────────────────────────────────────────────────────────────────────────────────────

    Retry #2 ───────────────────────────────────────────────────────────────────────────────────────

    Error: browserType.connect: Target page, context or browser has been closed
]]>
</failure>
<system-out>
<![CDATA[
[[ATTACHMENT|test-results\TS028_travelLogReport-Travel-Log-Report-should-display-TLR-browserstack-chrome-mac-retry1\trace.zip]]
]]>
</system-out>
</testcase>
</testsuite>
<testsuite name="TS029_currentLocationReport.spec.js" timestamp="2025-09-08T10:17:51.980Z" hostname="browserstack-chrome-mac" tests="1" failures="1" skipped="0" time="0.014" errors="0">
<testcase name="Current Location Report › should redirect to fleet demo page with demo credentials and test current location report" classname="TS029_currentLocationReport.spec.js" time="0.014">
<failure message="TS029_currentLocationReport.spec.js:23:5 should redirect to fleet demo page with demo credentials and test current location report" type="FAILURE">
<![CDATA[  [browserstack-chrome-mac] › TS029_currentLocationReport.spec.js:23:5 › Current Location Report › should redirect to fleet demo page with demo credentials and test current location report 

    Error: browserType.connect: Target page, context or browser has been closed

    Retry #1 ───────────────────────────────────────────────────────────────────────────────────────

    Error: browserType.connect: Target page, context or browser has been closed

    attachment #1: trace (application/zip) ─────────────────────────────────────────────────────────
    ..\test-results\TS029_currentLocationRepor-73244-est-current-location-report-browserstack-chrome-mac-retry1\trace.zip
    Usage:

        npx playwright show-trace ..\test-results\TS029_currentLocationRepor-73244-est-current-location-report-browserstack-chrome-mac-retry1\trace.zip

    ────────────────────────────────────────────────────────────────────────────────────────────────

    Retry #2 ───────────────────────────────────────────────────────────────────────────────────────

    Error: browserType.connect: Target page, context or browser has been closed
]]>
</failure>
<system-out>
<![CDATA[
[[ATTACHMENT|test-results\TS029_currentLocationRepor-73244-est-current-location-report-browserstack-chrome-mac-retry1\trace.zip]]
]]>
</system-out>
</testcase>
</testsuite>
<testsuite name="TS030_mileageReport.spec.js" timestamp="2025-09-08T10:17:51.980Z" hostname="browserstack-chrome-mac" tests="1" failures="1" skipped="0" time="0.01" errors="0">
<testcase name="Mileage Report › should display start and end mileage of devices" classname="TS030_mileageReport.spec.js" time="0.01">
<failure message="TS030_mileageReport.spec.js:23:5 should display start and end mileage of devices" type="FAILURE">
<![CDATA[  [browserstack-chrome-mac] › TS030_mileageReport.spec.js:23:5 › Mileage Report › should display start and end mileage of devices 

    Error: browserType.connect: Target page, context or browser has been closed

    Retry #1 ───────────────────────────────────────────────────────────────────────────────────────

    Error: browserType.connect: Target page, context or browser has been closed

    attachment #1: trace (application/zip) ─────────────────────────────────────────────────────────
    ..\test-results\TS030_mileageReport-Mileag-dafe3--and-end-mileage-of-devices-browserstack-chrome-mac-retry1\trace.zip
    Usage:

        npx playwright show-trace ..\test-results\TS030_mileageReport-Mileag-dafe3--and-end-mileage-of-devices-browserstack-chrome-mac-retry1\trace.zip

    ────────────────────────────────────────────────────────────────────────────────────────────────

    Retry #2 ───────────────────────────────────────────────────────────────────────────────────────

    Error: browserType.connect: Target page, context or browser has been closed
]]>
</failure>
<system-out>
<![CDATA[
[[ATTACHMENT|test-results\TS030_mileageReport-Mileag-dafe3--and-end-mileage-of-devices-browserstack-chrome-mac-retry1\trace.zip]]
]]>
</system-out>
</testcase>
</testsuite>
<testsuite name="TS031_stateMileageReport.spec.js" timestamp="2025-09-08T10:17:51.980Z" hostname="browserstack-chrome-mac" tests="1" failures="1" skipped="0" time="0.01" errors="0">
<testcase name="State Mileage Report › should be redirected to fleet demo page with demo credentials" classname="TS031_stateMileageReport.spec.js" time="0.01">
<failure message="TS031_stateMileageReport.spec.js:23:5 should be redirected to fleet demo page with demo credentials" type="FAILURE">
<![CDATA[  [browserstack-chrome-mac] › TS031_stateMileageReport.spec.js:23:5 › State Mileage Report › should be redirected to fleet demo page with demo credentials 

    Error: browserType.connect: Target page, context or browser has been closed

    Retry #1 ───────────────────────────────────────────────────────────────────────────────────────

    Error: browserType.connect: Target page, context or browser has been closed

    attachment #1: trace (application/zip) ─────────────────────────────────────────────────────────
    ..\test-results\TS031_stateMileageReport-S-26de1--page-with-demo-credentials-browserstack-chrome-mac-retry1\trace.zip
    Usage:

        npx playwright show-trace ..\test-results\TS031_stateMileageReport-S-26de1--page-with-demo-credentials-browserstack-chrome-mac-retry1\trace.zip

    ────────────────────────────────────────────────────────────────────────────────────────────────

    Retry #2 ───────────────────────────────────────────────────────────────────────────────────────

    Error: browserType.connect: Target page, context or browser has been closed
]]>
</failure>
<system-out>
<![CDATA[
[[ATTACHMENT|test-results\TS031_stateMileageReport-S-26de1--page-with-demo-credentials-browserstack-chrome-mac-retry1\trace.zip]]
]]>
</system-out>
</testcase>
</testsuite>
<testsuite name="TS032_30DayMileageReport.spec.js" timestamp="2025-09-08T10:17:51.980Z" hostname="browserstack-chrome-mac" tests="1" failures="1" skipped="0" time="0.01" errors="0">
<testcase name="30 Day Mileage Report › should be redirected to fleet demo page with demo credentials" classname="TS032_30DayMileageReport.spec.js" time="0.01">
<failure message="TS032_30DayMileageReport.spec.js:23:5 should be redirected to fleet demo page with demo credentials" type="FAILURE">
<![CDATA[  [browserstack-chrome-mac] › TS032_30DayMileageReport.spec.js:23:5 › 30 Day Mileage Report › should be redirected to fleet demo page with demo credentials 

    Error: browserType.connect: Target page, context or browser has been closed

    Retry #1 ───────────────────────────────────────────────────────────────────────────────────────

    Error: browserType.connect: Target page, context or browser has been closed

    attachment #1: trace (application/zip) ─────────────────────────────────────────────────────────
    ..\test-results\TS032_30DayMileageReport-3-41183--page-with-demo-credentials-browserstack-chrome-mac-retry1\trace.zip
    Usage:

        npx playwright show-trace ..\test-results\TS032_30DayMileageReport-3-41183--page-with-demo-credentials-browserstack-chrome-mac-retry1\trace.zip

    ────────────────────────────────────────────────────────────────────────────────────────────────

    Retry #2 ───────────────────────────────────────────────────────────────────────────────────────

    Error: browserType.connect: Target page, context or browser has been closed
]]>
</failure>
<system-out>
<![CDATA[
[[ATTACHMENT|test-results\TS032_30DayMileageReport-3-41183--page-with-demo-credentials-browserstack-chrome-mac-retry1\trace.zip]]
]]>
</system-out>
</testcase>
</testsuite>
<testsuite name="TS033_postedSpeedReport.spec.js" timestamp="2025-09-08T10:17:51.980Z" hostname="browserstack-chrome-mac" tests="1" failures="1" skipped="0" time="0.009" errors="0">
<testcase name="Posted Speed Report › should generate and validate posted speed report" classname="TS033_postedSpeedReport.spec.js" time="0.009">
<failure message="TS033_postedSpeedReport.spec.js:23:5 should generate and validate posted speed report" type="FAILURE">
<![CDATA[  [browserstack-chrome-mac] › TS033_postedSpeedReport.spec.js:23:5 › Posted Speed Report › should generate and validate posted speed report 

    Error: browserType.connect: Target page, context or browser has been closed

    Retry #1 ───────────────────────────────────────────────────────────────────────────────────────

    Error: browserType.connect: Target page, context or browser has been closed

    attachment #1: trace (application/zip) ─────────────────────────────────────────────────────────
    ..\test-results\TS033_postedSpeedReport-Po-2b698-alidate-posted-speed-report-browserstack-chrome-mac-retry1\trace.zip
    Usage:

        npx playwright show-trace ..\test-results\TS033_postedSpeedReport-Po-2b698-alidate-posted-speed-report-browserstack-chrome-mac-retry1\trace.zip

    ────────────────────────────────────────────────────────────────────────────────────────────────

    Retry #2 ───────────────────────────────────────────────────────────────────────────────────────

    Error: browserType.connect: Target page, context or browser has been closed
]]>
</failure>
<system-out>
<![CDATA[
[[ATTACHMENT|test-results\TS033_postedSpeedReport-Po-2b698-alidate-posted-speed-report-browserstack-chrome-mac-retry1\trace.zip]]
]]>
</system-out>
</testcase>
</testsuite>
<testsuite name="TS034_tripReport.spec.js" timestamp="2025-09-08T10:17:51.980Z" hostname="browserstack-chrome-mac" tests="1" failures="1" skipped="0" time="0.012" errors="0">
<testcase name="Trip Report › should generate and validate trip report" classname="TS034_tripReport.spec.js" time="0.012">
<failure message="TS034_tripReport.spec.js:23:5 should generate and validate trip report" type="FAILURE">
<![CDATA[  [browserstack-chrome-mac] › TS034_tripReport.spec.js:23:5 › Trip Report › should generate and validate trip report 

    Error: browserType.connect: Target page, context or browser has been closed

    Retry #1 ───────────────────────────────────────────────────────────────────────────────────────

    Error: browserType.connect: Target page, context or browser has been closed

    attachment #1: trace (application/zip) ─────────────────────────────────────────────────────────
    ..\test-results\TS034_tripReport-Trip-Repo-77235-te-and-validate-trip-report-browserstack-chrome-mac-retry1\trace.zip
    Usage:

        npx playwright show-trace ..\test-results\TS034_tripReport-Trip-Repo-77235-te-and-validate-trip-report-browserstack-chrome-mac-retry1\trace.zip

    ────────────────────────────────────────────────────────────────────────────────────────────────

    Retry #2 ───────────────────────────────────────────────────────────────────────────────────────

    Error: browserType.connect: Target page, context or browser has been closed
]]>
</failure>
<system-out>
<![CDATA[
[[ATTACHMENT|test-results\TS034_tripReport-Trip-Repo-77235-te-and-validate-trip-report-browserstack-chrome-mac-retry1\trace.zip]]
]]>
</system-out>
</testcase>
</testsuite>
<testsuite name="TS035_engineOnReport.spec.js" timestamp="2025-09-08T10:17:51.980Z" hostname="browserstack-chrome-mac" tests="1" failures="1" skipped="0" time="0.013" errors="0">
<testcase name="Engine On Report › should generate and validate engine on report" classname="TS035_engineOnReport.spec.js" time="0.013">
<failure message="TS035_engineOnReport.spec.js:23:5 should generate and validate engine on report" type="FAILURE">
<![CDATA[  [browserstack-chrome-mac] › TS035_engineOnReport.spec.js:23:5 › Engine On Report › should generate and validate engine on report 

    Error: browserType.connect: Target page, context or browser has been closed

    Retry #1 ───────────────────────────────────────────────────────────────────────────────────────

    Error: browserType.connect: Target page, context or browser has been closed

    attachment #1: trace (application/zip) ─────────────────────────────────────────────────────────
    ..\test-results\TS035_engineOnReport-Engin-0a7d6-d-validate-engine-on-report-browserstack-chrome-mac-retry1\trace.zip
    Usage:

        npx playwright show-trace ..\test-results\TS035_engineOnReport-Engin-0a7d6-d-validate-engine-on-report-browserstack-chrome-mac-retry1\trace.zip

    ────────────────────────────────────────────────────────────────────────────────────────────────

    Retry #2 ───────────────────────────────────────────────────────────────────────────────────────

    Error: browserType.connect: Target page, context or browser has been closed
]]>
</failure>
<system-out>
<![CDATA[
[[ATTACHMENT|test-results\TS035_engineOnReport-Engin-0a7d6-d-validate-engine-on-report-browserstack-chrome-mac-retry1\trace.zip]]
]]>
</system-out>
</testcase>
</testsuite>
<testsuite name="TS036_idlingReport.spec.js" timestamp="2025-09-08T10:17:51.980Z" hostname="browserstack-chrome-mac" tests="1" failures="1" skipped="0" time="0.015" errors="0">
<testcase name="Idling Report › should generate and validate idling report" classname="TS036_idlingReport.spec.js" time="0.015">
<failure message="TS036_idlingReport.spec.js:23:5 should generate and validate idling report" type="FAILURE">
<![CDATA[  [browserstack-chrome-mac] › TS036_idlingReport.spec.js:23:5 › Idling Report › should generate and validate idling report 

    Error: browserType.connect: Target page, context or browser has been closed

    Retry #1 ───────────────────────────────────────────────────────────────────────────────────────

    Error: browserType.connect: Target page, context or browser has been closed

    attachment #1: trace (application/zip) ─────────────────────────────────────────────────────────
    ..\test-results\TS036_idlingReport-Idling--f140b--and-validate-idling-report-browserstack-chrome-mac-retry1\trace.zip
    Usage:

        npx playwright show-trace ..\test-results\TS036_idlingReport-Idling--f140b--and-validate-idling-report-browserstack-chrome-mac-retry1\trace.zip

    ────────────────────────────────────────────────────────────────────────────────────────────────

    Retry #2 ───────────────────────────────────────────────────────────────────────────────────────

    Error: browserType.connect: Target page, context or browser has been closed
]]>
</failure>
<system-out>
<![CDATA[
[[ATTACHMENT|test-results\TS036_idlingReport-Idling--f140b--and-validate-idling-report-browserstack-chrome-mac-retry1\trace.zip]]
]]>
</system-out>
</testcase>
</testsuite>
<testsuite name="TS037_lowVoltageDeviceReport.spec.js" timestamp="2025-09-08T10:17:51.980Z" hostname="browserstack-chrome-mac" tests="1" failures="1" skipped="0" time="0.012" errors="0">
<testcase name="Low Voltage Device Report › should generate and validate low voltage device report" classname="TS037_lowVoltageDeviceReport.spec.js" time="0.012">
<failure message="TS037_lowVoltageDeviceReport.spec.js:23:5 should generate and validate low voltage device report" type="FAILURE">
<![CDATA[  [browserstack-chrome-mac] › TS037_lowVoltageDeviceReport.spec.js:23:5 › Low Voltage Device Report › should generate and validate low voltage device report 

    Error: browserType.connect: Target page, context or browser has been closed

    Retry #1 ───────────────────────────────────────────────────────────────────────────────────────

    Error: browserType.connect: Target page, context or browser has been closed

    attachment #1: trace (application/zip) ─────────────────────────────────────────────────────────
    ..\test-results\TS037_lowVoltageDeviceRepo-7bb31-e-low-voltage-device-report-browserstack-chrome-mac-retry1\trace.zip
    Usage:

        npx playwright show-trace ..\test-results\TS037_lowVoltageDeviceRepo-7bb31-e-low-voltage-device-report-browserstack-chrome-mac-retry1\trace.zip

    ────────────────────────────────────────────────────────────────────────────────────────────────

    Retry #2 ───────────────────────────────────────────────────────────────────────────────────────

    Error: browserType.connect: Target page, context or browser has been closed
]]>
</failure>
<system-out>
<![CDATA[
[[ATTACHMENT|test-results\TS037_lowVoltageDeviceRepo-7bb31-e-low-voltage-device-report-browserstack-chrome-mac-retry1\trace.zip]]
]]>
</system-out>
</testcase>
</testsuite>
<testsuite name="TS038_driverSafetyReport.spec.js" timestamp="2025-09-08T10:17:51.980Z" hostname="browserstack-chrome-mac" tests="1" failures="1" skipped="0" time="0.011" errors="0">
<testcase name="Driver Safety Report › should generate and validate driver safety report" classname="TS038_driverSafetyReport.spec.js" time="0.011">
<failure message="TS038_driverSafetyReport.spec.js:23:5 should generate and validate driver safety report" type="FAILURE">
<![CDATA[  [browserstack-chrome-mac] › TS038_driverSafetyReport.spec.js:23:5 › Driver Safety Report › should generate and validate driver safety report 

    Error: browserType.connect: Target page, context or browser has been closed

    Retry #1 ───────────────────────────────────────────────────────────────────────────────────────

    Error: browserType.connect: Target page, context or browser has been closed

    attachment #1: trace (application/zip) ─────────────────────────────────────────────────────────
    ..\test-results\TS038_driverSafetyReport-D-71479-lidate-driver-safety-report-browserstack-chrome-mac-retry1\trace.zip
    Usage:

        npx playwright show-trace ..\test-results\TS038_driverSafetyReport-D-71479-lidate-driver-safety-report-browserstack-chrome-mac-retry1\trace.zip

    ────────────────────────────────────────────────────────────────────────────────────────────────

    Retry #2 ───────────────────────────────────────────────────────────────────────────────────────

    Error: browserType.connect: Target page, context or browser has been closed
]]>
</failure>
<system-out>
<![CDATA[
[[ATTACHMENT|test-results\TS038_driverSafetyReport-D-71479-lidate-driver-safety-report-browserstack-chrome-mac-retry1\trace.zip]]
]]>
</system-out>
</testcase>
</testsuite>
<testsuite name="TS039_weeklyUtilizationReport.spec.js" timestamp="2025-09-08T10:17:51.980Z" hostname="browserstack-chrome-mac" tests="1" failures="1" skipped="0" time="0.015" errors="0">
<testcase name="Weekly Utilization Report › should generate and validate weekly utilization report" classname="TS039_weeklyUtilizationReport.spec.js" time="0.015">
<failure message="TS039_weeklyUtilizationReport.spec.js:23:5 should generate and validate weekly utilization report" type="FAILURE">
<![CDATA[  [browserstack-chrome-mac] › TS039_weeklyUtilizationReport.spec.js:23:5 › Weekly Utilization Report › should generate and validate weekly utilization report 

    Error: browserType.connect: Target page, context or browser has been closed

    Retry #1 ───────────────────────────────────────────────────────────────────────────────────────

    Error: browserType.connect: Target page, context or browser has been closed

    attachment #1: trace (application/zip) ─────────────────────────────────────────────────────────
    ..\test-results\TS039_weeklyUtilizationRep-e422c-e-weekly-utilization-report-browserstack-chrome-mac-retry1\trace.zip
    Usage:

        npx playwright show-trace ..\test-results\TS039_weeklyUtilizationRep-e422c-e-weekly-utilization-report-browserstack-chrome-mac-retry1\trace.zip

    ────────────────────────────────────────────────────────────────────────────────────────────────

    Retry #2 ───────────────────────────────────────────────────────────────────────────────────────

    Error: browserType.connect: Target page, context or browser has been closed
]]>
</failure>
<system-out>
<![CDATA[
[[ATTACHMENT|test-results\TS039_weeklyUtilizationRep-e422c-e-weekly-utilization-report-browserstack-chrome-mac-retry1\trace.zip]]
]]>
</system-out>
</testcase>
</testsuite>
<testsuite name="TS040_ExitReport.spec.js" timestamp="2025-09-08T10:17:51.980Z" hostname="browserstack-chrome-mac" tests="1" failures="1" skipped="0" time="0.011" errors="0">
<testcase name="Exit Report › should generate and validate exit report" classname="TS040_ExitReport.spec.js" time="0.011">
<failure message="TS040_ExitReport.spec.js:23:5 should generate and validate exit report" type="FAILURE">
<![CDATA[  [browserstack-chrome-mac] › TS040_ExitReport.spec.js:23:5 › Exit Report › should generate and validate exit report 

    Error: browserType.connect: Target page, context or browser has been closed

    Retry #1 ───────────────────────────────────────────────────────────────────────────────────────

    Error: browserType.connect: Target page, context or browser has been closed

    attachment #1: trace (application/zip) ─────────────────────────────────────────────────────────
    ..\test-results\TS040_ExitReport-Exit-Repo-6de63-te-and-validate-exit-report-browserstack-chrome-mac-retry1\trace.zip
    Usage:

        npx playwright show-trace ..\test-results\TS040_ExitReport-Exit-Repo-6de63-te-and-validate-exit-report-browserstack-chrome-mac-retry1\trace.zip

    ────────────────────────────────────────────────────────────────────────────────────────────────

    Retry #2 ───────────────────────────────────────────────────────────────────────────────────────

    Error: browserType.connect: Target page, context or browser has been closed
]]>
</failure>
<system-out>
<![CDATA[
[[ATTACHMENT|test-results\TS040_ExitReport-Exit-Repo-6de63-te-and-validate-exit-report-browserstack-chrome-mac-retry1\trace.zip]]
]]>
</system-out>
</testcase>
</testsuite>
<testsuite name="TS041_UtilizationReport.spec.js" timestamp="2025-09-08T10:17:51.980Z" hostname="browserstack-chrome-mac" tests="1" failures="1" skipped="0" time="0.012" errors="0">
<testcase name="Utilization Report › should generate and validate utilization report" classname="TS041_UtilizationReport.spec.js" time="0.012">
<failure message="TS041_UtilizationReport.spec.js:23:5 should generate and validate utilization report" type="FAILURE">
<![CDATA[  [browserstack-chrome-mac] › TS041_UtilizationReport.spec.js:23:5 › Utilization Report › should generate and validate utilization report 

    Error: browserType.connect: Target page, context or browser has been closed

    Retry #1 ───────────────────────────────────────────────────────────────────────────────────────

    Error: browserType.connect: Target page, context or browser has been closed

    attachment #1: trace (application/zip) ─────────────────────────────────────────────────────────
    ..\test-results\TS041_UtilizationReport-Ut-05aff-validate-utilization-report-browserstack-chrome-mac-retry1\trace.zip
    Usage:

        npx playwright show-trace ..\test-results\TS041_UtilizationReport-Ut-05aff-validate-utilization-report-browserstack-chrome-mac-retry1\trace.zip

    ────────────────────────────────────────────────────────────────────────────────────────────────

    Retry #2 ───────────────────────────────────────────────────────────────────────────────────────

    Error: browserType.connect: Target page, context or browser has been closed
]]>
</failure>
<system-out>
<![CDATA[
[[ATTACHMENT|test-results\TS041_UtilizationReport-Ut-05aff-validate-utilization-report-browserstack-chrome-mac-retry1\trace.zip]]
]]>
</system-out>
</testcase>
</testsuite>
<testsuite name="TS042_dayOfWeekReport.spec.js" timestamp="2025-09-08T10:17:51.980Z" hostname="browserstack-chrome-mac" tests="1" failures="1" skipped="0" time="0.014" errors="0">
<testcase name="Day of Week Report › should generate and validate day of week report" classname="TS042_dayOfWeekReport.spec.js" time="0.014">
<failure message="TS042_dayOfWeekReport.spec.js:23:5 should generate and validate day of week report" type="FAILURE">
<![CDATA[  [browserstack-chrome-mac] › TS042_dayOfWeekReport.spec.js:23:5 › Day of Week Report › should generate and validate day of week report 

    Error: browserType.connect: Target page, context or browser has been closed

    Retry #1 ───────────────────────────────────────────────────────────────────────────────────────

    Error: browserType.connect: Target page, context or browser has been closed

    attachment #1: trace (application/zip) ─────────────────────────────────────────────────────────
    ..\test-results\TS042_dayOfWeekReport-Day--53108-validate-day-of-week-report-browserstack-chrome-mac-retry1\trace.zip
    Usage:

        npx playwright show-trace ..\test-results\TS042_dayOfWeekReport-Day--53108-validate-day-of-week-report-browserstack-chrome-mac-retry1\trace.zip

    ────────────────────────────────────────────────────────────────────────────────────────────────

    Retry #2 ───────────────────────────────────────────────────────────────────────────────────────

    Error: browserType.connect: Target page, context or browser has been closed
]]>
</failure>
<system-out>
<![CDATA[
[[ATTACHMENT|test-results\TS042_dayOfWeekReport-Day--53108-validate-day-of-week-report-browserstack-chrome-mac-retry1\trace.zip]]
]]>
</system-out>
</testcase>
</testsuite>
<testsuite name="TS043_dashcamRefresh.spec.js" timestamp="2025-09-08T10:17:51.980Z" hostname="browserstack-chrome-mac" tests="1" failures="1" skipped="0" time="0.007" errors="0">
<testcase name="Dashcam Refresh › should refresh dashcam functionality" classname="TS043_dashcamRefresh.spec.js" time="0.007">
<failure message="TS043_dashcamRefresh.spec.js:23:5 should refresh dashcam functionality" type="FAILURE">
<![CDATA[  [browserstack-chrome-mac] › TS043_dashcamRefresh.spec.js:23:5 › Dashcam Refresh › should refresh dashcam functionality 

    Error: browserType.connect: Target page, context or browser has been closed

    Retry #1 ───────────────────────────────────────────────────────────────────────────────────────

    Error: browserType.connect: Target page, context or browser has been closed

    attachment #1: trace (application/zip) ─────────────────────────────────────────────────────────
    ..\test-results\TS043_dashcamRefresh-Dashc-a54cd-fresh-dashcam-functionality-browserstack-chrome-mac-retry1\trace.zip
    Usage:

        npx playwright show-trace ..\test-results\TS043_dashcamRefresh-Dashc-a54cd-fresh-dashcam-functionality-browserstack-chrome-mac-retry1\trace.zip

    ────────────────────────────────────────────────────────────────────────────────────────────────

    Retry #2 ───────────────────────────────────────────────────────────────────────────────────────

    Error: browserType.connect: Target page, context or browser has been closed
]]>
</failure>
<system-out>
<![CDATA[
[[ATTACHMENT|test-results\TS043_dashcamRefresh-Dashc-a54cd-fresh-dashcam-functionality-browserstack-chrome-mac-retry1\trace.zip]]
]]>
</system-out>
</testcase>
</testsuite>
<testsuite name="TS044_snapshots.spec.js" timestamp="2025-09-08T10:17:51.980Z" hostname="browserstack-chrome-mac" tests="1" failures="1" skipped="0" time="0.02" errors="0">
<testcase name="Snapshots › should display snapshots" classname="TS044_snapshots.spec.js" time="0.02">
<failure message="TS044_snapshots.spec.js:23:5 should display snapshots" type="FAILURE">
<![CDATA[  [browserstack-chrome-mac] › TS044_snapshots.spec.js:23:5 › Snapshots › should display snapshots ──

    Error: browserType.connect: Target page, context or browser has been closed

    Retry #1 ───────────────────────────────────────────────────────────────────────────────────────

    Error: browserType.connect: Target page, context or browser has been closed

    attachment #1: trace (application/zip) ─────────────────────────────────────────────────────────
    ..\test-results\TS044_snapshots-Snapshots-should-display-snapshots-browserstack-chrome-mac-retry1\trace.zip
    Usage:

        npx playwright show-trace ..\test-results\TS044_snapshots-Snapshots-should-display-snapshots-browserstack-chrome-mac-retry1\trace.zip

    ────────────────────────────────────────────────────────────────────────────────────────────────

    Retry #2 ───────────────────────────────────────────────────────────────────────────────────────

    Error: browserType.connect: Target page, context or browser has been closed
]]>
</failure>
<system-out>
<![CDATA[
[[ATTACHMENT|test-results\TS044_snapshots-Snapshots-should-display-snapshots-browserstack-chrome-mac-retry1\trace.zip]]
]]>
</system-out>
</testcase>
</testsuite>
<testsuite name="TS045_dashcamAlertReport.spec.js" timestamp="2025-09-08T10:17:51.980Z" hostname="browserstack-chrome-mac" tests="1" failures="1" skipped="0" time="0.021" errors="0">
<testcase name="Dashcam Alert Report › shows dashcam alert report" classname="TS045_dashcamAlertReport.spec.js" time="0.021">
<failure message="TS045_dashcamAlertReport.spec.js:23:5 shows dashcam alert report" type="FAILURE">
<![CDATA[  [browserstack-chrome-mac] › TS045_dashcamAlertReport.spec.js:23:5 › Dashcam Alert Report › shows dashcam alert report 

    Error: browserType.connect: Target page, context or browser has been closed

    Retry #1 ───────────────────────────────────────────────────────────────────────────────────────

    Error: browserType.connect: Target page, context or browser has been closed

    attachment #1: trace (application/zip) ─────────────────────────────────────────────────────────
    ..\test-results\TS045_dashcamAlertReport-D-40b1a--shows-dashcam-alert-report-browserstack-chrome-mac-retry1\trace.zip
    Usage:

        npx playwright show-trace ..\test-results\TS045_dashcamAlertReport-D-40b1a--shows-dashcam-alert-report-browserstack-chrome-mac-retry1\trace.zip

    ────────────────────────────────────────────────────────────────────────────────────────────────

    Retry #2 ───────────────────────────────────────────────────────────────────────────────────────

    Error: browserType.connect: Target page, context or browser has been closed
]]>
</failure>
<system-out>
<![CDATA[
[[ATTACHMENT|test-results\TS045_dashcamAlertReport-D-40b1a--shows-dashcam-alert-report-browserstack-chrome-mac-retry1\trace.zip]]
]]>
</system-out>
</testcase>
</testsuite>
<testsuite name="TS046_dashcamTrackHistory.spec.js" timestamp="2025-09-08T10:17:51.980Z" hostname="browserstack-chrome-mac" tests="1" failures="1" skipped="0" time="0.02" errors="0">
<testcase name="Dashcam Track History › displays dashcam track history" classname="TS046_dashcamTrackHistory.spec.js" time="0.02">
<failure message="TS046_dashcamTrackHistory.spec.js:23:5 displays dashcam track history" type="FAILURE">
<![CDATA[  [browserstack-chrome-mac] › TS046_dashcamTrackHistory.spec.js:23:5 › Dashcam Track History › displays dashcam track history 

    Error: browserType.connect: Target page, context or browser has been closed

    Retry #1 ───────────────────────────────────────────────────────────────────────────────────────

    Error: browserType.connect: Target page, context or browser has been closed

    attachment #1: trace (application/zip) ─────────────────────────────────────────────────────────
    ..\test-results\TS046_dashcamTrackHistory--d4227-plays-dashcam-track-history-browserstack-chrome-mac-retry1\trace.zip
    Usage:

        npx playwright show-trace ..\test-results\TS046_dashcamTrackHistory--d4227-plays-dashcam-track-history-browserstack-chrome-mac-retry1\trace.zip

    ────────────────────────────────────────────────────────────────────────────────────────────────

    Retry #2 ───────────────────────────────────────────────────────────────────────────────────────

    Error: browserType.connect: Target page, context or browser has been closed
]]>
</failure>
<system-out>
<![CDATA[
[[ATTACHMENT|test-results\TS046_dashcamTrackHistory--d4227-plays-dashcam-track-history-browserstack-chrome-mac-retry1\trace.zip]]
]]>
</system-out>
</testcase>
</testsuite>
<testsuite name="TS047_dashcamAlertSettings.spec.js" timestamp="2025-09-08T10:17:51.980Z" hostname="browserstack-chrome-mac" tests="1" failures="1" skipped="0" time="0.019" errors="0">
<testcase name="Dashcam Alert Settings › edit settings for dashcam" classname="TS047_dashcamAlertSettings.spec.js" time="0.019">
<failure message="TS047_dashcamAlertSettings.spec.js:23:5 edit settings for dashcam" type="FAILURE">
<![CDATA[  [browserstack-chrome-mac] › TS047_dashcamAlertSettings.spec.js:23:5 › Dashcam Alert Settings › edit settings for dashcam 

    Error: browserType.connect: Target page, context or browser has been closed

    Retry #1 ───────────────────────────────────────────────────────────────────────────────────────

    Error: browserType.connect: Target page, context or browser has been closed

    attachment #1: trace (application/zip) ─────────────────────────────────────────────────────────
    ..\test-results\TS047_dashcamAlertSettings-403ea-s-edit-settings-for-dashcam-browserstack-chrome-mac-retry1\trace.zip
    Usage:

        npx playwright show-trace ..\test-results\TS047_dashcamAlertSettings-403ea-s-edit-settings-for-dashcam-browserstack-chrome-mac-retry1\trace.zip

    ────────────────────────────────────────────────────────────────────────────────────────────────

    Retry #2 ───────────────────────────────────────────────────────────────────────────────────────

    Error: browserType.connect: Target page, context or browser has been closed
]]>
</failure>
<system-out>
<![CDATA[
[[ATTACHMENT|test-results\TS047_dashcamAlertSettings-403ea-s-edit-settings-for-dashcam-browserstack-chrome-mac-retry1\trace.zip]]
]]>
</system-out>
</testcase>
</testsuite>
<testsuite name="TS048_dashcamVideoOnDemand.spec.js" timestamp="2025-09-08T10:17:51.980Z" hostname="browserstack-chrome-mac" tests="1" failures="1" skipped="0" time="0.012" errors="0">
<testcase name="Dashcam Video On Demand › should add/edit a device" classname="TS048_dashcamVideoOnDemand.spec.js" time="0.012">
<failure message="TS048_dashcamVideoOnDemand.spec.js:23:5 should add/edit a device" type="FAILURE">
<![CDATA[  [browserstack-chrome-mac] › TS048_dashcamVideoOnDemand.spec.js:23:5 › Dashcam Video On Demand › should add/edit a device 

    Error: browserType.connect: Target page, context or browser has been closed

    Retry #1 ───────────────────────────────────────────────────────────────────────────────────────

    Error: browserType.connect: Target page, context or browser has been closed

    attachment #1: trace (application/zip) ─────────────────────────────────────────────────────────
    ..\test-results\TS048_dashcamVideoOnDemand-31c88-nd-should-add-edit-a-device-browserstack-chrome-mac-retry1\trace.zip
    Usage:

        npx playwright show-trace ..\test-results\TS048_dashcamVideoOnDemand-31c88-nd-should-add-edit-a-device-browserstack-chrome-mac-retry1\trace.zip

    ────────────────────────────────────────────────────────────────────────────────────────────────

    Retry #2 ───────────────────────────────────────────────────────────────────────────────────────

    Error: browserType.connect: Target page, context or browser has been closed
]]>
</failure>
<system-out>
<![CDATA[
[[ATTACHMENT|test-results\TS048_dashcamVideoOnDemand-31c88-nd-should-add-edit-a-device-browserstack-chrome-mac-retry1\trace.zip]]
]]>
</system-out>
</testcase>
</testsuite>
<testsuite name="TS049_liveVideoStream.spec.js" timestamp="2025-09-08T10:17:51.980Z" hostname="browserstack-chrome-mac" tests="1" failures="1" skipped="0" time="0.017" errors="0">
<testcase name="Dashcam refresh › refresh dashcam" classname="TS049_liveVideoStream.spec.js" time="0.017">
<failure message="TS049_liveVideoStream.spec.js:23:5 refresh dashcam" type="FAILURE">
<![CDATA[  [browserstack-chrome-mac] › TS049_liveVideoStream.spec.js:23:5 › Dashcam refresh › refresh dashcam 

    Error: browserType.connect: Target page, context or browser has been closed

    Retry #1 ───────────────────────────────────────────────────────────────────────────────────────

    Error: browserType.connect: Target page, context or browser has been closed

    attachment #1: trace (application/zip) ─────────────────────────────────────────────────────────
    ..\test-results\TS049_liveVideoStream-Dashcam-refresh-refresh-dashcam-browserstack-chrome-mac-retry1\trace.zip
    Usage:

        npx playwright show-trace ..\test-results\TS049_liveVideoStream-Dashcam-refresh-refresh-dashcam-browserstack-chrome-mac-retry1\trace.zip

    ────────────────────────────────────────────────────────────────────────────────────────────────

    Retry #2 ───────────────────────────────────────────────────────────────────────────────────────

    Error: browserType.connect: Target page, context or browser has been closed
]]>
</failure>
<system-out>
<![CDATA[
[[ATTACHMENT|test-results\TS049_liveVideoStream-Dashcam-refresh-refresh-dashcam-browserstack-chrome-mac-retry1\trace.zip]]
]]>
</system-out>
</testcase>
</testsuite>
<testsuite name="TS050_last24hrs.spec.js" timestamp="2025-09-08T10:17:51.980Z" hostname="browserstack-chrome-mac" tests="1" failures="1" skipped="0" time="0.018" errors="0">
<testcase name="Last 24 Hours › should verify Engine Idling Events checkbox functionality" classname="TS050_last24hrs.spec.js" time="0.018">
<failure message="TS050_last24hrs.spec.js:23:5 should verify Engine Idling Events checkbox functionality" type="FAILURE">
<![CDATA[  [browserstack-chrome-mac] › TS050_last24hrs.spec.js:23:5 › Last 24 Hours › should verify Engine Idling Events checkbox functionality 

    Error: browserType.connect: Target page, context or browser has been closed

    Retry #1 ───────────────────────────────────────────────────────────────────────────────────────

    Error: browserType.connect: Target page, context or browser has been closed

    attachment #1: trace (application/zip) ─────────────────────────────────────────────────────────
    ..\test-results\TS050_last24hrs-Last-24-Ho-ec750-ents-checkbox-functionality-browserstack-chrome-mac-retry1\trace.zip
    Usage:

        npx playwright show-trace ..\test-results\TS050_last24hrs-Last-24-Ho-ec750-ents-checkbox-functionality-browserstack-chrome-mac-retry1\trace.zip

    ────────────────────────────────────────────────────────────────────────────────────────────────

    Retry #2 ───────────────────────────────────────────────────────────────────────────────────────

    Error: browserType.connect: Target page, context or browser has been closed
]]>
</failure>
<system-out>
<![CDATA[
[[ATTACHMENT|test-results\TS050_last24hrs-Last-24-Ho-ec750-ents-checkbox-functionality-browserstack-chrome-mac-retry1\trace.zip]]
]]>
</system-out>
</testcase>
</testsuite>
<testsuite name="TS051_realTimeTracking.spec.js" timestamp="2025-09-08T10:17:51.980Z" hostname="browserstack-chrome-mac" tests="1" failures="1" skipped="0" time="0.011" errors="0">
<testcase name="Real Time Tracking › should verify Engine Idling Events checkbox functionality" classname="TS051_realTimeTracking.spec.js" time="0.011">
<failure message="TS051_realTimeTracking.spec.js:23:5 should verify Engine Idling Events checkbox functionality" type="FAILURE">
<![CDATA[  [browserstack-chrome-mac] › TS051_realTimeTracking.spec.js:23:5 › Real Time Tracking › should verify Engine Idling Events checkbox functionality 

    Error: browserType.connect: Target page, context or browser has been closed

    Retry #1 ───────────────────────────────────────────────────────────────────────────────────────

    Error: browserType.connect: Target page, context or browser has been closed

    attachment #1: trace (application/zip) ─────────────────────────────────────────────────────────
    ..\test-results\TS051_realTimeTracking-Rea-b91c6-ents-checkbox-functionality-browserstack-chrome-mac-retry1\trace.zip
    Usage:

        npx playwright show-trace ..\test-results\TS051_realTimeTracking-Rea-b91c6-ents-checkbox-functionality-browserstack-chrome-mac-retry1\trace.zip

    ────────────────────────────────────────────────────────────────────────────────────────────────

    Retry #2 ───────────────────────────────────────────────────────────────────────────────────────

    Error: browserType.connect: Target page, context or browser has been closed
]]>
</failure>
<system-out>
<![CDATA[
[[ATTACHMENT|test-results\TS051_realTimeTracking-Rea-b91c6-ents-checkbox-functionality-browserstack-chrome-mac-retry1\trace.zip]]
]]>
</system-out>
</testcase>
</testsuite>
<testsuite name="TS052_getSupport.spec.js" timestamp="2025-09-08T10:17:51.980Z" hostname="browserstack-chrome-mac" tests="1" failures="1" skipped="0" time="0.02" errors="0">
<testcase name="Get Support › should verify Get Support form functionality" classname="TS052_getSupport.spec.js" time="0.02">
<failure message="TS052_getSupport.spec.js:23:5 should verify Get Support form functionality" type="FAILURE">
<![CDATA[  [browserstack-chrome-mac] › TS052_getSupport.spec.js:23:5 › Get Support › should verify Get Support form functionality 

    Error: browserType.connect: Target page, context or browser has been closed

    Retry #1 ───────────────────────────────────────────────────────────────────────────────────────

    Error: browserType.connect: Target page, context or browser has been closed

    attachment #1: trace (application/zip) ─────────────────────────────────────────────────────────
    ..\test-results\TS052_getSupport-Get-Suppo-235c2--Support-form-functionality-browserstack-chrome-mac-retry1\trace.zip
    Usage:

        npx playwright show-trace ..\test-results\TS052_getSupport-Get-Suppo-235c2--Support-form-functionality-browserstack-chrome-mac-retry1\trace.zip

    ────────────────────────────────────────────────────────────────────────────────────────────────

    Retry #2 ───────────────────────────────────────────────────────────────────────────────────────

    Error: browserType.connect: Target page, context or browser has been closed
]]>
</failure>
<system-out>
<![CDATA[
[[ATTACHMENT|test-results\TS052_getSupport-Get-Suppo-235c2--Support-form-functionality-browserstack-chrome-mac-retry1\trace.zip]]
]]>
</system-out>
</testcase>
</testsuite>
<testsuite name="waterproof.spec.js" timestamp="2025-09-08T10:17:51.980Z" hostname="browserstack-chrome-mac" tests="1" failures="1" skipped="0" time="0.02" errors="0">
<testcase name="Fleet Login Tests › should redirect to fleet demo page with demo credentials" classname="waterproof.spec.js" time="0.02">
<failure message="waterproof.spec.js:23:3 should redirect to fleet demo page with demo credentials" type="FAILURE">
<![CDATA[  [browserstack-chrome-mac] › waterproof.spec.js:23:3 › Fleet Login Tests › should redirect to fleet demo page with demo credentials 

    Error: browserType.connect: Target page, context or browser has been closed

    Retry #1 ───────────────────────────────────────────────────────────────────────────────────────

    Error: browserType.connect: Target page, context or browser has been closed

    attachment #1: trace (application/zip) ─────────────────────────────────────────────────────────
    ..\test-results\waterproof-Fleet-Login-Tes-868d8--page-with-demo-credentials-browserstack-chrome-mac-retry1\trace.zip
    Usage:

        npx playwright show-trace ..\test-results\waterproof-Fleet-Login-Tes-868d8--page-with-demo-credentials-browserstack-chrome-mac-retry1\trace.zip

    ────────────────────────────────────────────────────────────────────────────────────────────────

    Retry #2 ───────────────────────────────────────────────────────────────────────────────────────

    Error: browserType.connect: Target page, context or browser has been closed
]]>
</failure>
<system-out>
<![CDATA[
[[ATTACHMENT|test-results\waterproof-Fleet-Login-Tes-868d8--page-with-demo-credentials-browserstack-chrome-mac-retry1\trace.zip]]
]]>
</system-out>
</testcase>
</testsuite>
<testsuite name="aggressiveGeofence.spec.js" timestamp="2025-09-08T10:17:51.980Z" hostname="browserstack-firefox-windows" tests="1" failures="1" skipped="0" time="0.131" errors="0">
<testcase name="Aggressive Geofence Tests › should test aggressive geofencing functionality" classname="aggressiveGeofence.spec.js" time="0.131">
<failure message="aggressiveGeofence.spec.js:15:3 should test aggressive geofencing functionality" type="FAILURE">
<![CDATA[  [browserstack-firefox-windows] › aggressiveGeofence.spec.js:15:3 › Aggressive Geofence Tests › should test aggressive geofencing functionality 

    Error: browserType.connect: Target page, context or browser has been closed

    Retry #1 ───────────────────────────────────────────────────────────────────────────────────────

    Error: browserType.connect: Target page, context or browser has been closed

    attachment #1: trace (application/zip) ─────────────────────────────────────────────────────────
    ..\test-results\aggressiveGeofence-Aggress-a436c-ve-geofencing-functionality-browserstack-firefox-windows-retry1\trace.zip
    Usage:

        npx playwright show-trace ..\test-results\aggressiveGeofence-Aggress-a436c-ve-geofencing-functionality-browserstack-firefox-windows-retry1\trace.zip

    ────────────────────────────────────────────────────────────────────────────────────────────────

    Retry #2 ───────────────────────────────────────────────────────────────────────────────────────

    Error: browserType.connect: Target page, context or browser has been closed
]]>
</failure>
<system-out>
<![CDATA[
[[ATTACHMENT|test-results\aggressiveGeofence-Aggress-a436c-ve-geofencing-functionality-browserstack-firefox-windows-retry1\trace.zip]]
]]>
</system-out>
</testcase>
</testsuite>
<testsuite name="spec.spec.js" timestamp="2025-09-08T10:17:51.980Z" hostname="browserstack-firefox-windows" tests="1" failures="1" skipped="0" time="0.127" errors="0">
<testcase name="General Specification Tests › should meet general specifications" classname="spec.spec.js" time="0.127">
<failure message="spec.spec.js:14:3 should meet general specifications" type="FAILURE">
<![CDATA[  [browserstack-firefox-windows] › spec.spec.js:14:3 › General Specification Tests › should meet general specifications 

    Error: browserType.connect: Target page, context or browser has been closed

    Retry #1 ───────────────────────────────────────────────────────────────────────────────────────

    Error: browserType.connect: Target page, context or browser has been closed

    attachment #1: trace (application/zip) ─────────────────────────────────────────────────────────
    ..\test-results\spec-General-Specification-a9ee8-meet-general-specifications-browserstack-firefox-windows-retry1\trace.zip
    Usage:

        npx playwright show-trace ..\test-results\spec-General-Specification-a9ee8-meet-general-specifications-browserstack-firefox-windows-retry1\trace.zip

    ────────────────────────────────────────────────────────────────────────────────────────────────

    Retry #2 ───────────────────────────────────────────────────────────────────────────────────────

    Error: browserType.connect: Target page, context or browser has been closed
]]>
</failure>
<system-out>
<![CDATA[
[[ATTACHMENT|test-results\spec-General-Specification-a9ee8-meet-general-specifications-browserstack-firefox-windows-retry1\trace.zip]]
]]>
</system-out>
</testcase>
</testsuite>
<testsuite name="TS001_listOfDevice.spec.js" timestamp="2025-09-08T10:17:51.980Z" hostname="browserstack-firefox-windows" tests="1" failures="1" skipped="0" time="0.128" errors="0">
<testcase name="List of Device › should show list of all devices in the platform" classname="TS001_listOfDevice.spec.js" time="0.128">
<failure message="TS001_listOfDevice.spec.js:10:5 should show list of all devices in the platform" type="FAILURE">
<![CDATA[  [browserstack-firefox-windows] › TS001_listOfDevice.spec.js:10:5 › List of Device › should show list of all devices in the platform 

    Error: browserType.connect: Target page, context or browser has been closed

    Retry #1 ───────────────────────────────────────────────────────────────────────────────────────

    Error: browserType.connect: Target page, context or browser has been closed

    attachment #1: trace (application/zip) ─────────────────────────────────────────────────────────
    ..\test-results\TS001_listOfDevice-List-of-22ce6-all-devices-in-the-platform-browserstack-firefox-windows-retry1\trace.zip
    Usage:

        npx playwright show-trace ..\test-results\TS001_listOfDevice-List-of-22ce6-all-devices-in-the-platform-browserstack-firefox-windows-retry1\trace.zip

    ────────────────────────────────────────────────────────────────────────────────────────────────

    Retry #2 ───────────────────────────────────────────────────────────────────────────────────────

    Error: browserType.connect: Target page, context or browser has been closed
]]>
</failure>
<system-out>
<![CDATA[
[[ATTACHMENT|test-results\TS001_listOfDevice-List-of-22ce6-all-devices-in-the-platform-browserstack-firefox-windows-retry1\trace.zip]]
]]>
</system-out>
</testcase>
</testsuite>
<testsuite name="TS002_addEditDevices.spec.js" timestamp="2025-09-08T10:17:51.980Z" hostname="browserstack-firefox-windows" tests="1" failures="1" skipped="0" time="0.011" errors="0">
<testcase name="Add edit Device › should add/edit a device" classname="TS002_addEditDevices.spec.js" time="0.011">
<failure message="TS002_addEditDevices.spec.js:25:5 should add/edit a device" type="FAILURE">
<![CDATA[  [browserstack-firefox-windows] › TS002_addEditDevices.spec.js:25:5 › Add edit Device › should add/edit a device 

    Error: browserType.connect: Target page, context or browser has been closed

    Retry #1 ───────────────────────────────────────────────────────────────────────────────────────

    Error: browserType.connect: Target page, context or browser has been closed

    attachment #1: trace (application/zip) ─────────────────────────────────────────────────────────
    ..\test-results\TS002_addEditDevices-Add-e-c7e3a-ce-should-add-edit-a-device-browserstack-firefox-windows-retry1\trace.zip
    Usage:

        npx playwright show-trace ..\test-results\TS002_addEditDevices-Add-e-c7e3a-ce-should-add-edit-a-device-browserstack-firefox-windows-retry1\trace.zip

    ────────────────────────────────────────────────────────────────────────────────────────────────

    Retry #2 ───────────────────────────────────────────────────────────────────────────────────────

    Error: browserType.connect: Target page, context or browser has been closed
]]>
</failure>
<system-out>
<![CDATA[
[[ATTACHMENT|test-results\TS002_addEditDevices-Add-e-c7e3a-ce-should-add-edit-a-device-browserstack-firefox-windows-retry1\trace.zip]]
]]>
</system-out>
</testcase>
</testsuite>
<testsuite name="TS003_ChangeTimezone.spec.js" timestamp="2025-09-08T10:17:51.980Z" hostname="browserstack-firefox-windows" tests="1" failures="1" skipped="0" time="0.011" errors="0">
<testcase name="Timezone › should edit the timezone of users" classname="TS003_ChangeTimezone.spec.js" time="0.011">
<failure message="TS003_ChangeTimezone.spec.js:24:5 should edit the timezone of users" type="FAILURE">
<![CDATA[  [browserstack-firefox-windows] › TS003_ChangeTimezone.spec.js:24:5 › Timezone › should edit the timezone of users 

    Error: browserType.connect: Target page, context or browser has been closed

    Retry #1 ───────────────────────────────────────────────────────────────────────────────────────

    Error: browserType.connect: Target page, context or browser has been closed

    attachment #1: trace (application/zip) ─────────────────────────────────────────────────────────
    ..\test-results\TS003_ChangeTimezone-Timez-0526c--edit-the-timezone-of-users-browserstack-firefox-windows-retry1\trace.zip
    Usage:

        npx playwright show-trace ..\test-results\TS003_ChangeTimezone-Timez-0526c--edit-the-timezone-of-users-browserstack-firefox-windows-retry1\trace.zip

    ────────────────────────────────────────────────────────────────────────────────────────────────

    Retry #2 ───────────────────────────────────────────────────────────────────────────────────────

    Error: browserType.connect: Target page, context or browser has been closed
]]>
</failure>
<system-out>
<![CDATA[
[[ATTACHMENT|test-results\TS003_ChangeTimezone-Timez-0526c--edit-the-timezone-of-users-browserstack-firefox-windows-retry1\trace.zip]]
]]>
</system-out>
</testcase>
</testsuite>
<testsuite name="TS004_viewEditUser.spec.js" timestamp="2025-09-08T10:17:51.980Z" hostname="browserstack-firefox-windows" tests="1" failures="1" skipped="0" time="0.012" errors="0">
<testcase name="view Edit User › should create user and edit them" classname="TS004_viewEditUser.spec.js" time="0.012">
<failure message="TS004_viewEditUser.spec.js:24:5 should create user and edit them" type="FAILURE">
<![CDATA[  [browserstack-firefox-windows] › TS004_viewEditUser.spec.js:24:5 › view Edit User › should create user and edit them 

    Error: browserType.connect: Target page, context or browser has been closed

    Retry #1 ───────────────────────────────────────────────────────────────────────────────────────

    Error: browserType.connect: Target page, context or browser has been closed

    attachment #1: trace (application/zip) ─────────────────────────────────────────────────────────
    ..\test-results\TS004_viewEditUser-view-Ed-a7419-d-create-user-and-edit-them-browserstack-firefox-windows-retry1\trace.zip
    Usage:

        npx playwright show-trace ..\test-results\TS004_viewEditUser-view-Ed-a7419-d-create-user-and-edit-them-browserstack-firefox-windows-retry1\trace.zip

    ────────────────────────────────────────────────────────────────────────────────────────────────

    Retry #2 ───────────────────────────────────────────────────────────────────────────────────────

    Error: browserType.connect: Target page, context or browser has been closed
]]>
</failure>
<system-out>
<![CDATA[
[[ATTACHMENT|test-results\TS004_viewEditUser-view-Ed-a7419-d-create-user-and-edit-them-browserstack-firefox-windows-retry1\trace.zip]]
]]>
</system-out>
</testcase>
</testsuite>
<testsuite name="TS005_subgroup.spec.js" timestamp="2025-09-08T10:17:51.980Z" hostname="browserstack-firefox-windows" tests="1" failures="1" skipped="0" time="0.014" errors="0">
<testcase name="Subgroup › should manage subgroups" classname="TS005_subgroup.spec.js" time="0.014">
<failure message="TS005_subgroup.spec.js:24:5 should manage subgroups" type="FAILURE">
<![CDATA[  [browserstack-firefox-windows] › TS005_subgroup.spec.js:24:5 › Subgroup › should manage subgroups 

    Error: browserType.connect: Target page, context or browser has been closed

    Retry #1 ───────────────────────────────────────────────────────────────────────────────────────

    Error: browserType.connect: Target page, context or browser has been closed

    attachment #1: trace (application/zip) ─────────────────────────────────────────────────────────
    ..\test-results\TS005_subgroup-Subgroup-should-manage-subgroups-browserstack-firefox-windows-retry1\trace.zip
    Usage:

        npx playwright show-trace ..\test-results\TS005_subgroup-Subgroup-should-manage-subgroups-browserstack-firefox-windows-retry1\trace.zip

    ────────────────────────────────────────────────────────────────────────────────────────────────

    Retry #2 ───────────────────────────────────────────────────────────────────────────────────────

    Error: browserType.connect: Target page, context or browser has been closed
]]>
</failure>
<system-out>
<![CDATA[
[[ATTACHMENT|test-results\TS005_subgroup-Subgroup-should-manage-subgroups-browserstack-firefox-windows-retry1\trace.zip]]
]]>
</system-out>
</testcase>
</testsuite>
<testsuite name="TS006_trackInfoDisplayOptions.spec.js" timestamp="2025-09-08T10:17:51.980Z" hostname="browserstack-firefox-windows" tests="1" failures="1" skipped="0" time="0.01" errors="0">
<testcase name="Track Info Display Options › should change the infobox size" classname="TS006_trackInfoDisplayOptions.spec.js" time="0.01">
<failure message="TS006_trackInfoDisplayOptions.spec.js:24:5 should change the infobox size" type="FAILURE">
<![CDATA[  [browserstack-firefox-windows] › TS006_trackInfoDisplayOptions.spec.js:24:5 › Track Info Display Options › should change the infobox size 

    Error: browserType.connect: Target page, context or browser has been closed

    Retry #1 ───────────────────────────────────────────────────────────────────────────────────────

    Error: browserType.connect: Target page, context or browser has been closed

    attachment #1: trace (application/zip) ─────────────────────────────────────────────────────────
    ..\test-results\TS006_trackInfoDisplayOpti-94cc9-uld-change-the-infobox-size-browserstack-firefox-windows-retry1\trace.zip
    Usage:

        npx playwright show-trace ..\test-results\TS006_trackInfoDisplayOpti-94cc9-uld-change-the-infobox-size-browserstack-firefox-windows-retry1\trace.zip

    ────────────────────────────────────────────────────────────────────────────────────────────────

    Retry #2 ───────────────────────────────────────────────────────────────────────────────────────

    Error: browserType.connect: Target page, context or browser has been closed
]]>
</failure>
<system-out>
<![CDATA[
[[ATTACHMENT|test-results\TS006_trackInfoDisplayOpti-94cc9-uld-change-the-infobox-size-browserstack-firefox-windows-retry1\trace.zip]]
]]>
</system-out>
</testcase>
</testsuite>
<testsuite name="TS007_pulsingIcon.spec.js" timestamp="2025-09-08T10:17:51.980Z" hostname="browserstack-firefox-windows" tests="1" failures="1" skipped="0" time="0.013" errors="0">
<testcase name="Pulsing Icon › should change the size of pulse effect" classname="TS007_pulsingIcon.spec.js" time="0.013">
<failure message="TS007_pulsingIcon.spec.js:23:5 should change the size of pulse effect" type="FAILURE">
<![CDATA[  [browserstack-firefox-windows] › TS007_pulsingIcon.spec.js:23:5 › Pulsing Icon › should change the size of pulse effect 

    Error: browserType.connect: Target page, context or browser has been closed

    Retry #1 ───────────────────────────────────────────────────────────────────────────────────────

    Error: browserType.connect: Target page, context or browser has been closed

    attachment #1: trace (application/zip) ─────────────────────────────────────────────────────────
    ..\test-results\TS007_pulsingIcon-Pulsing--2df0d-ge-the-size-of-pulse-effect-browserstack-firefox-windows-retry1\trace.zip
    Usage:

        npx playwright show-trace ..\test-results\TS007_pulsingIcon-Pulsing--2df0d-ge-the-size-of-pulse-effect-browserstack-firefox-windows-retry1\trace.zip

    ────────────────────────────────────────────────────────────────────────────────────────────────

    Retry #2 ───────────────────────────────────────────────────────────────────────────────────────

    Error: browserType.connect: Target page, context or browser has been closed
]]>
</failure>
<system-out>
<![CDATA[
[[ATTACHMENT|test-results\TS007_pulsingIcon-Pulsing--2df0d-ge-the-size-of-pulse-effect-browserstack-firefox-windows-retry1\trace.zip]]
]]>
</system-out>
</testcase>
</testsuite>
<testsuite name="TS008_alertsContact.spec.js" timestamp="2025-09-08T10:17:51.980Z" hostname="browserstack-firefox-windows" tests="1" failures="1" skipped="0" time="0.009" errors="0">
<testcase name="Alert Contact › should add email and phone contacts and configure alert settings" classname="TS008_alertsContact.spec.js" time="0.009">
<failure message="TS008_alertsContact.spec.js:23:3 should add email and phone contacts and configure alert settings" type="FAILURE">
<![CDATA[  [browserstack-firefox-windows] › TS008_alertsContact.spec.js:23:3 › Alert Contact › should add email and phone contacts and configure alert settings 

    Error: browserType.connect: Target page, context or browser has been closed

    Retry #1 ───────────────────────────────────────────────────────────────────────────────────────

    Error: browserType.connect: Target page, context or browser has been closed

    attachment #1: trace (application/zip) ─────────────────────────────────────────────────────────
    ..\test-results\TS008_alertsContact-Alert--dde29-nd-configure-alert-settings-browserstack-firefox-windows-retry1\trace.zip
    Usage:

        npx playwright show-trace ..\test-results\TS008_alertsContact-Alert--dde29-nd-configure-alert-settings-browserstack-firefox-windows-retry1\trace.zip

    ────────────────────────────────────────────────────────────────────────────────────────────────

    Retry #2 ───────────────────────────────────────────────────────────────────────────────────────

    Error: browserType.connect: Target page, context or browser has been closed
]]>
</failure>
<system-out>
<![CDATA[
[[ATTACHMENT|test-results\TS008_alertsContact-Alert--dde29-nd-configure-alert-settings-browserstack-firefox-windows-retry1\trace.zip]]
]]>
</system-out>
</testcase>
</testsuite>
<testsuite name="TS009_changeAlertSettings.spec.js" timestamp="2025-09-08T10:17:51.980Z" hostname="browserstack-firefox-windows" tests="1" failures="1" skipped="0" time="0.013" errors="0">
<testcase name="Change Alert Settings › should manage alerts" classname="TS009_changeAlertSettings.spec.js" time="0.013">
<failure message="TS009_changeAlertSettings.spec.js:23:3 should manage alerts" type="FAILURE">
<![CDATA[  [browserstack-firefox-windows] › TS009_changeAlertSettings.spec.js:23:3 › Change Alert Settings › should manage alerts 

    Error: browserType.connect: Target page, context or browser has been closed

    Retry #1 ───────────────────────────────────────────────────────────────────────────────────────

    Error: browserType.connect: Target page, context or browser has been closed

    attachment #1: trace (application/zip) ─────────────────────────────────────────────────────────
    ..\test-results\TS009_changeAlertSettings--950bb-ttings-should-manage-alerts-browserstack-firefox-windows-retry1\trace.zip
    Usage:

        npx playwright show-trace ..\test-results\TS009_changeAlertSettings--950bb-ttings-should-manage-alerts-browserstack-firefox-windows-retry1\trace.zip

    ────────────────────────────────────────────────────────────────────────────────────────────────

    Retry #2 ───────────────────────────────────────────────────────────────────────────────────────

    Error: browserType.connect: Target page, context or browser has been closed
]]>
</failure>
<system-out>
<![CDATA[
[[ATTACHMENT|test-results\TS009_changeAlertSettings--950bb-ttings-should-manage-alerts-browserstack-firefox-windows-retry1\trace.zip]]
]]>
</system-out>
</testcase>
</testsuite>
<testsuite name="TS010_scheduledReports.spec.js" timestamp="2025-09-08T10:17:51.980Z" hostname="browserstack-firefox-windows" tests="1" failures="1" skipped="0" time="0.011" errors="0">
<testcase name="Scheduled Reports › should view the scheduled report and manage info" classname="TS010_scheduledReports.spec.js" time="0.011">
<failure message="TS010_scheduledReports.spec.js:23:3 should view the scheduled report and manage info" type="FAILURE">
<![CDATA[  [browserstack-firefox-windows] › TS010_scheduledReports.spec.js:23:3 › Scheduled Reports › should view the scheduled report and manage info 

    Error: browserType.connect: Target page, context or browser has been closed

    Retry #1 ───────────────────────────────────────────────────────────────────────────────────────

    Error: browserType.connect: Target page, context or browser has been closed

    attachment #1: trace (application/zip) ─────────────────────────────────────────────────────────
    ..\test-results\TS010_scheduledReports-Sch-b8172-uled-report-and-manage-info-browserstack-firefox-windows-retry1\trace.zip
    Usage:

        npx playwright show-trace ..\test-results\TS010_scheduledReports-Sch-b8172-uled-report-and-manage-info-browserstack-firefox-windows-retry1\trace.zip

    ────────────────────────────────────────────────────────────────────────────────────────────────

    Retry #2 ───────────────────────────────────────────────────────────────────────────────────────

    Error: browserType.connect: Target page, context or browser has been closed
]]>
</failure>
<system-out>
<![CDATA[
[[ATTACHMENT|test-results\TS010_scheduledReports-Sch-b8172-uled-report-and-manage-info-browserstack-firefox-windows-retry1\trace.zip]]
]]>
</system-out>
</testcase>
</testsuite>
<testsuite name="TS011_addEditMaintenanceContact.spec.js" timestamp="2025-09-08T10:17:51.980Z" hostname="browserstack-firefox-windows" tests="1" failures="1" skipped="0" time="0.01" errors="0">
<testcase name="Add Edit Maintenance Contact › should add the contact details" classname="TS011_addEditMaintenanceContact.spec.js" time="0.01">
<failure message="TS011_addEditMaintenanceContact.spec.js:23:3 should add the contact details" type="FAILURE">
<![CDATA[  [browserstack-firefox-windows] › TS011_addEditMaintenanceContact.spec.js:23:3 › Add Edit Maintenance Contact › should add the contact details 

    Error: browserType.connect: Target page, context or browser has been closed

    Retry #1 ───────────────────────────────────────────────────────────────────────────────────────

    Error: browserType.connect: Target page, context or browser has been closed

    attachment #1: trace (application/zip) ─────────────────────────────────────────────────────────
    ..\test-results\TS011_addEditMaintenanceCo-5d462-uld-add-the-contact-details-browserstack-firefox-windows-retry1\trace.zip
    Usage:

        npx playwright show-trace ..\test-results\TS011_addEditMaintenanceCo-5d462-uld-add-the-contact-details-browserstack-firefox-windows-retry1\trace.zip

    ────────────────────────────────────────────────────────────────────────────────────────────────

    Retry #2 ───────────────────────────────────────────────────────────────────────────────────────

    Error: browserType.connect: Target page, context or browser has been closed
]]>
</failure>
<system-out>
<![CDATA[
[[ATTACHMENT|test-results\TS011_addEditMaintenanceCo-5d462-uld-add-the-contact-details-browserstack-firefox-windows-retry1\trace.zip]]
]]>
</system-out>
</testcase>
</testsuite>
<testsuite name="TS012_maintainanceReport.spec.js" timestamp="2025-09-08T10:17:51.980Z" hostname="browserstack-firefox-windows" tests="1" failures="1" skipped="0" time="0.011" errors="0">
<testcase name="Maintainance Report › should view the vehicle maintenance report" classname="TS012_maintainanceReport.spec.js" time="0.011">
<failure message="TS012_maintainanceReport.spec.js:23:3 should view the vehicle maintenance report" type="FAILURE">
<![CDATA[  [browserstack-firefox-windows] › TS012_maintainanceReport.spec.js:23:3 › Maintainance Report › should view the vehicle maintenance report 

    Error: browserType.connect: Target page, context or browser has been closed

    Retry #1 ───────────────────────────────────────────────────────────────────────────────────────

    Error: browserType.connect: Target page, context or browser has been closed

    attachment #1: trace (application/zip) ─────────────────────────────────────────────────────────
    ..\test-results\TS012_maintainanceReport-M-d232c--vehicle-maintenance-report-browserstack-firefox-windows-retry1\trace.zip
    Usage:

        npx playwright show-trace ..\test-results\TS012_maintainanceReport-M-d232c--vehicle-maintenance-report-browserstack-firefox-windows-retry1\trace.zip

    ────────────────────────────────────────────────────────────────────────────────────────────────

    Retry #2 ───────────────────────────────────────────────────────────────────────────────────────

    Error: browserType.connect: Target page, context or browser has been closed
]]>
</failure>
<system-out>
<![CDATA[
[[ATTACHMENT|test-results\TS012_maintainanceReport-M-d232c--vehicle-maintenance-report-browserstack-firefox-windows-retry1\trace.zip]]
]]>
</system-out>
</testcase>
</testsuite>
<testsuite name="TS013_viewVehicleService.spec.js" timestamp="2025-09-08T10:17:51.980Z" hostname="browserstack-firefox-windows" tests="1" failures="1" skipped="0" time="0.009" errors="0">
<testcase name="View Vehicle Service › should add new services" classname="TS013_viewVehicleService.spec.js" time="0.009">
<failure message="TS013_viewVehicleService.spec.js:23:3 should add new services" type="FAILURE">
<![CDATA[  [browserstack-firefox-windows] › TS013_viewVehicleService.spec.js:23:3 › View Vehicle Service › should add new services 

    Error: browserType.connect: Target page, context or browser has been closed

    Retry #1 ───────────────────────────────────────────────────────────────────────────────────────

    Error: browserType.connect: Target page, context or browser has been closed

    attachment #1: trace (application/zip) ─────────────────────────────────────────────────────────
    ..\test-results\TS013_viewVehicleService-V-f3efb-ice-should-add-new-services-browserstack-firefox-windows-retry1\trace.zip
    Usage:

        npx playwright show-trace ..\test-results\TS013_viewVehicleService-V-f3efb-ice-should-add-new-services-browserstack-firefox-windows-retry1\trace.zip

    ────────────────────────────────────────────────────────────────────────────────────────────────

    Retry #2 ───────────────────────────────────────────────────────────────────────────────────────

    Error: browserType.connect: Target page, context or browser has been closed
]]>
</failure>
<system-out>
<![CDATA[
[[ATTACHMENT|test-results\TS013_viewVehicleService-V-f3efb-ice-should-add-new-services-browserstack-firefox-windows-retry1\trace.zip]]
]]>
</system-out>
</testcase>
</testsuite>
<testsuite name="TS014_weeklyAfterHoursSummary.spec.js" timestamp="2025-09-08T10:17:51.980Z" hostname="browserstack-firefox-windows" tests="1" failures="1" skipped="0" time="0.013" errors="0">
<testcase name="Weekly After Hours Summary › should view the after hour alerts on weekly basis" classname="TS014_weeklyAfterHoursSummary.spec.js" time="0.013">
<failure message="TS014_weeklyAfterHoursSummary.spec.js:23:3 should view the after hour alerts on weekly basis" type="FAILURE">
<![CDATA[  [browserstack-firefox-windows] › TS014_weeklyAfterHoursSummary.spec.js:23:3 › Weekly After Hours Summary › should view the after hour alerts on weekly basis 

    Error: browserType.connect: Target page, context or browser has been closed

    Retry #1 ───────────────────────────────────────────────────────────────────────────────────────

    Error: browserType.connect: Target page, context or browser has been closed

    attachment #1: trace (application/zip) ─────────────────────────────────────────────────────────
    ..\test-results\TS014_weeklyAfterHoursSumm-fdce8-hour-alerts-on-weekly-basis-browserstack-firefox-windows-retry1\trace.zip
    Usage:

        npx playwright show-trace ..\test-results\TS014_weeklyAfterHoursSumm-fdce8-hour-alerts-on-weekly-basis-browserstack-firefox-windows-retry1\trace.zip

    ────────────────────────────────────────────────────────────────────────────────────────────────

    Retry #2 ───────────────────────────────────────────────────────────────────────────────────────

    Error: browserType.connect: Target page, context or browser has been closed
]]>
</failure>
<system-out>
<![CDATA[
[[ATTACHMENT|test-results\TS014_weeklyAfterHoursSumm-fdce8-hour-alerts-on-weekly-basis-browserstack-firefox-windows-retry1\trace.zip]]
]]>
</system-out>
</testcase>
</testsuite>
<testsuite name="TS015_afterHourSummary.spec.js" timestamp="2025-09-08T10:17:51.980Z" hostname="browserstack-firefox-windows" tests="1" failures="1" skipped="0" time="0.011" errors="0">
<testcase name="After Hour Summary › should redirect to fleet demo page with demo credentials" classname="TS015_afterHourSummary.spec.js" time="0.011">
<failure message="TS015_afterHourSummary.spec.js:23:3 should redirect to fleet demo page with demo credentials" type="FAILURE">
<![CDATA[  [browserstack-firefox-windows] › TS015_afterHourSummary.spec.js:23:3 › After Hour Summary › should redirect to fleet demo page with demo credentials 

    Error: browserType.connect: Target page, context or browser has been closed

    Retry #1 ───────────────────────────────────────────────────────────────────────────────────────

    Error: browserType.connect: Target page, context or browser has been closed

    attachment #1: trace (application/zip) ─────────────────────────────────────────────────────────
    ..\test-results\TS015_afterHourSummary-Aft-66a96--page-with-demo-credentials-browserstack-firefox-windows-retry1\trace.zip
    Usage:

        npx playwright show-trace ..\test-results\TS015_afterHourSummary-Aft-66a96--page-with-demo-credentials-browserstack-firefox-windows-retry1\trace.zip

    ────────────────────────────────────────────────────────────────────────────────────────────────

    Retry #2 ───────────────────────────────────────────────────────────────────────────────────────

    Error: browserType.connect: Target page, context or browser has been closed
]]>
</failure>
<system-out>
<![CDATA[
[[ATTACHMENT|test-results\TS015_afterHourSummary-Aft-66a96--page-with-demo-credentials-browserstack-firefox-windows-retry1\trace.zip]]
]]>
</system-out>
</testcase>
</testsuite>
<testsuite name="TS016_afterHoursInsight.spec.js" timestamp="2025-09-08T10:17:51.980Z" hostname="browserstack-firefox-windows" tests="1" failures="1" skipped="0" time="0.01" errors="0">
<testcase name="After Hour Insight › should redirect to After Hour Insight" classname="TS016_afterHoursInsight.spec.js" time="0.01">
<failure message="TS016_afterHoursInsight.spec.js:23:5 should redirect to After Hour Insight" type="FAILURE">
<![CDATA[  [browserstack-firefox-windows] › TS016_afterHoursInsight.spec.js:23:5 › After Hour Insight › should redirect to After Hour Insight 

    Error: browserType.connect: Target page, context or browser has been closed

    Retry #1 ───────────────────────────────────────────────────────────────────────────────────────

    Error: browserType.connect: Target page, context or browser has been closed

    attachment #1: trace (application/zip) ─────────────────────────────────────────────────────────
    ..\test-results\TS016_afterHoursInsight-Af-57180-irect-to-After-Hour-Insight-browserstack-firefox-windows-retry1\trace.zip
    Usage:

        npx playwright show-trace ..\test-results\TS016_afterHoursInsight-Af-57180-irect-to-After-Hour-Insight-browserstack-firefox-windows-retry1\trace.zip

    ────────────────────────────────────────────────────────────────────────────────────────────────

    Retry #2 ───────────────────────────────────────────────────────────────────────────────────────

    Error: browserType.connect: Target page, context or browser has been closed
]]>
</failure>
<system-out>
<![CDATA[
[[ATTACHMENT|test-results\TS016_afterHoursInsight-Af-57180-irect-to-After-Hour-Insight-browserstack-firefox-windows-retry1\trace.zip]]
]]>
</system-out>
</testcase>
</testsuite>
<testsuite name="TS017_afterHoursSettings.spec.js" timestamp="2025-09-08T10:17:51.980Z" hostname="browserstack-firefox-windows" tests="1" failures="1" skipped="0" time="0.012" errors="0">
<testcase name="After Hour Setting › should edit the after hour settings of a device" classname="TS017_afterHoursSettings.spec.js" time="0.012">
<failure message="TS017_afterHoursSettings.spec.js:23:5 should edit the after hour settings of a device" type="FAILURE">
<![CDATA[  [browserstack-firefox-windows] › TS017_afterHoursSettings.spec.js:23:5 › After Hour Setting › should edit the after hour settings of a device 

    Error: browserType.connect: Target page, context or browser has been closed

    Retry #1 ───────────────────────────────────────────────────────────────────────────────────────

    Error: browserType.connect: Target page, context or browser has been closed

    attachment #1: trace (application/zip) ─────────────────────────────────────────────────────────
    ..\test-results\TS017_afterHoursSettings-A-52fc2-r-hour-settings-of-a-device-browserstack-firefox-windows-retry1\trace.zip
    Usage:

        npx playwright show-trace ..\test-results\TS017_afterHoursSettings-A-52fc2-r-hour-settings-of-a-device-browserstack-firefox-windows-retry1\trace.zip

    ────────────────────────────────────────────────────────────────────────────────────────────────

    Retry #2 ───────────────────────────────────────────────────────────────────────────────────────

    Error: browserType.connect: Target page, context or browser has been closed
]]>
</failure>
<system-out>
<![CDATA[
[[ATTACHMENT|test-results\TS017_afterHoursSettings-A-52fc2-r-hour-settings-of-a-device-browserstack-firefox-windows-retry1\trace.zip]]
]]>
</system-out>
</testcase>
</testsuite>
<testsuite name="TS018_createGeofencing.spec.js" timestamp="2025-09-08T10:17:51.980Z" hostname="browserstack-firefox-windows" tests="1" failures="1" skipped="0" time="0.01" errors="0">
<testcase name="Create Geofencing › should be able to create new Geofence" classname="TS018_createGeofencing.spec.js" time="0.01">
<failure message="TS018_createGeofencing.spec.js:23:5 should be able to create new Geofence" type="FAILURE">
<![CDATA[  [browserstack-firefox-windows] › TS018_createGeofencing.spec.js:23:5 › Create Geofencing › should be able to create new Geofence 

    Error: browserType.connect: Target page, context or browser has been closed

    Retry #1 ───────────────────────────────────────────────────────────────────────────────────────

    Error: browserType.connect: Target page, context or browser has been closed

    attachment #1: trace (application/zip) ─────────────────────────────────────────────────────────
    ..\test-results\TS018_createGeofencing-Cre-a5300-able-to-create-new-Geofence-browserstack-firefox-windows-retry1\trace.zip
    Usage:

        npx playwright show-trace ..\test-results\TS018_createGeofencing-Cre-a5300-able-to-create-new-Geofence-browserstack-firefox-windows-retry1\trace.zip

    ────────────────────────────────────────────────────────────────────────────────────────────────

    Retry #2 ───────────────────────────────────────────────────────────────────────────────────────

    Error: browserType.connect: Target page, context or browser has been closed
]]>
</failure>
<system-out>
<![CDATA[
[[ATTACHMENT|test-results\TS018_createGeofencing-Cre-a5300-able-to-create-new-Geofence-browserstack-firefox-windows-retry1\trace.zip]]
]]>
</system-out>
</testcase>
</testsuite>
<testsuite name="TS019_viewDeleteGeofence.spec.js" timestamp="2025-09-08T10:17:51.980Z" hostname="browserstack-firefox-windows" tests="1" failures="1" skipped="0" time="0.01" errors="0">
<testcase name="view delete geofence › should be able to edit/delete geofence" classname="TS019_viewDeleteGeofence.spec.js" time="0.01">
<failure message="TS019_viewDeleteGeofence.spec.js:23:5 should be able to edit/delete geofence" type="FAILURE">
<![CDATA[  [browserstack-firefox-windows] › TS019_viewDeleteGeofence.spec.js:23:5 › view delete geofence › should be able to edit/delete geofence 

    Error: browserType.connect: Target page, context or browser has been closed

    Retry #1 ───────────────────────────────────────────────────────────────────────────────────────

    Error: browserType.connect: Target page, context or browser has been closed

    attachment #1: trace (application/zip) ─────────────────────────────────────────────────────────
    ..\test-results\TS019_viewDeleteGeofence-v-f8eaf-ble-to-edit-delete-geofence-browserstack-firefox-windows-retry1\trace.zip
    Usage:

        npx playwright show-trace ..\test-results\TS019_viewDeleteGeofence-v-f8eaf-ble-to-edit-delete-geofence-browserstack-firefox-windows-retry1\trace.zip

    ────────────────────────────────────────────────────────────────────────────────────────────────

    Retry #2 ───────────────────────────────────────────────────────────────────────────────────────

    Error: browserType.connect: Target page, context or browser has been closed
]]>
</failure>
<system-out>
<![CDATA[
[[ATTACHMENT|test-results\TS019_viewDeleteGeofence-v-f8eaf-ble-to-edit-delete-geofence-browserstack-firefox-windows-retry1\trace.zip]]
]]>
</system-out>
</testcase>
</testsuite>
<testsuite name="TS020_weeklyGeofenceReport.spec.js" timestamp="2025-09-08T10:17:51.980Z" hostname="browserstack-firefox-windows" tests="1" failures="1" skipped="0" time="0.011" errors="0">
<testcase name="Weekly Geofencing reports › should manage recent geofence report" classname="TS020_weeklyGeofenceReport.spec.js" time="0.011">
<failure message="TS020_weeklyGeofenceReport.spec.js:24:5 should manage recent geofence report" type="FAILURE">
<![CDATA[  [browserstack-firefox-windows] › TS020_weeklyGeofenceReport.spec.js:24:5 › Weekly Geofencing reports › should manage recent geofence report 

    Error: browserType.connect: Target page, context or browser has been closed

    Retry #1 ───────────────────────────────────────────────────────────────────────────────────────

    Error: browserType.connect: Target page, context or browser has been closed

    attachment #1: trace (application/zip) ─────────────────────────────────────────────────────────
    ..\test-results\TS020_weeklyGeofenceReport-ef879-nage-recent-geofence-report-browserstack-firefox-windows-retry1\trace.zip
    Usage:

        npx playwright show-trace ..\test-results\TS020_weeklyGeofenceReport-ef879-nage-recent-geofence-report-browserstack-firefox-windows-retry1\trace.zip

    ────────────────────────────────────────────────────────────────────────────────────────────────

    Retry #2 ───────────────────────────────────────────────────────────────────────────────────────

    Error: browserType.connect: Target page, context or browser has been closed
]]>
</failure>
<system-out>
<![CDATA[
[[ATTACHMENT|test-results\TS020_weeklyGeofenceReport-ef879-nage-recent-geofence-report-browserstack-firefox-windows-retry1\trace.zip]]
]]>
</system-out>
</testcase>
</testsuite>
<testsuite name="TS021_currentGeofenceReport.spec.js" timestamp="2025-09-08T10:17:51.980Z" hostname="browserstack-firefox-windows" tests="1" failures="1" skipped="0" time="0.01" errors="0">
<testcase name="Current geofence report › should manage recent geofence report" classname="TS021_currentGeofenceReport.spec.js" time="0.01">
<failure message="TS021_currentGeofenceReport.spec.js:23:5 should manage recent geofence report" type="FAILURE">
<![CDATA[  [browserstack-firefox-windows] › TS021_currentGeofenceReport.spec.js:23:5 › Current geofence report › should manage recent geofence report 

    Error: browserType.connect: Target page, context or browser has been closed

    Retry #1 ───────────────────────────────────────────────────────────────────────────────────────

    Error: browserType.connect: Target page, context or browser has been closed

    attachment #1: trace (application/zip) ─────────────────────────────────────────────────────────
    ..\test-results\TS021_currentGeofenceRepor-21c64-nage-recent-geofence-report-browserstack-firefox-windows-retry1\trace.zip
    Usage:

        npx playwright show-trace ..\test-results\TS021_currentGeofenceRepor-21c64-nage-recent-geofence-report-browserstack-firefox-windows-retry1\trace.zip

    ────────────────────────────────────────────────────────────────────────────────────────────────

    Retry #2 ───────────────────────────────────────────────────────────────────────────────────────

    Error: browserType.connect: Target page, context or browser has been closed
]]>
</failure>
<system-out>
<![CDATA[
[[ATTACHMENT|test-results\TS021_currentGeofenceRepor-21c64-nage-recent-geofence-report-browserstack-firefox-windows-retry1\trace.zip]]
]]>
</system-out>
</testcase>
</testsuite>
<testsuite name="TS022_recentGeofenceReport.spec.js" timestamp="2025-09-08T10:17:51.980Z" hostname="browserstack-firefox-windows" tests="1" failures="1" skipped="0" time="0.009" errors="0">
<testcase name="Recent geofence report › should manage recent geofence report" classname="TS022_recentGeofenceReport.spec.js" time="0.009">
<failure message="TS022_recentGeofenceReport.spec.js:23:5 should manage recent geofence report" type="FAILURE">
<![CDATA[  [browserstack-firefox-windows] › TS022_recentGeofenceReport.spec.js:23:5 › Recent geofence report › should manage recent geofence report 

    Error: browserType.connect: Target page, context or browser has been closed

    Retry #1 ───────────────────────────────────────────────────────────────────────────────────────

    Error: browserType.connect: Target page, context or browser has been closed

    attachment #1: trace (application/zip) ─────────────────────────────────────────────────────────
    ..\test-results\TS022_recentGeofenceReport-2bb8d-nage-recent-geofence-report-browserstack-firefox-windows-retry1\trace.zip
    Usage:

        npx playwright show-trace ..\test-results\TS022_recentGeofenceReport-2bb8d-nage-recent-geofence-report-browserstack-firefox-windows-retry1\trace.zip

    ────────────────────────────────────────────────────────────────────────────────────────────────

    Retry #2 ───────────────────────────────────────────────────────────────────────────────────────

    Error: browserType.connect: Target page, context or browser has been closed
]]>
</failure>
<system-out>
<![CDATA[
[[ATTACHMENT|test-results\TS022_recentGeofenceReport-2bb8d-nage-recent-geofence-report-browserstack-firefox-windows-retry1\trace.zip]]
]]>
</system-out>
</testcase>
</testsuite>
<testsuite name="TS023_changePassword.spec.js" timestamp="2025-09-08T10:17:51.980Z" hostname="browserstack-firefox-windows" tests="1" failures="1" skipped="0" time="0.011" errors="0">
<testcase name="Change Password Test › should change password and login with new password" classname="TS023_changePassword.spec.js" time="0.011">
<failure message="TS023_changePassword.spec.js:23:5 should change password and login with new password" type="FAILURE">
<![CDATA[  [browserstack-firefox-windows] › TS023_changePassword.spec.js:23:5 › Change Password Test › should change password and login with new password 

    Error: browserType.connect: Target page, context or browser has been closed

    Retry #1 ───────────────────────────────────────────────────────────────────────────────────────

    Error: browserType.connect: Target page, context or browser has been closed

    attachment #1: trace (application/zip) ─────────────────────────────────────────────────────────
    ..\test-results\TS023_changePassword-Chang-3f056-and-login-with-new-password-browserstack-firefox-windows-retry1\trace.zip
    Usage:

        npx playwright show-trace ..\test-results\TS023_changePassword-Chang-3f056-and-login-with-new-password-browserstack-firefox-windows-retry1\trace.zip

    ────────────────────────────────────────────────────────────────────────────────────────────────

    Retry #2 ───────────────────────────────────────────────────────────────────────────────────────

    Error: browserType.connect: Target page, context or browser has been closed
]]>
</failure>
<system-out>
<![CDATA[
[[ATTACHMENT|test-results\TS023_changePassword-Chang-3f056-and-login-with-new-password-browserstack-firefox-windows-retry1\trace.zip]]
]]>
</system-out>
</testcase>
</testsuite>
<testsuite name="TS024_createLandmark.spec.js" timestamp="2025-09-08T10:17:51.980Z" hostname="browserstack-firefox-windows" tests="1" failures="1" skipped="0" time="0.011" errors="0">
<testcase name="Geofencing Tests › should redirect to fleet demo page with demo credentials" classname="TS024_createLandmark.spec.js" time="0.011">
<failure message="TS024_createLandmark.spec.js:23:5 should redirect to fleet demo page with demo credentials" type="FAILURE">
<![CDATA[  [browserstack-firefox-windows] › TS024_createLandmark.spec.js:23:5 › Geofencing Tests › should redirect to fleet demo page with demo credentials 

    Error: browserType.connect: Target page, context or browser has been closed

    Retry #1 ───────────────────────────────────────────────────────────────────────────────────────

    Error: browserType.connect: Target page, context or browser has been closed

    attachment #1: trace (application/zip) ─────────────────────────────────────────────────────────
    ..\test-results\TS024_createLandmark-Geofe-b3f86--page-with-demo-credentials-browserstack-firefox-windows-retry1\trace.zip
    Usage:

        npx playwright show-trace ..\test-results\TS024_createLandmark-Geofe-b3f86--page-with-demo-credentials-browserstack-firefox-windows-retry1\trace.zip

    ────────────────────────────────────────────────────────────────────────────────────────────────

    Retry #2 ───────────────────────────────────────────────────────────────────────────────────────

    Error: browserType.connect: Target page, context or browser has been closed
]]>
</failure>
<system-out>
<![CDATA[
[[ATTACHMENT|test-results\TS024_createLandmark-Geofe-b3f86--page-with-demo-credentials-browserstack-firefox-windows-retry1\trace.zip]]
]]>
</system-out>
</testcase>
</testsuite>
<testsuite name="TS025_landmarkReport.spec.js" timestamp="2025-09-08T10:17:51.980Z" hostname="browserstack-firefox-windows" tests="1" failures="1" skipped="0" time="0.007" errors="0">
<testcase name="Geofencing Tests › should redirect to fleet demo page with demo credentials" classname="TS025_landmarkReport.spec.js" time="0.007">
<failure message="TS025_landmarkReport.spec.js:23:5 should redirect to fleet demo page with demo credentials" type="FAILURE">
<![CDATA[  [browserstack-firefox-windows] › TS025_landmarkReport.spec.js:23:5 › Geofencing Tests › should redirect to fleet demo page with demo credentials 

    Error: browserType.connect: Target page, context or browser has been closed

    Retry #1 ───────────────────────────────────────────────────────────────────────────────────────

    Error: browserType.connect: Target page, context or browser has been closed

    attachment #1: trace (application/zip) ─────────────────────────────────────────────────────────
    ..\test-results\TS025_landmarkReport-Geofe-88fca--page-with-demo-credentials-browserstack-firefox-windows-retry1\trace.zip
    Usage:

        npx playwright show-trace ..\test-results\TS025_landmarkReport-Geofe-88fca--page-with-demo-credentials-browserstack-firefox-windows-retry1\trace.zip

    ────────────────────────────────────────────────────────────────────────────────────────────────

    Retry #2 ───────────────────────────────────────────────────────────────────────────────────────

    Error: browserType.connect: Target page, context or browser has been closed
]]>
</failure>
<system-out>
<![CDATA[
[[ATTACHMENT|test-results\TS025_landmarkReport-Geofe-88fca--page-with-demo-credentials-browserstack-firefox-windows-retry1\trace.zip]]
]]>
</system-out>
</testcase>
</testsuite>
<testsuite name="TS026_viewEditLandmark.spec.js" timestamp="2025-09-08T10:17:51.980Z" hostname="browserstack-firefox-windows" tests="1" failures="1" skipped="0" time="0.016" errors="0">
<testcase name="Geofencing Tests › should redirect to fleet demo page with demo credentials" classname="TS026_viewEditLandmark.spec.js" time="0.016">
<failure message="TS026_viewEditLandmark.spec.js:23:5 should redirect to fleet demo page with demo credentials" type="FAILURE">
<![CDATA[  [browserstack-firefox-windows] › TS026_viewEditLandmark.spec.js:23:5 › Geofencing Tests › should redirect to fleet demo page with demo credentials 

    Error: browserType.connect: Target page, context or browser has been closed

    Retry #1 ───────────────────────────────────────────────────────────────────────────────────────

    Error: browserType.connect: Target page, context or browser has been closed

    attachment #1: trace (application/zip) ─────────────────────────────────────────────────────────
    ..\test-results\TS026_viewEditLandmark-Geo-2adac--page-with-demo-credentials-browserstack-firefox-windows-retry1\trace.zip
    Usage:

        npx playwright show-trace ..\test-results\TS026_viewEditLandmark-Geo-2adac--page-with-demo-credentials-browserstack-firefox-windows-retry1\trace.zip

    ────────────────────────────────────────────────────────────────────────────────────────────────

    Retry #2 ───────────────────────────────────────────────────────────────────────────────────────

    Error: browserType.connect: Target page, context or browser has been closed
]]>
</failure>
<system-out>
<![CDATA[
[[ATTACHMENT|test-results\TS026_viewEditLandmark-Geo-2adac--page-with-demo-credentials-browserstack-firefox-windows-retry1\trace.zip]]
]]>
</system-out>
</testcase>
</testsuite>
<testsuite name="TS027_trackHistory.spec.js" timestamp="2025-09-08T10:17:51.980Z" hostname="browserstack-firefox-windows" tests="1" failures="1" skipped="0" time="0.011" errors="0">
<testcase name="Track History Tests › should verify HERE Maps car marker animation functionality" classname="TS027_trackHistory.spec.js" time="0.011">
<failure message="TS027_trackHistory.spec.js:23:5 should verify HERE Maps car marker animation functionality" type="FAILURE">
<![CDATA[  [browserstack-firefox-windows] › TS027_trackHistory.spec.js:23:5 › Track History Tests › should verify HERE Maps car marker animation functionality 

    Error: browserType.connect: Target page, context or browser has been closed

    Retry #1 ───────────────────────────────────────────────────────────────────────────────────────

    Error: browserType.connect: Target page, context or browser has been closed

    attachment #1: trace (application/zip) ─────────────────────────────────────────────────────────
    ..\test-results\TS027_trackHistory-Track-H-86a50-ker-animation-functionality-browserstack-firefox-windows-retry1\trace.zip
    Usage:

        npx playwright show-trace ..\test-results\TS027_trackHistory-Track-H-86a50-ker-animation-functionality-browserstack-firefox-windows-retry1\trace.zip

    ────────────────────────────────────────────────────────────────────────────────────────────────

    Retry #2 ───────────────────────────────────────────────────────────────────────────────────────

    Error: browserType.connect: Target page, context or browser has been closed
]]>
</failure>
<system-out>
<![CDATA[
[[ATTACHMENT|test-results\TS027_trackHistory-Track-H-86a50-ker-animation-functionality-browserstack-firefox-windows-retry1\trace.zip]]
]]>
</system-out>
</testcase>
</testsuite>
<testsuite name="TS028_travelLogReport.spec.js" timestamp="2025-09-08T10:17:51.980Z" hostname="browserstack-firefox-windows" tests="1" failures="1" skipped="0" time="0.01" errors="0">
<testcase name="Travel Log Report › should display TLR" classname="TS028_travelLogReport.spec.js" time="0.01">
<failure message="TS028_travelLogReport.spec.js:23:5 should display TLR" type="FAILURE">
<![CDATA[  [browserstack-firefox-windows] › TS028_travelLogReport.spec.js:23:5 › Travel Log Report › should display TLR 

    Error: browserType.connect: Target page, context or browser has been closed

    Retry #1 ───────────────────────────────────────────────────────────────────────────────────────

    Error: browserType.connect: Target page, context or browser has been closed

    attachment #1: trace (application/zip) ─────────────────────────────────────────────────────────
    ..\test-results\TS028_travelLogReport-Travel-Log-Report-should-display-TLR-browserstack-firefox-windows-retry1\trace.zip
    Usage:

        npx playwright show-trace ..\test-results\TS028_travelLogReport-Travel-Log-Report-should-display-TLR-browserstack-firefox-windows-retry1\trace.zip

    ────────────────────────────────────────────────────────────────────────────────────────────────

    Retry #2 ───────────────────────────────────────────────────────────────────────────────────────

    Error: browserType.connect: Target page, context or browser has been closed
]]>
</failure>
<system-out>
<![CDATA[
[[ATTACHMENT|test-results\TS028_travelLogReport-Travel-Log-Report-should-display-TLR-browserstack-firefox-windows-retry1\trace.zip]]
]]>
</system-out>
</testcase>
</testsuite>
<testsuite name="TS029_currentLocationReport.spec.js" timestamp="2025-09-08T10:17:51.980Z" hostname="browserstack-firefox-windows" tests="1" failures="1" skipped="0" time="0.012" errors="0">
<testcase name="Current Location Report › should redirect to fleet demo page with demo credentials and test current location report" classname="TS029_currentLocationReport.spec.js" time="0.012">
<failure message="TS029_currentLocationReport.spec.js:23:5 should redirect to fleet demo page with demo credentials and test current location report" type="FAILURE">
<![CDATA[  [browserstack-firefox-windows] › TS029_currentLocationReport.spec.js:23:5 › Current Location Report › should redirect to fleet demo page with demo credentials and test current location report 

    Error: browserType.connect: Target page, context or browser has been closed

    Retry #1 ───────────────────────────────────────────────────────────────────────────────────────

    Error: browserType.connect: Target page, context or browser has been closed

    attachment #1: trace (application/zip) ─────────────────────────────────────────────────────────
    ..\test-results\TS029_currentLocationRepor-73244-est-current-location-report-browserstack-firefox-windows-retry1\trace.zip
    Usage:

        npx playwright show-trace ..\test-results\TS029_currentLocationRepor-73244-est-current-location-report-browserstack-firefox-windows-retry1\trace.zip

    ────────────────────────────────────────────────────────────────────────────────────────────────

    Retry #2 ───────────────────────────────────────────────────────────────────────────────────────

    Error: browserType.connect: Target page, context or browser has been closed
]]>
</failure>
<system-out>
<![CDATA[
[[ATTACHMENT|test-results\TS029_currentLocationRepor-73244-est-current-location-report-browserstack-firefox-windows-retry1\trace.zip]]
]]>
</system-out>
</testcase>
</testsuite>
<testsuite name="TS030_mileageReport.spec.js" timestamp="2025-09-08T10:17:51.980Z" hostname="browserstack-firefox-windows" tests="1" failures="1" skipped="0" time="0.011" errors="0">
<testcase name="Mileage Report › should display start and end mileage of devices" classname="TS030_mileageReport.spec.js" time="0.011">
<failure message="TS030_mileageReport.spec.js:23:5 should display start and end mileage of devices" type="FAILURE">
<![CDATA[  [browserstack-firefox-windows] › TS030_mileageReport.spec.js:23:5 › Mileage Report › should display start and end mileage of devices 

    Error: browserType.connect: Target page, context or browser has been closed

    Retry #1 ───────────────────────────────────────────────────────────────────────────────────────

    Error: browserType.connect: Target page, context or browser has been closed

    attachment #1: trace (application/zip) ─────────────────────────────────────────────────────────
    ..\test-results\TS030_mileageReport-Mileag-dafe3--and-end-mileage-of-devices-browserstack-firefox-windows-retry1\trace.zip
    Usage:

        npx playwright show-trace ..\test-results\TS030_mileageReport-Mileag-dafe3--and-end-mileage-of-devices-browserstack-firefox-windows-retry1\trace.zip

    ────────────────────────────────────────────────────────────────────────────────────────────────

    Retry #2 ───────────────────────────────────────────────────────────────────────────────────────

    Error: browserType.connect: Target page, context or browser has been closed
]]>
</failure>
<system-out>
<![CDATA[
[[ATTACHMENT|test-results\TS030_mileageReport-Mileag-dafe3--and-end-mileage-of-devices-browserstack-firefox-windows-retry1\trace.zip]]
]]>
</system-out>
</testcase>
</testsuite>
<testsuite name="TS031_stateMileageReport.spec.js" timestamp="2025-09-08T10:17:51.980Z" hostname="browserstack-firefox-windows" tests="1" failures="1" skipped="0" time="0.01" errors="0">
<testcase name="State Mileage Report › should be redirected to fleet demo page with demo credentials" classname="TS031_stateMileageReport.spec.js" time="0.01">
<failure message="TS031_stateMileageReport.spec.js:23:5 should be redirected to fleet demo page with demo credentials" type="FAILURE">
<![CDATA[  [browserstack-firefox-windows] › TS031_stateMileageReport.spec.js:23:5 › State Mileage Report › should be redirected to fleet demo page with demo credentials 

    Error: browserType.connect: Target page, context or browser has been closed

    Retry #1 ───────────────────────────────────────────────────────────────────────────────────────

    Error: browserType.connect: Target page, context or browser has been closed

    attachment #1: trace (application/zip) ─────────────────────────────────────────────────────────
    ..\test-results\TS031_stateMileageReport-S-26de1--page-with-demo-credentials-browserstack-firefox-windows-retry1\trace.zip
    Usage:

        npx playwright show-trace ..\test-results\TS031_stateMileageReport-S-26de1--page-with-demo-credentials-browserstack-firefox-windows-retry1\trace.zip

    ────────────────────────────────────────────────────────────────────────────────────────────────

    Retry #2 ───────────────────────────────────────────────────────────────────────────────────────

    Error: browserType.connect: Target page, context or browser has been closed
]]>
</failure>
<system-out>
<![CDATA[
[[ATTACHMENT|test-results\TS031_stateMileageReport-S-26de1--page-with-demo-credentials-browserstack-firefox-windows-retry1\trace.zip]]
]]>
</system-out>
</testcase>
</testsuite>
<testsuite name="TS032_30DayMileageReport.spec.js" timestamp="2025-09-08T10:17:51.980Z" hostname="browserstack-firefox-windows" tests="1" failures="1" skipped="0" time="0.013" errors="0">
<testcase name="30 Day Mileage Report › should be redirected to fleet demo page with demo credentials" classname="TS032_30DayMileageReport.spec.js" time="0.013">
<failure message="TS032_30DayMileageReport.spec.js:23:5 should be redirected to fleet demo page with demo credentials" type="FAILURE">
<![CDATA[  [browserstack-firefox-windows] › TS032_30DayMileageReport.spec.js:23:5 › 30 Day Mileage Report › should be redirected to fleet demo page with demo credentials 

    Error: browserType.connect: Target page, context or browser has been closed

    Retry #1 ───────────────────────────────────────────────────────────────────────────────────────

    Error: browserType.connect: Target page, context or browser has been closed

    attachment #1: trace (application/zip) ─────────────────────────────────────────────────────────
    ..\test-results\TS032_30DayMileageReport-3-41183--page-with-demo-credentials-browserstack-firefox-windows-retry1\trace.zip
    Usage:

        npx playwright show-trace ..\test-results\TS032_30DayMileageReport-3-41183--page-with-demo-credentials-browserstack-firefox-windows-retry1\trace.zip

    ────────────────────────────────────────────────────────────────────────────────────────────────

    Retry #2 ───────────────────────────────────────────────────────────────────────────────────────

    Error: browserType.connect: Target page, context or browser has been closed
]]>
</failure>
<system-out>
<![CDATA[
[[ATTACHMENT|test-results\TS032_30DayMileageReport-3-41183--page-with-demo-credentials-browserstack-firefox-windows-retry1\trace.zip]]
]]>
</system-out>
</testcase>
</testsuite>
<testsuite name="TS033_postedSpeedReport.spec.js" timestamp="2025-09-08T10:17:51.980Z" hostname="browserstack-firefox-windows" tests="1" failures="1" skipped="0" time="0.012" errors="0">
<testcase name="Posted Speed Report › should generate and validate posted speed report" classname="TS033_postedSpeedReport.spec.js" time="0.012">
<failure message="TS033_postedSpeedReport.spec.js:23:5 should generate and validate posted speed report" type="FAILURE">
<![CDATA[  [browserstack-firefox-windows] › TS033_postedSpeedReport.spec.js:23:5 › Posted Speed Report › should generate and validate posted speed report 

    Error: browserType.connect: Target page, context or browser has been closed

    Retry #1 ───────────────────────────────────────────────────────────────────────────────────────

    Error: browserType.connect: Target page, context or browser has been closed

    attachment #1: trace (application/zip) ─────────────────────────────────────────────────────────
    ..\test-results\TS033_postedSpeedReport-Po-2b698-alidate-posted-speed-report-browserstack-firefox-windows-retry1\trace.zip
    Usage:

        npx playwright show-trace ..\test-results\TS033_postedSpeedReport-Po-2b698-alidate-posted-speed-report-browserstack-firefox-windows-retry1\trace.zip

    ────────────────────────────────────────────────────────────────────────────────────────────────

    Retry #2 ───────────────────────────────────────────────────────────────────────────────────────

    Error: browserType.connect: Target page, context or browser has been closed
]]>
</failure>
<system-out>
<![CDATA[
[[ATTACHMENT|test-results\TS033_postedSpeedReport-Po-2b698-alidate-posted-speed-report-browserstack-firefox-windows-retry1\trace.zip]]
]]>
</system-out>
</testcase>
</testsuite>
<testsuite name="TS034_tripReport.spec.js" timestamp="2025-09-08T10:17:51.980Z" hostname="browserstack-firefox-windows" tests="1" failures="1" skipped="0" time="0.01" errors="0">
<testcase name="Trip Report › should generate and validate trip report" classname="TS034_tripReport.spec.js" time="0.01">
<failure message="TS034_tripReport.spec.js:23:5 should generate and validate trip report" type="FAILURE">
<![CDATA[  [browserstack-firefox-windows] › TS034_tripReport.spec.js:23:5 › Trip Report › should generate and validate trip report 

    Error: browserType.connect: Target page, context or browser has been closed

    Retry #1 ───────────────────────────────────────────────────────────────────────────────────────

    Error: browserType.connect: Target page, context or browser has been closed

    attachment #1: trace (application/zip) ─────────────────────────────────────────────────────────
    ..\test-results\TS034_tripReport-Trip-Repo-77235-te-and-validate-trip-report-browserstack-firefox-windows-retry1\trace.zip
    Usage:

        npx playwright show-trace ..\test-results\TS034_tripReport-Trip-Repo-77235-te-and-validate-trip-report-browserstack-firefox-windows-retry1\trace.zip

    ────────────────────────────────────────────────────────────────────────────────────────────────

    Retry #2 ───────────────────────────────────────────────────────────────────────────────────────

    Error: browserType.connect: Target page, context or browser has been closed
]]>
</failure>
<system-out>
<![CDATA[
[[ATTACHMENT|test-results\TS034_tripReport-Trip-Repo-77235-te-and-validate-trip-report-browserstack-firefox-windows-retry1\trace.zip]]
]]>
</system-out>
</testcase>
</testsuite>
<testsuite name="TS035_engineOnReport.spec.js" timestamp="2025-09-08T10:17:51.980Z" hostname="browserstack-firefox-windows" tests="1" failures="1" skipped="0" time="0.013" errors="0">
<testcase name="Engine On Report › should generate and validate engine on report" classname="TS035_engineOnReport.spec.js" time="0.013">
<failure message="TS035_engineOnReport.spec.js:23:5 should generate and validate engine on report" type="FAILURE">
<![CDATA[  [browserstack-firefox-windows] › TS035_engineOnReport.spec.js:23:5 › Engine On Report › should generate and validate engine on report 

    Error: browserType.connect: Target page, context or browser has been closed

    Retry #1 ───────────────────────────────────────────────────────────────────────────────────────

    Error: browserType.connect: Target page, context or browser has been closed

    attachment #1: trace (application/zip) ─────────────────────────────────────────────────────────
    ..\test-results\TS035_engineOnReport-Engin-0a7d6-d-validate-engine-on-report-browserstack-firefox-windows-retry1\trace.zip
    Usage:

        npx playwright show-trace ..\test-results\TS035_engineOnReport-Engin-0a7d6-d-validate-engine-on-report-browserstack-firefox-windows-retry1\trace.zip

    ────────────────────────────────────────────────────────────────────────────────────────────────

    Retry #2 ───────────────────────────────────────────────────────────────────────────────────────

    Error: browserType.connect: Target page, context or browser has been closed
]]>
</failure>
<system-out>
<![CDATA[
[[ATTACHMENT|test-results\TS035_engineOnReport-Engin-0a7d6-d-validate-engine-on-report-browserstack-firefox-windows-retry1\trace.zip]]
]]>
</system-out>
</testcase>
</testsuite>
<testsuite name="TS036_idlingReport.spec.js" timestamp="2025-09-08T10:17:51.980Z" hostname="browserstack-firefox-windows" tests="1" failures="1" skipped="0" time="0.011" errors="0">
<testcase name="Idling Report › should generate and validate idling report" classname="TS036_idlingReport.spec.js" time="0.011">
<failure message="TS036_idlingReport.spec.js:23:5 should generate and validate idling report" type="FAILURE">
<![CDATA[  [browserstack-firefox-windows] › TS036_idlingReport.spec.js:23:5 › Idling Report › should generate and validate idling report 

    Error: browserType.connect: Target page, context or browser has been closed

    Retry #1 ───────────────────────────────────────────────────────────────────────────────────────

    Error: browserType.connect: Target page, context or browser has been closed

    attachment #1: trace (application/zip) ─────────────────────────────────────────────────────────
    ..\test-results\TS036_idlingReport-Idling--f140b--and-validate-idling-report-browserstack-firefox-windows-retry1\trace.zip
    Usage:

        npx playwright show-trace ..\test-results\TS036_idlingReport-Idling--f140b--and-validate-idling-report-browserstack-firefox-windows-retry1\trace.zip

    ────────────────────────────────────────────────────────────────────────────────────────────────

    Retry #2 ───────────────────────────────────────────────────────────────────────────────────────

    Error: browserType.connect: Target page, context or browser has been closed
]]>
</failure>
<system-out>
<![CDATA[
[[ATTACHMENT|test-results\TS036_idlingReport-Idling--f140b--and-validate-idling-report-browserstack-firefox-windows-retry1\trace.zip]]
]]>
</system-out>
</testcase>
</testsuite>
<testsuite name="TS037_lowVoltageDeviceReport.spec.js" timestamp="2025-09-08T10:17:51.980Z" hostname="browserstack-firefox-windows" tests="1" failures="1" skipped="0" time="0.011" errors="0">
<testcase name="Low Voltage Device Report › should generate and validate low voltage device report" classname="TS037_lowVoltageDeviceReport.spec.js" time="0.011">
<failure message="TS037_lowVoltageDeviceReport.spec.js:23:5 should generate and validate low voltage device report" type="FAILURE">
<![CDATA[  [browserstack-firefox-windows] › TS037_lowVoltageDeviceReport.spec.js:23:5 › Low Voltage Device Report › should generate and validate low voltage device report 

    Error: browserType.connect: Target page, context or browser has been closed

    Retry #1 ───────────────────────────────────────────────────────────────────────────────────────

    Error: browserType.connect: Target page, context or browser has been closed

    attachment #1: trace (application/zip) ─────────────────────────────────────────────────────────
    ..\test-results\TS037_lowVoltageDeviceRepo-7bb31-e-low-voltage-device-report-browserstack-firefox-windows-retry1\trace.zip
    Usage:

        npx playwright show-trace ..\test-results\TS037_lowVoltageDeviceRepo-7bb31-e-low-voltage-device-report-browserstack-firefox-windows-retry1\trace.zip

    ────────────────────────────────────────────────────────────────────────────────────────────────

    Retry #2 ───────────────────────────────────────────────────────────────────────────────────────

    Error: browserType.connect: Target page, context or browser has been closed
]]>
</failure>
<system-out>
<![CDATA[
[[ATTACHMENT|test-results\TS037_lowVoltageDeviceRepo-7bb31-e-low-voltage-device-report-browserstack-firefox-windows-retry1\trace.zip]]
]]>
</system-out>
</testcase>
</testsuite>
<testsuite name="TS038_driverSafetyReport.spec.js" timestamp="2025-09-08T10:17:51.980Z" hostname="browserstack-firefox-windows" tests="1" failures="1" skipped="0" time="0.016" errors="0">
<testcase name="Driver Safety Report › should generate and validate driver safety report" classname="TS038_driverSafetyReport.spec.js" time="0.016">
<failure message="TS038_driverSafetyReport.spec.js:23:5 should generate and validate driver safety report" type="FAILURE">
<![CDATA[  [browserstack-firefox-windows] › TS038_driverSafetyReport.spec.js:23:5 › Driver Safety Report › should generate and validate driver safety report 

    Error: browserType.connect: Target page, context or browser has been closed

    Retry #1 ───────────────────────────────────────────────────────────────────────────────────────

    Error: browserType.connect: Target page, context or browser has been closed

    attachment #1: trace (application/zip) ─────────────────────────────────────────────────────────
    ..\test-results\TS038_driverSafetyReport-D-71479-lidate-driver-safety-report-browserstack-firefox-windows-retry1\trace.zip
    Usage:

        npx playwright show-trace ..\test-results\TS038_driverSafetyReport-D-71479-lidate-driver-safety-report-browserstack-firefox-windows-retry1\trace.zip

    ────────────────────────────────────────────────────────────────────────────────────────────────

    Retry #2 ───────────────────────────────────────────────────────────────────────────────────────

    Error: browserType.connect: Target page, context or browser has been closed
]]>
</failure>
<system-out>
<![CDATA[
[[ATTACHMENT|test-results\TS038_driverSafetyReport-D-71479-lidate-driver-safety-report-browserstack-firefox-windows-retry1\trace.zip]]
]]>
</system-out>
</testcase>
</testsuite>
<testsuite name="TS039_weeklyUtilizationReport.spec.js" timestamp="2025-09-08T10:17:51.980Z" hostname="browserstack-firefox-windows" tests="1" failures="1" skipped="0" time="0.014" errors="0">
<testcase name="Weekly Utilization Report › should generate and validate weekly utilization report" classname="TS039_weeklyUtilizationReport.spec.js" time="0.014">
<failure message="TS039_weeklyUtilizationReport.spec.js:23:5 should generate and validate weekly utilization report" type="FAILURE">
<![CDATA[  [browserstack-firefox-windows] › TS039_weeklyUtilizationReport.spec.js:23:5 › Weekly Utilization Report › should generate and validate weekly utilization report 

    Error: browserType.connect: Target page, context or browser has been closed

    Retry #1 ───────────────────────────────────────────────────────────────────────────────────────

    Error: browserType.connect: Target page, context or browser has been closed

    attachment #1: trace (application/zip) ─────────────────────────────────────────────────────────
    ..\test-results\TS039_weeklyUtilizationRep-e422c-e-weekly-utilization-report-browserstack-firefox-windows-retry1\trace.zip
    Usage:

        npx playwright show-trace ..\test-results\TS039_weeklyUtilizationRep-e422c-e-weekly-utilization-report-browserstack-firefox-windows-retry1\trace.zip

    ────────────────────────────────────────────────────────────────────────────────────────────────

    Retry #2 ───────────────────────────────────────────────────────────────────────────────────────

    Error: browserType.connect: Target page, context or browser has been closed
]]>
</failure>
<system-out>
<![CDATA[
[[ATTACHMENT|test-results\TS039_weeklyUtilizationRep-e422c-e-weekly-utilization-report-browserstack-firefox-windows-retry1\trace.zip]]
]]>
</system-out>
</testcase>
</testsuite>
<testsuite name="TS040_ExitReport.spec.js" timestamp="2025-09-08T10:17:51.980Z" hostname="browserstack-firefox-windows" tests="1" failures="1" skipped="0" time="0.011" errors="0">
<testcase name="Exit Report › should generate and validate exit report" classname="TS040_ExitReport.spec.js" time="0.011">
<failure message="TS040_ExitReport.spec.js:23:5 should generate and validate exit report" type="FAILURE">
<![CDATA[  [browserstack-firefox-windows] › TS040_ExitReport.spec.js:23:5 › Exit Report › should generate and validate exit report 

    Error: browserType.connect: Target page, context or browser has been closed

    Retry #1 ───────────────────────────────────────────────────────────────────────────────────────

    Error: browserType.connect: Target page, context or browser has been closed

    attachment #1: trace (application/zip) ─────────────────────────────────────────────────────────
    ..\test-results\TS040_ExitReport-Exit-Repo-6de63-te-and-validate-exit-report-browserstack-firefox-windows-retry1\trace.zip
    Usage:

        npx playwright show-trace ..\test-results\TS040_ExitReport-Exit-Repo-6de63-te-and-validate-exit-report-browserstack-firefox-windows-retry1\trace.zip

    ────────────────────────────────────────────────────────────────────────────────────────────────

    Retry #2 ───────────────────────────────────────────────────────────────────────────────────────

    Error: browserType.connect: Target page, context or browser has been closed
]]>
</failure>
<system-out>
<![CDATA[
[[ATTACHMENT|test-results\TS040_ExitReport-Exit-Repo-6de63-te-and-validate-exit-report-browserstack-firefox-windows-retry1\trace.zip]]
]]>
</system-out>
</testcase>
</testsuite>
<testsuite name="TS041_UtilizationReport.spec.js" timestamp="2025-09-08T10:17:51.980Z" hostname="browserstack-firefox-windows" tests="1" failures="1" skipped="0" time="0.013" errors="0">
<testcase name="Utilization Report › should generate and validate utilization report" classname="TS041_UtilizationReport.spec.js" time="0.013">
<failure message="TS041_UtilizationReport.spec.js:23:5 should generate and validate utilization report" type="FAILURE">
<![CDATA[  [browserstack-firefox-windows] › TS041_UtilizationReport.spec.js:23:5 › Utilization Report › should generate and validate utilization report 

    Error: browserType.connect: Target page, context or browser has been closed

    Retry #1 ───────────────────────────────────────────────────────────────────────────────────────

    Error: browserType.connect: Target page, context or browser has been closed

    attachment #1: trace (application/zip) ─────────────────────────────────────────────────────────
    ..\test-results\TS041_UtilizationReport-Ut-05aff-validate-utilization-report-browserstack-firefox-windows-retry1\trace.zip
    Usage:

        npx playwright show-trace ..\test-results\TS041_UtilizationReport-Ut-05aff-validate-utilization-report-browserstack-firefox-windows-retry1\trace.zip

    ────────────────────────────────────────────────────────────────────────────────────────────────

    Retry #2 ───────────────────────────────────────────────────────────────────────────────────────

    Error: browserType.connect: Target page, context or browser has been closed
]]>
</failure>
<system-out>
<![CDATA[
[[ATTACHMENT|test-results\TS041_UtilizationReport-Ut-05aff-validate-utilization-report-browserstack-firefox-windows-retry1\trace.zip]]
]]>
</system-out>
</testcase>
</testsuite>
<testsuite name="TS042_dayOfWeekReport.spec.js" timestamp="2025-09-08T10:17:51.980Z" hostname="browserstack-firefox-windows" tests="1" failures="1" skipped="0" time="0.012" errors="0">
<testcase name="Day of Week Report › should generate and validate day of week report" classname="TS042_dayOfWeekReport.spec.js" time="0.012">
<failure message="TS042_dayOfWeekReport.spec.js:23:5 should generate and validate day of week report" type="FAILURE">
<![CDATA[  [browserstack-firefox-windows] › TS042_dayOfWeekReport.spec.js:23:5 › Day of Week Report › should generate and validate day of week report 

    Error: browserType.connect: Target page, context or browser has been closed

    Retry #1 ───────────────────────────────────────────────────────────────────────────────────────

    Error: browserType.connect: Target page, context or browser has been closed

    attachment #1: trace (application/zip) ─────────────────────────────────────────────────────────
    ..\test-results\TS042_dayOfWeekReport-Day--53108-validate-day-of-week-report-browserstack-firefox-windows-retry1\trace.zip
    Usage:

        npx playwright show-trace ..\test-results\TS042_dayOfWeekReport-Day--53108-validate-day-of-week-report-browserstack-firefox-windows-retry1\trace.zip

    ────────────────────────────────────────────────────────────────────────────────────────────────

    Retry #2 ───────────────────────────────────────────────────────────────────────────────────────

    Error: browserType.connect: Target page, context or browser has been closed
]]>
</failure>
<system-out>
<![CDATA[
[[ATTACHMENT|test-results\TS042_dayOfWeekReport-Day--53108-validate-day-of-week-report-browserstack-firefox-windows-retry1\trace.zip]]
]]>
</system-out>
</testcase>
</testsuite>
<testsuite name="TS043_dashcamRefresh.spec.js" timestamp="2025-09-08T10:17:51.980Z" hostname="browserstack-firefox-windows" tests="1" failures="1" skipped="0" time="0.014" errors="0">
<testcase name="Dashcam Refresh › should refresh dashcam functionality" classname="TS043_dashcamRefresh.spec.js" time="0.014">
<failure message="TS043_dashcamRefresh.spec.js:23:5 should refresh dashcam functionality" type="FAILURE">
<![CDATA[  [browserstack-firefox-windows] › TS043_dashcamRefresh.spec.js:23:5 › Dashcam Refresh › should refresh dashcam functionality 

    Error: browserType.connect: Target page, context or browser has been closed

    Retry #1 ───────────────────────────────────────────────────────────────────────────────────────

    Error: browserType.connect: Target page, context or browser has been closed

    attachment #1: trace (application/zip) ─────────────────────────────────────────────────────────
    ..\test-results\TS043_dashcamRefresh-Dashc-a54cd-fresh-dashcam-functionality-browserstack-firefox-windows-retry1\trace.zip
    Usage:

        npx playwright show-trace ..\test-results\TS043_dashcamRefresh-Dashc-a54cd-fresh-dashcam-functionality-browserstack-firefox-windows-retry1\trace.zip

    ────────────────────────────────────────────────────────────────────────────────────────────────

    Retry #2 ───────────────────────────────────────────────────────────────────────────────────────

    Error: browserType.connect: Target page, context or browser has been closed
]]>
</failure>
<system-out>
<![CDATA[
[[ATTACHMENT|test-results\TS043_dashcamRefresh-Dashc-a54cd-fresh-dashcam-functionality-browserstack-firefox-windows-retry1\trace.zip]]
]]>
</system-out>
</testcase>
</testsuite>
<testsuite name="TS044_snapshots.spec.js" timestamp="2025-09-08T10:17:51.980Z" hostname="browserstack-firefox-windows" tests="1" failures="1" skipped="0" time="0.011" errors="0">
<testcase name="Snapshots › should display snapshots" classname="TS044_snapshots.spec.js" time="0.011">
<failure message="TS044_snapshots.spec.js:23:5 should display snapshots" type="FAILURE">
<![CDATA[  [browserstack-firefox-windows] › TS044_snapshots.spec.js:23:5 › Snapshots › should display snapshots 

    Error: browserType.connect: Target page, context or browser has been closed

    Retry #1 ───────────────────────────────────────────────────────────────────────────────────────

    Error: browserType.connect: Target page, context or browser has been closed

    attachment #1: trace (application/zip) ─────────────────────────────────────────────────────────
    ..\test-results\TS044_snapshots-Snapshots-should-display-snapshots-browserstack-firefox-windows-retry1\trace.zip
    Usage:

        npx playwright show-trace ..\test-results\TS044_snapshots-Snapshots-should-display-snapshots-browserstack-firefox-windows-retry1\trace.zip

    ────────────────────────────────────────────────────────────────────────────────────────────────

    Retry #2 ───────────────────────────────────────────────────────────────────────────────────────

    Error: browserType.connect: Target page, context or browser has been closed
]]>
</failure>
<system-out>
<![CDATA[
[[ATTACHMENT|test-results\TS044_snapshots-Snapshots-should-display-snapshots-browserstack-firefox-windows-retry1\trace.zip]]
]]>
</system-out>
</testcase>
</testsuite>
<testsuite name="TS045_dashcamAlertReport.spec.js" timestamp="2025-09-08T10:17:51.980Z" hostname="browserstack-firefox-windows" tests="1" failures="1" skipped="0" time="0.01" errors="0">
<testcase name="Dashcam Alert Report › shows dashcam alert report" classname="TS045_dashcamAlertReport.spec.js" time="0.01">
<failure message="TS045_dashcamAlertReport.spec.js:23:5 shows dashcam alert report" type="FAILURE">
<![CDATA[  [browserstack-firefox-windows] › TS045_dashcamAlertReport.spec.js:23:5 › Dashcam Alert Report › shows dashcam alert report 

    Error: browserType.connect: Target page, context or browser has been closed

    Retry #1 ───────────────────────────────────────────────────────────────────────────────────────

    Error: browserType.connect: Target page, context or browser has been closed

    attachment #1: trace (application/zip) ─────────────────────────────────────────────────────────
    ..\test-results\TS045_dashcamAlertReport-D-40b1a--shows-dashcam-alert-report-browserstack-firefox-windows-retry1\trace.zip
    Usage:

        npx playwright show-trace ..\test-results\TS045_dashcamAlertReport-D-40b1a--shows-dashcam-alert-report-browserstack-firefox-windows-retry1\trace.zip

    ────────────────────────────────────────────────────────────────────────────────────────────────

    Retry #2 ───────────────────────────────────────────────────────────────────────────────────────

    Error: browserType.connect: Target page, context or browser has been closed
]]>
</failure>
<system-out>
<![CDATA[
[[ATTACHMENT|test-results\TS045_dashcamAlertReport-D-40b1a--shows-dashcam-alert-report-browserstack-firefox-windows-retry1\trace.zip]]
]]>
</system-out>
</testcase>
</testsuite>
<testsuite name="TS046_dashcamTrackHistory.spec.js" timestamp="2025-09-08T10:17:51.980Z" hostname="browserstack-firefox-windows" tests="1" failures="1" skipped="0" time="0.009" errors="0">
<testcase name="Dashcam Track History › displays dashcam track history" classname="TS046_dashcamTrackHistory.spec.js" time="0.009">
<failure message="TS046_dashcamTrackHistory.spec.js:23:5 displays dashcam track history" type="FAILURE">
<![CDATA[  [browserstack-firefox-windows] › TS046_dashcamTrackHistory.spec.js:23:5 › Dashcam Track History › displays dashcam track history 

    Error: browserType.connect: Target page, context or browser has been closed

    Retry #1 ───────────────────────────────────────────────────────────────────────────────────────

    Error: browserType.connect: Target page, context or browser has been closed

    attachment #1: trace (application/zip) ─────────────────────────────────────────────────────────
    ..\test-results\TS046_dashcamTrackHistory--d4227-plays-dashcam-track-history-browserstack-firefox-windows-retry1\trace.zip
    Usage:

        npx playwright show-trace ..\test-results\TS046_dashcamTrackHistory--d4227-plays-dashcam-track-history-browserstack-firefox-windows-retry1\trace.zip

    ────────────────────────────────────────────────────────────────────────────────────────────────

    Retry #2 ───────────────────────────────────────────────────────────────────────────────────────

    Error: browserType.connect: Target page, context or browser has been closed
]]>
</failure>
<system-out>
<![CDATA[
[[ATTACHMENT|test-results\TS046_dashcamTrackHistory--d4227-plays-dashcam-track-history-browserstack-firefox-windows-retry1\trace.zip]]
]]>
</system-out>
</testcase>
</testsuite>
<testsuite name="TS047_dashcamAlertSettings.spec.js" timestamp="2025-09-08T10:17:51.980Z" hostname="browserstack-firefox-windows" tests="1" failures="1" skipped="0" time="0.01" errors="0">
<testcase name="Dashcam Alert Settings › edit settings for dashcam" classname="TS047_dashcamAlertSettings.spec.js" time="0.01">
<failure message="TS047_dashcamAlertSettings.spec.js:23:5 edit settings for dashcam" type="FAILURE">
<![CDATA[  [browserstack-firefox-windows] › TS047_dashcamAlertSettings.spec.js:23:5 › Dashcam Alert Settings › edit settings for dashcam 

    Error: browserType.connect: Target page, context or browser has been closed

    Retry #1 ───────────────────────────────────────────────────────────────────────────────────────

    Error: browserType.connect: Target page, context or browser has been closed

    attachment #1: trace (application/zip) ─────────────────────────────────────────────────────────
    ..\test-results\TS047_dashcamAlertSettings-403ea-s-edit-settings-for-dashcam-browserstack-firefox-windows-retry1\trace.zip
    Usage:

        npx playwright show-trace ..\test-results\TS047_dashcamAlertSettings-403ea-s-edit-settings-for-dashcam-browserstack-firefox-windows-retry1\trace.zip

    ────────────────────────────────────────────────────────────────────────────────────────────────

    Retry #2 ───────────────────────────────────────────────────────────────────────────────────────

    Error: browserType.connect: Target page, context or browser has been closed
]]>
</failure>
<system-out>
<![CDATA[
[[ATTACHMENT|test-results\TS047_dashcamAlertSettings-403ea-s-edit-settings-for-dashcam-browserstack-firefox-windows-retry1\trace.zip]]
]]>
</system-out>
</testcase>
</testsuite>
<testsuite name="TS048_dashcamVideoOnDemand.spec.js" timestamp="2025-09-08T10:17:51.980Z" hostname="browserstack-firefox-windows" tests="1" failures="1" skipped="0" time="0.011" errors="0">
<testcase name="Dashcam Video On Demand › should add/edit a device" classname="TS048_dashcamVideoOnDemand.spec.js" time="0.011">
<failure message="TS048_dashcamVideoOnDemand.spec.js:23:5 should add/edit a device" type="FAILURE">
<![CDATA[  [browserstack-firefox-windows] › TS048_dashcamVideoOnDemand.spec.js:23:5 › Dashcam Video On Demand › should add/edit a device 

    Error: browserType.connect: Target page, context or browser has been closed

    Retry #1 ───────────────────────────────────────────────────────────────────────────────────────

    Error: browserType.connect: Target page, context or browser has been closed

    attachment #1: trace (application/zip) ─────────────────────────────────────────────────────────
    ..\test-results\TS048_dashcamVideoOnDemand-31c88-nd-should-add-edit-a-device-browserstack-firefox-windows-retry1\trace.zip
    Usage:

        npx playwright show-trace ..\test-results\TS048_dashcamVideoOnDemand-31c88-nd-should-add-edit-a-device-browserstack-firefox-windows-retry1\trace.zip

    ────────────────────────────────────────────────────────────────────────────────────────────────

    Retry #2 ───────────────────────────────────────────────────────────────────────────────────────

    Error: browserType.connect: Target page, context or browser has been closed
]]>
</failure>
<system-out>
<![CDATA[
[[ATTACHMENT|test-results\TS048_dashcamVideoOnDemand-31c88-nd-should-add-edit-a-device-browserstack-firefox-windows-retry1\trace.zip]]
]]>
</system-out>
</testcase>
</testsuite>
<testsuite name="TS049_liveVideoStream.spec.js" timestamp="2025-09-08T10:17:51.980Z" hostname="browserstack-firefox-windows" tests="1" failures="1" skipped="0" time="0.009" errors="0">
<testcase name="Dashcam refresh › refresh dashcam" classname="TS049_liveVideoStream.spec.js" time="0.009">
<failure message="TS049_liveVideoStream.spec.js:23:5 refresh dashcam" type="FAILURE">
<![CDATA[  [browserstack-firefox-windows] › TS049_liveVideoStream.spec.js:23:5 › Dashcam refresh › refresh dashcam 

    Error: browserType.connect: Target page, context or browser has been closed

    Retry #1 ───────────────────────────────────────────────────────────────────────────────────────

    Error: browserType.connect: Target page, context or browser has been closed

    attachment #1: trace (application/zip) ─────────────────────────────────────────────────────────
    ..\test-results\TS049_liveVideoStream-Dashcam-refresh-refresh-dashcam-browserstack-firefox-windows-retry1\trace.zip
    Usage:

        npx playwright show-trace ..\test-results\TS049_liveVideoStream-Dashcam-refresh-refresh-dashcam-browserstack-firefox-windows-retry1\trace.zip

    ────────────────────────────────────────────────────────────────────────────────────────────────

    Retry #2 ───────────────────────────────────────────────────────────────────────────────────────

    Error: browserType.connect: Target page, context or browser has been closed
]]>
</failure>
<system-out>
<![CDATA[
[[ATTACHMENT|test-results\TS049_liveVideoStream-Dashcam-refresh-refresh-dashcam-browserstack-firefox-windows-retry1\trace.zip]]
]]>
</system-out>
</testcase>
</testsuite>
<testsuite name="TS050_last24hrs.spec.js" timestamp="2025-09-08T10:17:51.980Z" hostname="browserstack-firefox-windows" tests="1" failures="1" skipped="0" time="0.01" errors="0">
<testcase name="Last 24 Hours › should verify Engine Idling Events checkbox functionality" classname="TS050_last24hrs.spec.js" time="0.01">
<failure message="TS050_last24hrs.spec.js:23:5 should verify Engine Idling Events checkbox functionality" type="FAILURE">
<![CDATA[  [browserstack-firefox-windows] › TS050_last24hrs.spec.js:23:5 › Last 24 Hours › should verify Engine Idling Events checkbox functionality 

    Error: browserType.connect: Target page, context or browser has been closed

    Retry #1 ───────────────────────────────────────────────────────────────────────────────────────

    Error: browserType.connect: Target page, context or browser has been closed

    attachment #1: trace (application/zip) ─────────────────────────────────────────────────────────
    ..\test-results\TS050_last24hrs-Last-24-Ho-ec750-ents-checkbox-functionality-browserstack-firefox-windows-retry1\trace.zip
    Usage:

        npx playwright show-trace ..\test-results\TS050_last24hrs-Last-24-Ho-ec750-ents-checkbox-functionality-browserstack-firefox-windows-retry1\trace.zip

    ────────────────────────────────────────────────────────────────────────────────────────────────

    Retry #2 ───────────────────────────────────────────────────────────────────────────────────────

    Error: browserType.connect: Target page, context or browser has been closed
]]>
</failure>
<system-out>
<![CDATA[
[[ATTACHMENT|test-results\TS050_last24hrs-Last-24-Ho-ec750-ents-checkbox-functionality-browserstack-firefox-windows-retry1\trace.zip]]
]]>
</system-out>
</testcase>
</testsuite>
<testsuite name="TS051_realTimeTracking.spec.js" timestamp="2025-09-08T10:17:51.980Z" hostname="browserstack-firefox-windows" tests="1" failures="1" skipped="0" time="0.011" errors="0">
<testcase name="Real Time Tracking › should verify Engine Idling Events checkbox functionality" classname="TS051_realTimeTracking.spec.js" time="0.011">
<failure message="TS051_realTimeTracking.spec.js:23:5 should verify Engine Idling Events checkbox functionality" type="FAILURE">
<![CDATA[  [browserstack-firefox-windows] › TS051_realTimeTracking.spec.js:23:5 › Real Time Tracking › should verify Engine Idling Events checkbox functionality 

    Error: browserType.connect: Target page, context or browser has been closed

    Retry #1 ───────────────────────────────────────────────────────────────────────────────────────

    Error: browserType.connect: Target page, context or browser has been closed

    attachment #1: trace (application/zip) ─────────────────────────────────────────────────────────
    ..\test-results\TS051_realTimeTracking-Rea-b91c6-ents-checkbox-functionality-browserstack-firefox-windows-retry1\trace.zip
    Usage:

        npx playwright show-trace ..\test-results\TS051_realTimeTracking-Rea-b91c6-ents-checkbox-functionality-browserstack-firefox-windows-retry1\trace.zip

    ────────────────────────────────────────────────────────────────────────────────────────────────

    Retry #2 ───────────────────────────────────────────────────────────────────────────────────────

    Error: browserType.connect: Target page, context or browser has been closed
]]>
</failure>
<system-out>
<![CDATA[
[[ATTACHMENT|test-results\TS051_realTimeTracking-Rea-b91c6-ents-checkbox-functionality-browserstack-firefox-windows-retry1\trace.zip]]
]]>
</system-out>
</testcase>
</testsuite>
<testsuite name="TS052_getSupport.spec.js" timestamp="2025-09-08T10:17:51.980Z" hostname="browserstack-firefox-windows" tests="1" failures="1" skipped="0" time="0.011" errors="0">
<testcase name="Get Support › should verify Get Support form functionality" classname="TS052_getSupport.spec.js" time="0.011">
<failure message="TS052_getSupport.spec.js:23:5 should verify Get Support form functionality" type="FAILURE">
<![CDATA[  [browserstack-firefox-windows] › TS052_getSupport.spec.js:23:5 › Get Support › should verify Get Support form functionality 

    Error: browserType.connect: Target page, context or browser has been closed

    Retry #1 ───────────────────────────────────────────────────────────────────────────────────────

    Error: browserType.connect: Target page, context or browser has been closed

    attachment #1: trace (application/zip) ─────────────────────────────────────────────────────────
    ..\test-results\TS052_getSupport-Get-Suppo-235c2--Support-form-functionality-browserstack-firefox-windows-retry1\trace.zip
    Usage:

        npx playwright show-trace ..\test-results\TS052_getSupport-Get-Suppo-235c2--Support-form-functionality-browserstack-firefox-windows-retry1\trace.zip

    ────────────────────────────────────────────────────────────────────────────────────────────────

    Retry #2 ───────────────────────────────────────────────────────────────────────────────────────

    Error: browserType.connect: Target page, context or browser has been closed
]]>
</failure>
<system-out>
<![CDATA[
[[ATTACHMENT|test-results\TS052_getSupport-Get-Suppo-235c2--Support-form-functionality-browserstack-firefox-windows-retry1\trace.zip]]
]]>
</system-out>
</testcase>
</testsuite>
<testsuite name="waterproof.spec.js" timestamp="2025-09-08T10:17:51.980Z" hostname="browserstack-firefox-windows" tests="1" failures="1" skipped="0" time="0.011" errors="0">
<testcase name="Fleet Login Tests › should redirect to fleet demo page with demo credentials" classname="waterproof.spec.js" time="0.011">
<failure message="waterproof.spec.js:23:3 should redirect to fleet demo page with demo credentials" type="FAILURE">
<![CDATA[  [browserstack-firefox-windows] › waterproof.spec.js:23:3 › Fleet Login Tests › should redirect to fleet demo page with demo credentials 

    Error: browserType.connect: Target page, context or browser has been closed

    Retry #1 ───────────────────────────────────────────────────────────────────────────────────────

    Error: browserType.connect: Target page, context or browser has been closed

    attachment #1: trace (application/zip) ─────────────────────────────────────────────────────────
    ..\test-results\waterproof-Fleet-Login-Tes-868d8--page-with-demo-credentials-browserstack-firefox-windows-retry1\trace.zip
    Usage:

        npx playwright show-trace ..\test-results\waterproof-Fleet-Login-Tes-868d8--page-with-demo-credentials-browserstack-firefox-windows-retry1\trace.zip

    ────────────────────────────────────────────────────────────────────────────────────────────────

    Retry #2 ───────────────────────────────────────────────────────────────────────────────────────

    Error: browserType.connect: Target page, context or browser has been closed
]]>
</failure>
<system-out>
<![CDATA[
[[ATTACHMENT|test-results\waterproof-Fleet-Login-Tes-868d8--page-with-demo-credentials-browserstack-firefox-windows-retry1\trace.zip]]
]]>
</system-out>
</testcase>
</testsuite>
<testsuite name="aggressiveGeofence.spec.js" timestamp="2025-09-08T10:17:51.980Z" hostname="browserstack-edge-windows" tests="1" failures="1" skipped="0" time="0.095" errors="0">
<testcase name="Aggressive Geofence Tests › should test aggressive geofencing functionality" classname="aggressiveGeofence.spec.js" time="0.095">
<failure message="aggressiveGeofence.spec.js:15:3 should test aggressive geofencing functionality" type="FAILURE">
<![CDATA[  [browserstack-edge-windows] › aggressiveGeofence.spec.js:15:3 › Aggressive Geofence Tests › should test aggressive geofencing functionality 

    Error: browserType.connect: Target page, context or browser has been closed

    Retry #1 ───────────────────────────────────────────────────────────────────────────────────────

    Error: browserType.connect: Target page, context or browser has been closed

    attachment #1: trace (application/zip) ─────────────────────────────────────────────────────────
    ..\test-results\aggressiveGeofence-Aggress-a436c-ve-geofencing-functionality-browserstack-edge-windows-retry1\trace.zip
    Usage:

        npx playwright show-trace ..\test-results\aggressiveGeofence-Aggress-a436c-ve-geofencing-functionality-browserstack-edge-windows-retry1\trace.zip

    ────────────────────────────────────────────────────────────────────────────────────────────────

    Retry #2 ───────────────────────────────────────────────────────────────────────────────────────

    Error: browserType.connect: Target page, context or browser has been closed
]]>
</failure>
<system-out>
<![CDATA[
[[ATTACHMENT|test-results\aggressiveGeofence-Aggress-a436c-ve-geofencing-functionality-browserstack-edge-windows-retry1\trace.zip]]
]]>
</system-out>
</testcase>
</testsuite>
<testsuite name="spec.spec.js" timestamp="2025-09-08T10:17:51.980Z" hostname="browserstack-edge-windows" tests="1" failures="1" skipped="0" time="0.095" errors="0">
<testcase name="General Specification Tests › should meet general specifications" classname="spec.spec.js" time="0.095">
<failure message="spec.spec.js:14:3 should meet general specifications" type="FAILURE">
<![CDATA[  [browserstack-edge-windows] › spec.spec.js:14:3 › General Specification Tests › should meet general specifications 

    Error: browserType.connect: Target page, context or browser has been closed

    Retry #1 ───────────────────────────────────────────────────────────────────────────────────────

    Error: browserType.connect: Target page, context or browser has been closed

    attachment #1: trace (application/zip) ─────────────────────────────────────────────────────────
    ..\test-results\spec-General-Specification-a9ee8-meet-general-specifications-browserstack-edge-windows-retry1\trace.zip
    Usage:

        npx playwright show-trace ..\test-results\spec-General-Specification-a9ee8-meet-general-specifications-browserstack-edge-windows-retry1\trace.zip

    ────────────────────────────────────────────────────────────────────────────────────────────────

    Retry #2 ───────────────────────────────────────────────────────────────────────────────────────

    Error: browserType.connect: Target page, context or browser has been closed
]]>
</failure>
<system-out>
<![CDATA[
[[ATTACHMENT|test-results\spec-General-Specification-a9ee8-meet-general-specifications-browserstack-edge-windows-retry1\trace.zip]]
]]>
</system-out>
</testcase>
</testsuite>
<testsuite name="TS001_listOfDevice.spec.js" timestamp="2025-09-08T10:17:51.980Z" hostname="browserstack-edge-windows" tests="1" failures="1" skipped="0" time="0.083" errors="0">
<testcase name="List of Device › should show list of all devices in the platform" classname="TS001_listOfDevice.spec.js" time="0.083">
<failure message="TS001_listOfDevice.spec.js:10:5 should show list of all devices in the platform" type="FAILURE">
<![CDATA[  [browserstack-edge-windows] › TS001_listOfDevice.spec.js:10:5 › List of Device › should show list of all devices in the platform 

    Error: browserType.connect: Target page, context or browser has been closed

    Retry #1 ───────────────────────────────────────────────────────────────────────────────────────

    Error: browserType.connect: Target page, context or browser has been closed

    attachment #1: trace (application/zip) ─────────────────────────────────────────────────────────
    ..\test-results\TS001_listOfDevice-List-of-22ce6-all-devices-in-the-platform-browserstack-edge-windows-retry1\trace.zip
    Usage:

        npx playwright show-trace ..\test-results\TS001_listOfDevice-List-of-22ce6-all-devices-in-the-platform-browserstack-edge-windows-retry1\trace.zip

    ────────────────────────────────────────────────────────────────────────────────────────────────

    Retry #2 ───────────────────────────────────────────────────────────────────────────────────────

    Error: browserType.connect: Target page, context or browser has been closed
]]>
</failure>
<system-out>
<![CDATA[
[[ATTACHMENT|test-results\TS001_listOfDevice-List-of-22ce6-all-devices-in-the-platform-browserstack-edge-windows-retry1\trace.zip]]
]]>
</system-out>
</testcase>
</testsuite>
<testsuite name="TS002_addEditDevices.spec.js" timestamp="2025-09-08T10:17:51.980Z" hostname="browserstack-edge-windows" tests="1" failures="1" skipped="0" time="0.008" errors="0">
<testcase name="Add edit Device › should add/edit a device" classname="TS002_addEditDevices.spec.js" time="0.008">
<failure message="TS002_addEditDevices.spec.js:25:5 should add/edit a device" type="FAILURE">
<![CDATA[  [browserstack-edge-windows] › TS002_addEditDevices.spec.js:25:5 › Add edit Device › should add/edit a device 

    Error: browserType.connect: Target page, context or browser has been closed

    Retry #1 ───────────────────────────────────────────────────────────────────────────────────────

    Error: browserType.connect: Target page, context or browser has been closed

    attachment #1: trace (application/zip) ─────────────────────────────────────────────────────────
    ..\test-results\TS002_addEditDevices-Add-e-c7e3a-ce-should-add-edit-a-device-browserstack-edge-windows-retry1\trace.zip
    Usage:

        npx playwright show-trace ..\test-results\TS002_addEditDevices-Add-e-c7e3a-ce-should-add-edit-a-device-browserstack-edge-windows-retry1\trace.zip

    ────────────────────────────────────────────────────────────────────────────────────────────────

    Retry #2 ───────────────────────────────────────────────────────────────────────────────────────

    Error: browserType.connect: Target page, context or browser has been closed
]]>
</failure>
<system-out>
<![CDATA[
[[ATTACHMENT|test-results\TS002_addEditDevices-Add-e-c7e3a-ce-should-add-edit-a-device-browserstack-edge-windows-retry1\trace.zip]]
]]>
</system-out>
</testcase>
</testsuite>
<testsuite name="TS003_ChangeTimezone.spec.js" timestamp="2025-09-08T10:17:51.980Z" hostname="browserstack-edge-windows" tests="1" failures="1" skipped="0" time="0.009" errors="0">
<testcase name="Timezone › should edit the timezone of users" classname="TS003_ChangeTimezone.spec.js" time="0.009">
<failure message="TS003_ChangeTimezone.spec.js:24:5 should edit the timezone of users" type="FAILURE">
<![CDATA[  [browserstack-edge-windows] › TS003_ChangeTimezone.spec.js:24:5 › Timezone › should edit the timezone of users 

    Error: browserType.connect: Target page, context or browser has been closed

    Retry #1 ───────────────────────────────────────────────────────────────────────────────────────

    Error: browserType.connect: Target page, context or browser has been closed

    attachment #1: trace (application/zip) ─────────────────────────────────────────────────────────
    ..\test-results\TS003_ChangeTimezone-Timez-0526c--edit-the-timezone-of-users-browserstack-edge-windows-retry1\trace.zip
    Usage:

        npx playwright show-trace ..\test-results\TS003_ChangeTimezone-Timez-0526c--edit-the-timezone-of-users-browserstack-edge-windows-retry1\trace.zip

    ────────────────────────────────────────────────────────────────────────────────────────────────

    Retry #2 ───────────────────────────────────────────────────────────────────────────────────────

    Error: browserType.connect: Target page, context or browser has been closed
]]>
</failure>
<system-out>
<![CDATA[
[[ATTACHMENT|test-results\TS003_ChangeTimezone-Timez-0526c--edit-the-timezone-of-users-browserstack-edge-windows-retry1\trace.zip]]
]]>
</system-out>
</testcase>
</testsuite>
<testsuite name="TS004_viewEditUser.spec.js" timestamp="2025-09-08T10:17:51.980Z" hostname="browserstack-edge-windows" tests="1" failures="1" skipped="0" time="0.009" errors="0">
<testcase name="view Edit User › should create user and edit them" classname="TS004_viewEditUser.spec.js" time="0.009">
<failure message="TS004_viewEditUser.spec.js:24:5 should create user and edit them" type="FAILURE">
<![CDATA[  [browserstack-edge-windows] › TS004_viewEditUser.spec.js:24:5 › view Edit User › should create user and edit them 

    Error: browserType.connect: Target page, context or browser has been closed

    Retry #1 ───────────────────────────────────────────────────────────────────────────────────────

    Error: browserType.connect: Target page, context or browser has been closed

    attachment #1: trace (application/zip) ─────────────────────────────────────────────────────────
    ..\test-results\TS004_viewEditUser-view-Ed-a7419-d-create-user-and-edit-them-browserstack-edge-windows-retry1\trace.zip
    Usage:

        npx playwright show-trace ..\test-results\TS004_viewEditUser-view-Ed-a7419-d-create-user-and-edit-them-browserstack-edge-windows-retry1\trace.zip

    ────────────────────────────────────────────────────────────────────────────────────────────────

    Retry #2 ───────────────────────────────────────────────────────────────────────────────────────

    Error: browserType.connect: Target page, context or browser has been closed
]]>
</failure>
<system-out>
<![CDATA[
[[ATTACHMENT|test-results\TS004_viewEditUser-view-Ed-a7419-d-create-user-and-edit-them-browserstack-edge-windows-retry1\trace.zip]]
]]>
</system-out>
</testcase>
</testsuite>
<testsuite name="TS005_subgroup.spec.js" timestamp="2025-09-08T10:17:51.980Z" hostname="browserstack-edge-windows" tests="1" failures="1" skipped="0" time="0.015" errors="0">
<testcase name="Subgroup › should manage subgroups" classname="TS005_subgroup.spec.js" time="0.015">
<failure message="TS005_subgroup.spec.js:24:5 should manage subgroups" type="FAILURE">
<![CDATA[  [browserstack-edge-windows] › TS005_subgroup.spec.js:24:5 › Subgroup › should manage subgroups ───

    Error: browserType.connect: Target page, context or browser has been closed

    Retry #1 ───────────────────────────────────────────────────────────────────────────────────────

    Error: browserType.connect: Target page, context or browser has been closed

    attachment #1: trace (application/zip) ─────────────────────────────────────────────────────────
    ..\test-results\TS005_subgroup-Subgroup-should-manage-subgroups-browserstack-edge-windows-retry1\trace.zip
    Usage:

        npx playwright show-trace ..\test-results\TS005_subgroup-Subgroup-should-manage-subgroups-browserstack-edge-windows-retry1\trace.zip

    ────────────────────────────────────────────────────────────────────────────────────────────────

    Retry #2 ───────────────────────────────────────────────────────────────────────────────────────

    Error: browserType.connect: Target page, context or browser has been closed
]]>
</failure>
<system-out>
<![CDATA[
[[ATTACHMENT|test-results\TS005_subgroup-Subgroup-should-manage-subgroups-browserstack-edge-windows-retry1\trace.zip]]
]]>
</system-out>
</testcase>
</testsuite>
<testsuite name="TS006_trackInfoDisplayOptions.spec.js" timestamp="2025-09-08T10:17:51.980Z" hostname="browserstack-edge-windows" tests="1" failures="1" skipped="0" time="0.01" errors="0">
<testcase name="Track Info Display Options › should change the infobox size" classname="TS006_trackInfoDisplayOptions.spec.js" time="0.01">
<failure message="TS006_trackInfoDisplayOptions.spec.js:24:5 should change the infobox size" type="FAILURE">
<![CDATA[  [browserstack-edge-windows] › TS006_trackInfoDisplayOptions.spec.js:24:5 › Track Info Display Options › should change the infobox size 

    Error: browserType.connect: Target page, context or browser has been closed

    Retry #1 ───────────────────────────────────────────────────────────────────────────────────────

    Error: browserType.connect: Target page, context or browser has been closed

    attachment #1: trace (application/zip) ─────────────────────────────────────────────────────────
    ..\test-results\TS006_trackInfoDisplayOpti-94cc9-uld-change-the-infobox-size-browserstack-edge-windows-retry1\trace.zip
    Usage:

        npx playwright show-trace ..\test-results\TS006_trackInfoDisplayOpti-94cc9-uld-change-the-infobox-size-browserstack-edge-windows-retry1\trace.zip

    ────────────────────────────────────────────────────────────────────────────────────────────────

    Retry #2 ───────────────────────────────────────────────────────────────────────────────────────

    Error: browserType.connect: Target page, context or browser has been closed
]]>
</failure>
<system-out>
<![CDATA[
[[ATTACHMENT|test-results\TS006_trackInfoDisplayOpti-94cc9-uld-change-the-infobox-size-browserstack-edge-windows-retry1\trace.zip]]
]]>
</system-out>
</testcase>
</testsuite>
<testsuite name="TS007_pulsingIcon.spec.js" timestamp="2025-09-08T10:17:51.980Z" hostname="browserstack-edge-windows" tests="1" failures="1" skipped="0" time="0.014" errors="0">
<testcase name="Pulsing Icon › should change the size of pulse effect" classname="TS007_pulsingIcon.spec.js" time="0.014">
<failure message="TS007_pulsingIcon.spec.js:23:5 should change the size of pulse effect" type="FAILURE">
<![CDATA[  [browserstack-edge-windows] › TS007_pulsingIcon.spec.js:23:5 › Pulsing Icon › should change the size of pulse effect 

    Error: browserType.connect: Target page, context or browser has been closed

    Retry #1 ───────────────────────────────────────────────────────────────────────────────────────

    Error: browserType.connect: Target page, context or browser has been closed

    attachment #1: trace (application/zip) ─────────────────────────────────────────────────────────
    ..\test-results\TS007_pulsingIcon-Pulsing--2df0d-ge-the-size-of-pulse-effect-browserstack-edge-windows-retry1\trace.zip
    Usage:

        npx playwright show-trace ..\test-results\TS007_pulsingIcon-Pulsing--2df0d-ge-the-size-of-pulse-effect-browserstack-edge-windows-retry1\trace.zip

    ────────────────────────────────────────────────────────────────────────────────────────────────

    Retry #2 ───────────────────────────────────────────────────────────────────────────────────────

    Error: browserType.connect: Target page, context or browser has been closed
]]>
</failure>
<system-out>
<![CDATA[
[[ATTACHMENT|test-results\TS007_pulsingIcon-Pulsing--2df0d-ge-the-size-of-pulse-effect-browserstack-edge-windows-retry1\trace.zip]]
]]>
</system-out>
</testcase>
</testsuite>
<testsuite name="TS008_alertsContact.spec.js" timestamp="2025-09-08T10:17:51.980Z" hostname="browserstack-edge-windows" tests="1" failures="1" skipped="0" time="0.013" errors="0">
<testcase name="Alert Contact › should add email and phone contacts and configure alert settings" classname="TS008_alertsContact.spec.js" time="0.013">
<failure message="TS008_alertsContact.spec.js:23:3 should add email and phone contacts and configure alert settings" type="FAILURE">
<![CDATA[  [browserstack-edge-windows] › TS008_alertsContact.spec.js:23:3 › Alert Contact › should add email and phone contacts and configure alert settings 

    Error: browserType.connect: Target page, context or browser has been closed

    Retry #1 ───────────────────────────────────────────────────────────────────────────────────────

    Error: browserType.connect: Target page, context or browser has been closed

    attachment #1: trace (application/zip) ─────────────────────────────────────────────────────────
    ..\test-results\TS008_alertsContact-Alert--dde29-nd-configure-alert-settings-browserstack-edge-windows-retry1\trace.zip
    Usage:

        npx playwright show-trace ..\test-results\TS008_alertsContact-Alert--dde29-nd-configure-alert-settings-browserstack-edge-windows-retry1\trace.zip

    ────────────────────────────────────────────────────────────────────────────────────────────────

    Retry #2 ───────────────────────────────────────────────────────────────────────────────────────

    Error: browserType.connect: Target page, context or browser has been closed
]]>
</failure>
<system-out>
<![CDATA[
[[ATTACHMENT|test-results\TS008_alertsContact-Alert--dde29-nd-configure-alert-settings-browserstack-edge-windows-retry1\trace.zip]]
]]>
</system-out>
</testcase>
</testsuite>
<testsuite name="TS009_changeAlertSettings.spec.js" timestamp="2025-09-08T10:17:51.980Z" hostname="browserstack-edge-windows" tests="1" failures="1" skipped="0" time="0.016" errors="0">
<testcase name="Change Alert Settings › should manage alerts" classname="TS009_changeAlertSettings.spec.js" time="0.016">
<failure message="TS009_changeAlertSettings.spec.js:23:3 should manage alerts" type="FAILURE">
<![CDATA[  [browserstack-edge-windows] › TS009_changeAlertSettings.spec.js:23:3 › Change Alert Settings › should manage alerts 

    Error: browserType.connect: Target page, context or browser has been closed

    Retry #1 ───────────────────────────────────────────────────────────────────────────────────────

    Error: browserType.connect: Target page, context or browser has been closed

    attachment #1: trace (application/zip) ─────────────────────────────────────────────────────────
    ..\test-results\TS009_changeAlertSettings--950bb-ttings-should-manage-alerts-browserstack-edge-windows-retry1\trace.zip
    Usage:

        npx playwright show-trace ..\test-results\TS009_changeAlertSettings--950bb-ttings-should-manage-alerts-browserstack-edge-windows-retry1\trace.zip

    ────────────────────────────────────────────────────────────────────────────────────────────────

    Retry #2 ───────────────────────────────────────────────────────────────────────────────────────

    Error: browserType.connect: Target page, context or browser has been closed
]]>
</failure>
<system-out>
<![CDATA[
[[ATTACHMENT|test-results\TS009_changeAlertSettings--950bb-ttings-should-manage-alerts-browserstack-edge-windows-retry1\trace.zip]]
]]>
</system-out>
</testcase>
</testsuite>
<testsuite name="TS010_scheduledReports.spec.js" timestamp="2025-09-08T10:17:51.980Z" hostname="browserstack-edge-windows" tests="1" failures="1" skipped="0" time="0.014" errors="0">
<testcase name="Scheduled Reports › should view the scheduled report and manage info" classname="TS010_scheduledReports.spec.js" time="0.014">
<failure message="TS010_scheduledReports.spec.js:23:3 should view the scheduled report and manage info" type="FAILURE">
<![CDATA[  [browserstack-edge-windows] › TS010_scheduledReports.spec.js:23:3 › Scheduled Reports › should view the scheduled report and manage info 

    Error: browserType.connect: Target page, context or browser has been closed

    Retry #1 ───────────────────────────────────────────────────────────────────────────────────────

    Error: browserType.connect: Target page, context or browser has been closed

    attachment #1: trace (application/zip) ─────────────────────────────────────────────────────────
    ..\test-results\TS010_scheduledReports-Sch-b8172-uled-report-and-manage-info-browserstack-edge-windows-retry1\trace.zip
    Usage:

        npx playwright show-trace ..\test-results\TS010_scheduledReports-Sch-b8172-uled-report-and-manage-info-browserstack-edge-windows-retry1\trace.zip

    ────────────────────────────────────────────────────────────────────────────────────────────────

    Retry #2 ───────────────────────────────────────────────────────────────────────────────────────

    Error: browserType.connect: Target page, context or browser has been closed
]]>
</failure>
<system-out>
<![CDATA[
[[ATTACHMENT|test-results\TS010_scheduledReports-Sch-b8172-uled-report-and-manage-info-browserstack-edge-windows-retry1\trace.zip]]
]]>
</system-out>
</testcase>
</testsuite>
<testsuite name="TS011_addEditMaintenanceContact.spec.js" timestamp="2025-09-08T10:17:51.980Z" hostname="browserstack-edge-windows" tests="1" failures="1" skipped="0" time="0.014" errors="0">
<testcase name="Add Edit Maintenance Contact › should add the contact details" classname="TS011_addEditMaintenanceContact.spec.js" time="0.014">
<failure message="TS011_addEditMaintenanceContact.spec.js:23:3 should add the contact details" type="FAILURE">
<![CDATA[  [browserstack-edge-windows] › TS011_addEditMaintenanceContact.spec.js:23:3 › Add Edit Maintenance Contact › should add the contact details 

    Error: browserType.connect: Target page, context or browser has been closed

    Retry #1 ───────────────────────────────────────────────────────────────────────────────────────

    Error: browserType.connect: Target page, context or browser has been closed

    attachment #1: trace (application/zip) ─────────────────────────────────────────────────────────
    ..\test-results\TS011_addEditMaintenanceCo-5d462-uld-add-the-contact-details-browserstack-edge-windows-retry1\trace.zip
    Usage:

        npx playwright show-trace ..\test-results\TS011_addEditMaintenanceCo-5d462-uld-add-the-contact-details-browserstack-edge-windows-retry1\trace.zip

    ────────────────────────────────────────────────────────────────────────────────────────────────

    Retry #2 ───────────────────────────────────────────────────────────────────────────────────────

    Error: browserType.connect: Target page, context or browser has been closed
]]>
</failure>
<system-out>
<![CDATA[
[[ATTACHMENT|test-results\TS011_addEditMaintenanceCo-5d462-uld-add-the-contact-details-browserstack-edge-windows-retry1\trace.zip]]
]]>
</system-out>
</testcase>
</testsuite>
<testsuite name="TS012_maintainanceReport.spec.js" timestamp="2025-09-08T10:17:51.980Z" hostname="browserstack-edge-windows" tests="1" failures="1" skipped="0" time="0.013" errors="0">
<testcase name="Maintainance Report › should view the vehicle maintenance report" classname="TS012_maintainanceReport.spec.js" time="0.013">
<failure message="TS012_maintainanceReport.spec.js:23:3 should view the vehicle maintenance report" type="FAILURE">
<![CDATA[  [browserstack-edge-windows] › TS012_maintainanceReport.spec.js:23:3 › Maintainance Report › should view the vehicle maintenance report 

    Error: browserType.connect: Target page, context or browser has been closed

    Retry #1 ───────────────────────────────────────────────────────────────────────────────────────

    Error: browserType.connect: Target page, context or browser has been closed

    attachment #1: trace (application/zip) ─────────────────────────────────────────────────────────
    ..\test-results\TS012_maintainanceReport-M-d232c--vehicle-maintenance-report-browserstack-edge-windows-retry1\trace.zip
    Usage:

        npx playwright show-trace ..\test-results\TS012_maintainanceReport-M-d232c--vehicle-maintenance-report-browserstack-edge-windows-retry1\trace.zip

    ────────────────────────────────────────────────────────────────────────────────────────────────

    Retry #2 ───────────────────────────────────────────────────────────────────────────────────────

    Error: browserType.connect: Target page, context or browser has been closed
]]>
</failure>
<system-out>
<![CDATA[
[[ATTACHMENT|test-results\TS012_maintainanceReport-M-d232c--vehicle-maintenance-report-browserstack-edge-windows-retry1\trace.zip]]
]]>
</system-out>
</testcase>
</testsuite>
<testsuite name="TS013_viewVehicleService.spec.js" timestamp="2025-09-08T10:17:51.980Z" hostname="browserstack-edge-windows" tests="1" failures="1" skipped="0" time="0.013" errors="0">
<testcase name="View Vehicle Service › should add new services" classname="TS013_viewVehicleService.spec.js" time="0.013">
<failure message="TS013_viewVehicleService.spec.js:23:3 should add new services" type="FAILURE">
<![CDATA[  [browserstack-edge-windows] › TS013_viewVehicleService.spec.js:23:3 › View Vehicle Service › should add new services 

    Error: browserType.connect: Target page, context or browser has been closed

    Retry #1 ───────────────────────────────────────────────────────────────────────────────────────

    Error: browserType.connect: Target page, context or browser has been closed

    attachment #1: trace (application/zip) ─────────────────────────────────────────────────────────
    ..\test-results\TS013_viewVehicleService-V-f3efb-ice-should-add-new-services-browserstack-edge-windows-retry1\trace.zip
    Usage:

        npx playwright show-trace ..\test-results\TS013_viewVehicleService-V-f3efb-ice-should-add-new-services-browserstack-edge-windows-retry1\trace.zip

    ────────────────────────────────────────────────────────────────────────────────────────────────

    Retry #2 ───────────────────────────────────────────────────────────────────────────────────────

    Error: browserType.connect: Target page, context or browser has been closed
]]>
</failure>
<system-out>
<![CDATA[
[[ATTACHMENT|test-results\TS013_viewVehicleService-V-f3efb-ice-should-add-new-services-browserstack-edge-windows-retry1\trace.zip]]
]]>
</system-out>
</testcase>
</testsuite>
<testsuite name="TS014_weeklyAfterHoursSummary.spec.js" timestamp="2025-09-08T10:17:51.980Z" hostname="browserstack-edge-windows" tests="1" failures="1" skipped="0" time="0.011" errors="0">
<testcase name="Weekly After Hours Summary › should view the after hour alerts on weekly basis" classname="TS014_weeklyAfterHoursSummary.spec.js" time="0.011">
<failure message="TS014_weeklyAfterHoursSummary.spec.js:23:3 should view the after hour alerts on weekly basis" type="FAILURE">
<![CDATA[  [browserstack-edge-windows] › TS014_weeklyAfterHoursSummary.spec.js:23:3 › Weekly After Hours Summary › should view the after hour alerts on weekly basis 

    Error: browserType.connect: Target page, context or browser has been closed

    Retry #1 ───────────────────────────────────────────────────────────────────────────────────────

    Error: browserType.connect: Target page, context or browser has been closed

    attachment #1: trace (application/zip) ─────────────────────────────────────────────────────────
    ..\test-results\TS014_weeklyAfterHoursSumm-fdce8-hour-alerts-on-weekly-basis-browserstack-edge-windows-retry1\trace.zip
    Usage:

        npx playwright show-trace ..\test-results\TS014_weeklyAfterHoursSumm-fdce8-hour-alerts-on-weekly-basis-browserstack-edge-windows-retry1\trace.zip

    ────────────────────────────────────────────────────────────────────────────────────────────────

    Retry #2 ───────────────────────────────────────────────────────────────────────────────────────

    Error: browserType.connect: Target page, context or browser has been closed
]]>
</failure>
<system-out>
<![CDATA[
[[ATTACHMENT|test-results\TS014_weeklyAfterHoursSumm-fdce8-hour-alerts-on-weekly-basis-browserstack-edge-windows-retry1\trace.zip]]
]]>
</system-out>
</testcase>
</testsuite>
<testsuite name="TS015_afterHourSummary.spec.js" timestamp="2025-09-08T10:17:51.980Z" hostname="browserstack-edge-windows" tests="1" failures="1" skipped="0" time="0.012" errors="0">
<testcase name="After Hour Summary › should redirect to fleet demo page with demo credentials" classname="TS015_afterHourSummary.spec.js" time="0.012">
<failure message="TS015_afterHourSummary.spec.js:23:3 should redirect to fleet demo page with demo credentials" type="FAILURE">
<![CDATA[  [browserstack-edge-windows] › TS015_afterHourSummary.spec.js:23:3 › After Hour Summary › should redirect to fleet demo page with demo credentials 

    Error: browserType.connect: Target page, context or browser has been closed

    Retry #1 ───────────────────────────────────────────────────────────────────────────────────────

    Error: browserType.connect: Target page, context or browser has been closed

    attachment #1: trace (application/zip) ─────────────────────────────────────────────────────────
    ..\test-results\TS015_afterHourSummary-Aft-66a96--page-with-demo-credentials-browserstack-edge-windows-retry1\trace.zip
    Usage:

        npx playwright show-trace ..\test-results\TS015_afterHourSummary-Aft-66a96--page-with-demo-credentials-browserstack-edge-windows-retry1\trace.zip

    ────────────────────────────────────────────────────────────────────────────────────────────────

    Retry #2 ───────────────────────────────────────────────────────────────────────────────────────

    Error: browserType.connect: Target page, context or browser has been closed
]]>
</failure>
<system-out>
<![CDATA[
[[ATTACHMENT|test-results\TS015_afterHourSummary-Aft-66a96--page-with-demo-credentials-browserstack-edge-windows-retry1\trace.zip]]
]]>
</system-out>
</testcase>
</testsuite>
<testsuite name="TS016_afterHoursInsight.spec.js" timestamp="2025-09-08T10:17:51.980Z" hostname="browserstack-edge-windows" tests="1" failures="1" skipped="0" time="0.01" errors="0">
<testcase name="After Hour Insight › should redirect to After Hour Insight" classname="TS016_afterHoursInsight.spec.js" time="0.01">
<failure message="TS016_afterHoursInsight.spec.js:23:5 should redirect to After Hour Insight" type="FAILURE">
<![CDATA[  [browserstack-edge-windows] › TS016_afterHoursInsight.spec.js:23:5 › After Hour Insight › should redirect to After Hour Insight 

    Error: browserType.connect: Target page, context or browser has been closed

    Retry #1 ───────────────────────────────────────────────────────────────────────────────────────

    Error: browserType.connect: Target page, context or browser has been closed

    attachment #1: trace (application/zip) ─────────────────────────────────────────────────────────
    ..\test-results\TS016_afterHoursInsight-Af-57180-irect-to-After-Hour-Insight-browserstack-edge-windows-retry1\trace.zip
    Usage:

        npx playwright show-trace ..\test-results\TS016_afterHoursInsight-Af-57180-irect-to-After-Hour-Insight-browserstack-edge-windows-retry1\trace.zip

    ────────────────────────────────────────────────────────────────────────────────────────────────

    Retry #2 ───────────────────────────────────────────────────────────────────────────────────────

    Error: browserType.connect: Target page, context or browser has been closed
]]>
</failure>
<system-out>
<![CDATA[
[[ATTACHMENT|test-results\TS016_afterHoursInsight-Af-57180-irect-to-After-Hour-Insight-browserstack-edge-windows-retry1\trace.zip]]
]]>
</system-out>
</testcase>
</testsuite>
<testsuite name="TS017_afterHoursSettings.spec.js" timestamp="2025-09-08T10:17:51.980Z" hostname="browserstack-edge-windows" tests="1" failures="1" skipped="0" time="0.011" errors="0">
<testcase name="After Hour Setting › should edit the after hour settings of a device" classname="TS017_afterHoursSettings.spec.js" time="0.011">
<failure message="TS017_afterHoursSettings.spec.js:23:5 should edit the after hour settings of a device" type="FAILURE">
<![CDATA[  [browserstack-edge-windows] › TS017_afterHoursSettings.spec.js:23:5 › After Hour Setting › should edit the after hour settings of a device 

    Error: browserType.connect: Target page, context or browser has been closed

    Retry #1 ───────────────────────────────────────────────────────────────────────────────────────

    Error: browserType.connect: Target page, context or browser has been closed

    attachment #1: trace (application/zip) ─────────────────────────────────────────────────────────
    ..\test-results\TS017_afterHoursSettings-A-52fc2-r-hour-settings-of-a-device-browserstack-edge-windows-retry1\trace.zip
    Usage:

        npx playwright show-trace ..\test-results\TS017_afterHoursSettings-A-52fc2-r-hour-settings-of-a-device-browserstack-edge-windows-retry1\trace.zip

    ────────────────────────────────────────────────────────────────────────────────────────────────

    Retry #2 ───────────────────────────────────────────────────────────────────────────────────────

    Error: browserType.connect: Target page, context or browser has been closed
]]>
</failure>
<system-out>
<![CDATA[
[[ATTACHMENT|test-results\TS017_afterHoursSettings-A-52fc2-r-hour-settings-of-a-device-browserstack-edge-windows-retry1\trace.zip]]
]]>
</system-out>
</testcase>
</testsuite>
<testsuite name="TS018_createGeofencing.spec.js" timestamp="2025-09-08T10:17:51.980Z" hostname="browserstack-edge-windows" tests="1" failures="1" skipped="0" time="0.009" errors="0">
<testcase name="Create Geofencing › should be able to create new Geofence" classname="TS018_createGeofencing.spec.js" time="0.009">
<failure message="TS018_createGeofencing.spec.js:23:5 should be able to create new Geofence" type="FAILURE">
<![CDATA[  [browserstack-edge-windows] › TS018_createGeofencing.spec.js:23:5 › Create Geofencing › should be able to create new Geofence 

    Error: browserType.connect: Target page, context or browser has been closed

    Retry #1 ───────────────────────────────────────────────────────────────────────────────────────

    Error: browserType.connect: Target page, context or browser has been closed

    attachment #1: trace (application/zip) ─────────────────────────────────────────────────────────
    ..\test-results\TS018_createGeofencing-Cre-a5300-able-to-create-new-Geofence-browserstack-edge-windows-retry1\trace.zip
    Usage:

        npx playwright show-trace ..\test-results\TS018_createGeofencing-Cre-a5300-able-to-create-new-Geofence-browserstack-edge-windows-retry1\trace.zip

    ────────────────────────────────────────────────────────────────────────────────────────────────

    Retry #2 ───────────────────────────────────────────────────────────────────────────────────────

    Error: browserType.connect: Target page, context or browser has been closed
]]>
</failure>
<system-out>
<![CDATA[
[[ATTACHMENT|test-results\TS018_createGeofencing-Cre-a5300-able-to-create-new-Geofence-browserstack-edge-windows-retry1\trace.zip]]
]]>
</system-out>
</testcase>
</testsuite>
<testsuite name="TS019_viewDeleteGeofence.spec.js" timestamp="2025-09-08T10:17:51.980Z" hostname="browserstack-edge-windows" tests="1" failures="1" skipped="0" time="0.01" errors="0">
<testcase name="view delete geofence › should be able to edit/delete geofence" classname="TS019_viewDeleteGeofence.spec.js" time="0.01">
<failure message="TS019_viewDeleteGeofence.spec.js:23:5 should be able to edit/delete geofence" type="FAILURE">
<![CDATA[  [browserstack-edge-windows] › TS019_viewDeleteGeofence.spec.js:23:5 › view delete geofence › should be able to edit/delete geofence 

    Error: browserType.connect: Target page, context or browser has been closed

    Retry #1 ───────────────────────────────────────────────────────────────────────────────────────

    Error: browserType.connect: Target page, context or browser has been closed

    attachment #1: trace (application/zip) ─────────────────────────────────────────────────────────
    ..\test-results\TS019_viewDeleteGeofence-v-f8eaf-ble-to-edit-delete-geofence-browserstack-edge-windows-retry1\trace.zip
    Usage:

        npx playwright show-trace ..\test-results\TS019_viewDeleteGeofence-v-f8eaf-ble-to-edit-delete-geofence-browserstack-edge-windows-retry1\trace.zip

    ────────────────────────────────────────────────────────────────────────────────────────────────

    Retry #2 ───────────────────────────────────────────────────────────────────────────────────────

    Error: browserType.connect: Target page, context or browser has been closed
]]>
</failure>
<system-out>
<![CDATA[
[[ATTACHMENT|test-results\TS019_viewDeleteGeofence-v-f8eaf-ble-to-edit-delete-geofence-browserstack-edge-windows-retry1\trace.zip]]
]]>
</system-out>
</testcase>
</testsuite>
<testsuite name="TS020_weeklyGeofenceReport.spec.js" timestamp="2025-09-08T10:17:51.980Z" hostname="browserstack-edge-windows" tests="1" failures="1" skipped="0" time="0.008" errors="0">
<testcase name="Weekly Geofencing reports › should manage recent geofence report" classname="TS020_weeklyGeofenceReport.spec.js" time="0.008">
<failure message="TS020_weeklyGeofenceReport.spec.js:24:5 should manage recent geofence report" type="FAILURE">
<![CDATA[  [browserstack-edge-windows] › TS020_weeklyGeofenceReport.spec.js:24:5 › Weekly Geofencing reports › should manage recent geofence report 

    Error: browserType.connect: Target page, context or browser has been closed

    Retry #1 ───────────────────────────────────────────────────────────────────────────────────────

    Error: browserType.connect: Target page, context or browser has been closed

    attachment #1: trace (application/zip) ─────────────────────────────────────────────────────────
    ..\test-results\TS020_weeklyGeofenceReport-ef879-nage-recent-geofence-report-browserstack-edge-windows-retry1\trace.zip
    Usage:

        npx playwright show-trace ..\test-results\TS020_weeklyGeofenceReport-ef879-nage-recent-geofence-report-browserstack-edge-windows-retry1\trace.zip

    ────────────────────────────────────────────────────────────────────────────────────────────────

    Retry #2 ───────────────────────────────────────────────────────────────────────────────────────

    Error: browserType.connect: Target page, context or browser has been closed
]]>
</failure>
<system-out>
<![CDATA[
[[ATTACHMENT|test-results\TS020_weeklyGeofenceReport-ef879-nage-recent-geofence-report-browserstack-edge-windows-retry1\trace.zip]]
]]>
</system-out>
</testcase>
</testsuite>
<testsuite name="TS021_currentGeofenceReport.spec.js" timestamp="2025-09-08T10:17:51.980Z" hostname="browserstack-edge-windows" tests="1" failures="1" skipped="0" time="0.008" errors="0">
<testcase name="Current geofence report › should manage recent geofence report" classname="TS021_currentGeofenceReport.spec.js" time="0.008">
<failure message="TS021_currentGeofenceReport.spec.js:23:5 should manage recent geofence report" type="FAILURE">
<![CDATA[  [browserstack-edge-windows] › TS021_currentGeofenceReport.spec.js:23:5 › Current geofence report › should manage recent geofence report 

    Error: browserType.connect: Target page, context or browser has been closed

    Retry #1 ───────────────────────────────────────────────────────────────────────────────────────

    Error: browserType.connect: Target page, context or browser has been closed

    attachment #1: trace (application/zip) ─────────────────────────────────────────────────────────
    ..\test-results\TS021_currentGeofenceRepor-21c64-nage-recent-geofence-report-browserstack-edge-windows-retry1\trace.zip
    Usage:

        npx playwright show-trace ..\test-results\TS021_currentGeofenceRepor-21c64-nage-recent-geofence-report-browserstack-edge-windows-retry1\trace.zip

    ────────────────────────────────────────────────────────────────────────────────────────────────

    Retry #2 ───────────────────────────────────────────────────────────────────────────────────────

    Error: browserType.connect: Target page, context or browser has been closed
]]>
</failure>
<system-out>
<![CDATA[
[[ATTACHMENT|test-results\TS021_currentGeofenceRepor-21c64-nage-recent-geofence-report-browserstack-edge-windows-retry1\trace.zip]]
]]>
</system-out>
</testcase>
</testsuite>
<testsuite name="TS022_recentGeofenceReport.spec.js" timestamp="2025-09-08T10:17:51.980Z" hostname="browserstack-edge-windows" tests="1" failures="1" skipped="0" time="0.011" errors="0">
<testcase name="Recent geofence report › should manage recent geofence report" classname="TS022_recentGeofenceReport.spec.js" time="0.011">
<failure message="TS022_recentGeofenceReport.spec.js:23:5 should manage recent geofence report" type="FAILURE">
<![CDATA[  [browserstack-edge-windows] › TS022_recentGeofenceReport.spec.js:23:5 › Recent geofence report › should manage recent geofence report 

    Error: browserType.connect: Target page, context or browser has been closed

    Retry #1 ───────────────────────────────────────────────────────────────────────────────────────

    Error: browserType.connect: Target page, context or browser has been closed

    attachment #1: trace (application/zip) ─────────────────────────────────────────────────────────
    ..\test-results\TS022_recentGeofenceReport-2bb8d-nage-recent-geofence-report-browserstack-edge-windows-retry1\trace.zip
    Usage:

        npx playwright show-trace ..\test-results\TS022_recentGeofenceReport-2bb8d-nage-recent-geofence-report-browserstack-edge-windows-retry1\trace.zip

    ────────────────────────────────────────────────────────────────────────────────────────────────

    Retry #2 ───────────────────────────────────────────────────────────────────────────────────────

    Error: browserType.connect: Target page, context or browser has been closed
]]>
</failure>
<system-out>
<![CDATA[
[[ATTACHMENT|test-results\TS022_recentGeofenceReport-2bb8d-nage-recent-geofence-report-browserstack-edge-windows-retry1\trace.zip]]
]]>
</system-out>
</testcase>
</testsuite>
<testsuite name="TS023_changePassword.spec.js" timestamp="2025-09-08T10:17:51.980Z" hostname="browserstack-edge-windows" tests="1" failures="1" skipped="0" time="0.008" errors="0">
<testcase name="Change Password Test › should change password and login with new password" classname="TS023_changePassword.spec.js" time="0.008">
<failure message="TS023_changePassword.spec.js:23:5 should change password and login with new password" type="FAILURE">
<![CDATA[  [browserstack-edge-windows] › TS023_changePassword.spec.js:23:5 › Change Password Test › should change password and login with new password 

    Error: browserType.connect: Target page, context or browser has been closed

    Retry #1 ───────────────────────────────────────────────────────────────────────────────────────

    Error: browserType.connect: Target page, context or browser has been closed

    attachment #1: trace (application/zip) ─────────────────────────────────────────────────────────
    ..\test-results\TS023_changePassword-Chang-3f056-and-login-with-new-password-browserstack-edge-windows-retry1\trace.zip
    Usage:

        npx playwright show-trace ..\test-results\TS023_changePassword-Chang-3f056-and-login-with-new-password-browserstack-edge-windows-retry1\trace.zip

    ────────────────────────────────────────────────────────────────────────────────────────────────

    Retry #2 ───────────────────────────────────────────────────────────────────────────────────────

    Error: browserType.connect: Target page, context or browser has been closed
]]>
</failure>
<system-out>
<![CDATA[
[[ATTACHMENT|test-results\TS023_changePassword-Chang-3f056-and-login-with-new-password-browserstack-edge-windows-retry1\trace.zip]]
]]>
</system-out>
</testcase>
</testsuite>
<testsuite name="TS024_createLandmark.spec.js" timestamp="2025-09-08T10:17:51.980Z" hostname="browserstack-edge-windows" tests="1" failures="1" skipped="0" time="0.01" errors="0">
<testcase name="Geofencing Tests › should redirect to fleet demo page with demo credentials" classname="TS024_createLandmark.spec.js" time="0.01">
<failure message="TS024_createLandmark.spec.js:23:5 should redirect to fleet demo page with demo credentials" type="FAILURE">
<![CDATA[  [browserstack-edge-windows] › TS024_createLandmark.spec.js:23:5 › Geofencing Tests › should redirect to fleet demo page with demo credentials 

    Error: browserType.connect: Target page, context or browser has been closed

    Retry #1 ───────────────────────────────────────────────────────────────────────────────────────

    Error: browserType.connect: Target page, context or browser has been closed

    attachment #1: trace (application/zip) ─────────────────────────────────────────────────────────
    ..\test-results\TS024_createLandmark-Geofe-b3f86--page-with-demo-credentials-browserstack-edge-windows-retry1\trace.zip
    Usage:

        npx playwright show-trace ..\test-results\TS024_createLandmark-Geofe-b3f86--page-with-demo-credentials-browserstack-edge-windows-retry1\trace.zip

    ────────────────────────────────────────────────────────────────────────────────────────────────

    Retry #2 ───────────────────────────────────────────────────────────────────────────────────────

    Error: browserType.connect: Target page, context or browser has been closed
]]>
</failure>
<system-out>
<![CDATA[
[[ATTACHMENT|test-results\TS024_createLandmark-Geofe-b3f86--page-with-demo-credentials-browserstack-edge-windows-retry1\trace.zip]]
]]>
</system-out>
</testcase>
</testsuite>
<testsuite name="TS025_landmarkReport.spec.js" timestamp="2025-09-08T10:17:51.980Z" hostname="browserstack-edge-windows" tests="1" failures="1" skipped="0" time="0.01" errors="0">
<testcase name="Geofencing Tests › should redirect to fleet demo page with demo credentials" classname="TS025_landmarkReport.spec.js" time="0.01">
<failure message="TS025_landmarkReport.spec.js:23:5 should redirect to fleet demo page with demo credentials" type="FAILURE">
<![CDATA[  [browserstack-edge-windows] › TS025_landmarkReport.spec.js:23:5 › Geofencing Tests › should redirect to fleet demo page with demo credentials 

    Error: browserType.connect: Target page, context or browser has been closed

    Retry #1 ───────────────────────────────────────────────────────────────────────────────────────

    Error: browserType.connect: Target page, context or browser has been closed

    attachment #1: trace (application/zip) ─────────────────────────────────────────────────────────
    ..\test-results\TS025_landmarkReport-Geofe-88fca--page-with-demo-credentials-browserstack-edge-windows-retry1\trace.zip
    Usage:

        npx playwright show-trace ..\test-results\TS025_landmarkReport-Geofe-88fca--page-with-demo-credentials-browserstack-edge-windows-retry1\trace.zip

    ────────────────────────────────────────────────────────────────────────────────────────────────

    Retry #2 ───────────────────────────────────────────────────────────────────────────────────────

    Error: browserType.connect: Target page, context or browser has been closed
]]>
</failure>
<system-out>
<![CDATA[
[[ATTACHMENT|test-results\TS025_landmarkReport-Geofe-88fca--page-with-demo-credentials-browserstack-edge-windows-retry1\trace.zip]]
]]>
</system-out>
</testcase>
</testsuite>
<testsuite name="TS026_viewEditLandmark.spec.js" timestamp="2025-09-08T10:17:51.980Z" hostname="browserstack-edge-windows" tests="1" failures="1" skipped="0" time="0.007" errors="0">
<testcase name="Geofencing Tests › should redirect to fleet demo page with demo credentials" classname="TS026_viewEditLandmark.spec.js" time="0.007">
<failure message="TS026_viewEditLandmark.spec.js:23:5 should redirect to fleet demo page with demo credentials" type="FAILURE">
<![CDATA[  [browserstack-edge-windows] › TS026_viewEditLandmark.spec.js:23:5 › Geofencing Tests › should redirect to fleet demo page with demo credentials 

    Error: browserType.connect: Target page, context or browser has been closed

    Retry #1 ───────────────────────────────────────────────────────────────────────────────────────

    Error: browserType.connect: Target page, context or browser has been closed

    attachment #1: trace (application/zip) ─────────────────────────────────────────────────────────
    ..\test-results\TS026_viewEditLandmark-Geo-2adac--page-with-demo-credentials-browserstack-edge-windows-retry1\trace.zip
    Usage:

        npx playwright show-trace ..\test-results\TS026_viewEditLandmark-Geo-2adac--page-with-demo-credentials-browserstack-edge-windows-retry1\trace.zip

    ────────────────────────────────────────────────────────────────────────────────────────────────

    Retry #2 ───────────────────────────────────────────────────────────────────────────────────────

    Error: browserType.connect: Target page, context or browser has been closed
]]>
</failure>
<system-out>
<![CDATA[
[[ATTACHMENT|test-results\TS026_viewEditLandmark-Geo-2adac--page-with-demo-credentials-browserstack-edge-windows-retry1\trace.zip]]
]]>
</system-out>
</testcase>
</testsuite>
<testsuite name="TS027_trackHistory.spec.js" timestamp="2025-09-08T10:17:51.980Z" hostname="browserstack-edge-windows" tests="1" failures="1" skipped="0" time="0.009" errors="0">
<testcase name="Track History Tests › should verify HERE Maps car marker animation functionality" classname="TS027_trackHistory.spec.js" time="0.009">
<failure message="TS027_trackHistory.spec.js:23:5 should verify HERE Maps car marker animation functionality" type="FAILURE">
<![CDATA[  [browserstack-edge-windows] › TS027_trackHistory.spec.js:23:5 › Track History Tests › should verify HERE Maps car marker animation functionality 

    Error: browserType.connect: Target page, context or browser has been closed

    Retry #1 ───────────────────────────────────────────────────────────────────────────────────────

    Error: browserType.connect: Target page, context or browser has been closed

    attachment #1: trace (application/zip) ─────────────────────────────────────────────────────────
    ..\test-results\TS027_trackHistory-Track-H-86a50-ker-animation-functionality-browserstack-edge-windows-retry1\trace.zip
    Usage:

        npx playwright show-trace ..\test-results\TS027_trackHistory-Track-H-86a50-ker-animation-functionality-browserstack-edge-windows-retry1\trace.zip

    ────────────────────────────────────────────────────────────────────────────────────────────────

    Retry #2 ───────────────────────────────────────────────────────────────────────────────────────

    Error: browserType.connect: Target page, context or browser has been closed
]]>
</failure>
<system-out>
<![CDATA[
[[ATTACHMENT|test-results\TS027_trackHistory-Track-H-86a50-ker-animation-functionality-browserstack-edge-windows-retry1\trace.zip]]
]]>
</system-out>
</testcase>
</testsuite>
<testsuite name="TS028_travelLogReport.spec.js" timestamp="2025-09-08T10:17:51.980Z" hostname="browserstack-edge-windows" tests="1" failures="1" skipped="0" time="0.01" errors="0">
<testcase name="Travel Log Report › should display TLR" classname="TS028_travelLogReport.spec.js" time="0.01">
<failure message="TS028_travelLogReport.spec.js:23:5 should display TLR" type="FAILURE">
<![CDATA[  [browserstack-edge-windows] › TS028_travelLogReport.spec.js:23:5 › Travel Log Report › should display TLR 

    Error: browserType.connect: Target page, context or browser has been closed

    Retry #1 ───────────────────────────────────────────────────────────────────────────────────────

    Error: browserType.connect: Target page, context or browser has been closed

    attachment #1: trace (application/zip) ─────────────────────────────────────────────────────────
    ..\test-results\TS028_travelLogReport-Travel-Log-Report-should-display-TLR-browserstack-edge-windows-retry1\trace.zip
    Usage:

        npx playwright show-trace ..\test-results\TS028_travelLogReport-Travel-Log-Report-should-display-TLR-browserstack-edge-windows-retry1\trace.zip

    ────────────────────────────────────────────────────────────────────────────────────────────────

    Retry #2 ───────────────────────────────────────────────────────────────────────────────────────

    Error: browserType.connect: Target page, context or browser has been closed
]]>
</failure>
<system-out>
<![CDATA[
[[ATTACHMENT|test-results\TS028_travelLogReport-Travel-Log-Report-should-display-TLR-browserstack-edge-windows-retry1\trace.zip]]
]]>
</system-out>
</testcase>
</testsuite>
<testsuite name="TS029_currentLocationReport.spec.js" timestamp="2025-09-08T10:17:51.980Z" hostname="browserstack-edge-windows" tests="1" failures="1" skipped="0" time="0.008" errors="0">
<testcase name="Current Location Report › should redirect to fleet demo page with demo credentials and test current location report" classname="TS029_currentLocationReport.spec.js" time="0.008">
<failure message="TS029_currentLocationReport.spec.js:23:5 should redirect to fleet demo page with demo credentials and test current location report" type="FAILURE">
<![CDATA[  [browserstack-edge-windows] › TS029_currentLocationReport.spec.js:23:5 › Current Location Report › should redirect to fleet demo page with demo credentials and test current location report 

    Error: browserType.connect: Target page, context or browser has been closed

    Retry #1 ───────────────────────────────────────────────────────────────────────────────────────

    Error: browserType.connect: Target page, context or browser has been closed

    attachment #1: trace (application/zip) ─────────────────────────────────────────────────────────
    ..\test-results\TS029_currentLocationRepor-73244-est-current-location-report-browserstack-edge-windows-retry1\trace.zip
    Usage:

        npx playwright show-trace ..\test-results\TS029_currentLocationRepor-73244-est-current-location-report-browserstack-edge-windows-retry1\trace.zip

    ────────────────────────────────────────────────────────────────────────────────────────────────

    Retry #2 ───────────────────────────────────────────────────────────────────────────────────────

    Error: browserType.connect: Target page, context or browser has been closed
]]>
</failure>
<system-out>
<![CDATA[
[[ATTACHMENT|test-results\TS029_currentLocationRepor-73244-est-current-location-report-browserstack-edge-windows-retry1\trace.zip]]
]]>
</system-out>
</testcase>
</testsuite>
<testsuite name="TS030_mileageReport.spec.js" timestamp="2025-09-08T10:17:51.980Z" hostname="browserstack-edge-windows" tests="1" failures="1" skipped="0" time="0.008" errors="0">
<testcase name="Mileage Report › should display start and end mileage of devices" classname="TS030_mileageReport.spec.js" time="0.008">
<failure message="TS030_mileageReport.spec.js:23:5 should display start and end mileage of devices" type="FAILURE">
<![CDATA[  [browserstack-edge-windows] › TS030_mileageReport.spec.js:23:5 › Mileage Report › should display start and end mileage of devices 

    Error: browserType.connect: Target page, context or browser has been closed

    Retry #1 ───────────────────────────────────────────────────────────────────────────────────────

    Error: browserType.connect: Target page, context or browser has been closed

    attachment #1: trace (application/zip) ─────────────────────────────────────────────────────────
    ..\test-results\TS030_mileageReport-Mileag-dafe3--and-end-mileage-of-devices-browserstack-edge-windows-retry1\trace.zip
    Usage:

        npx playwright show-trace ..\test-results\TS030_mileageReport-Mileag-dafe3--and-end-mileage-of-devices-browserstack-edge-windows-retry1\trace.zip

    ────────────────────────────────────────────────────────────────────────────────────────────────

    Retry #2 ───────────────────────────────────────────────────────────────────────────────────────

    Error: browserType.connect: Target page, context or browser has been closed
]]>
</failure>
<system-out>
<![CDATA[
[[ATTACHMENT|test-results\TS030_mileageReport-Mileag-dafe3--and-end-mileage-of-devices-browserstack-edge-windows-retry1\trace.zip]]
]]>
</system-out>
</testcase>
</testsuite>
<testsuite name="TS031_stateMileageReport.spec.js" timestamp="2025-09-08T10:17:51.980Z" hostname="browserstack-edge-windows" tests="1" failures="1" skipped="0" time="0.009" errors="0">
<testcase name="State Mileage Report › should be redirected to fleet demo page with demo credentials" classname="TS031_stateMileageReport.spec.js" time="0.009">
<failure message="TS031_stateMileageReport.spec.js:23:5 should be redirected to fleet demo page with demo credentials" type="FAILURE">
<![CDATA[  [browserstack-edge-windows] › TS031_stateMileageReport.spec.js:23:5 › State Mileage Report › should be redirected to fleet demo page with demo credentials 

    Error: browserType.connect: Target page, context or browser has been closed

    Retry #1 ───────────────────────────────────────────────────────────────────────────────────────

    Error: browserType.connect: Target page, context or browser has been closed

    attachment #1: trace (application/zip) ─────────────────────────────────────────────────────────
    ..\test-results\TS031_stateMileageReport-S-26de1--page-with-demo-credentials-browserstack-edge-windows-retry1\trace.zip
    Usage:

        npx playwright show-trace ..\test-results\TS031_stateMileageReport-S-26de1--page-with-demo-credentials-browserstack-edge-windows-retry1\trace.zip

    ────────────────────────────────────────────────────────────────────────────────────────────────

    Retry #2 ───────────────────────────────────────────────────────────────────────────────────────

    Error: browserType.connect: Target page, context or browser has been closed
]]>
</failure>
<system-out>
<![CDATA[
[[ATTACHMENT|test-results\TS031_stateMileageReport-S-26de1--page-with-demo-credentials-browserstack-edge-windows-retry1\trace.zip]]
]]>
</system-out>
</testcase>
</testsuite>
<testsuite name="TS032_30DayMileageReport.spec.js" timestamp="2025-09-08T10:17:51.980Z" hostname="browserstack-edge-windows" tests="1" failures="1" skipped="0" time="0.009" errors="0">
<testcase name="30 Day Mileage Report › should be redirected to fleet demo page with demo credentials" classname="TS032_30DayMileageReport.spec.js" time="0.009">
<failure message="TS032_30DayMileageReport.spec.js:23:5 should be redirected to fleet demo page with demo credentials" type="FAILURE">
<![CDATA[  [browserstack-edge-windows] › TS032_30DayMileageReport.spec.js:23:5 › 30 Day Mileage Report › should be redirected to fleet demo page with demo credentials 

    Error: browserType.connect: Target page, context or browser has been closed

    Retry #1 ───────────────────────────────────────────────────────────────────────────────────────

    Error: browserType.connect: Target page, context or browser has been closed

    attachment #1: trace (application/zip) ─────────────────────────────────────────────────────────
    ..\test-results\TS032_30DayMileageReport-3-41183--page-with-demo-credentials-browserstack-edge-windows-retry1\trace.zip
    Usage:

        npx playwright show-trace ..\test-results\TS032_30DayMileageReport-3-41183--page-with-demo-credentials-browserstack-edge-windows-retry1\trace.zip

    ────────────────────────────────────────────────────────────────────────────────────────────────

    Retry #2 ───────────────────────────────────────────────────────────────────────────────────────

    Error: browserType.connect: Target page, context or browser has been closed
]]>
</failure>
<system-out>
<![CDATA[
[[ATTACHMENT|test-results\TS032_30DayMileageReport-3-41183--page-with-demo-credentials-browserstack-edge-windows-retry1\trace.zip]]
]]>
</system-out>
</testcase>
</testsuite>
<testsuite name="TS033_postedSpeedReport.spec.js" timestamp="2025-09-08T10:17:51.980Z" hostname="browserstack-edge-windows" tests="1" failures="1" skipped="0" time="0.007" errors="0">
<testcase name="Posted Speed Report › should generate and validate posted speed report" classname="TS033_postedSpeedReport.spec.js" time="0.007">
<failure message="TS033_postedSpeedReport.spec.js:23:5 should generate and validate posted speed report" type="FAILURE">
<![CDATA[  [browserstack-edge-windows] › TS033_postedSpeedReport.spec.js:23:5 › Posted Speed Report › should generate and validate posted speed report 

    Error: browserType.connect: Target page, context or browser has been closed

    Retry #1 ───────────────────────────────────────────────────────────────────────────────────────

    Error: browserType.connect: Target page, context or browser has been closed

    attachment #1: trace (application/zip) ─────────────────────────────────────────────────────────
    ..\test-results\TS033_postedSpeedReport-Po-2b698-alidate-posted-speed-report-browserstack-edge-windows-retry1\trace.zip
    Usage:

        npx playwright show-trace ..\test-results\TS033_postedSpeedReport-Po-2b698-alidate-posted-speed-report-browserstack-edge-windows-retry1\trace.zip

    ────────────────────────────────────────────────────────────────────────────────────────────────

    Retry #2 ───────────────────────────────────────────────────────────────────────────────────────

    Error: browserType.connect: Target page, context or browser has been closed
]]>
</failure>
<system-out>
<![CDATA[
[[ATTACHMENT|test-results\TS033_postedSpeedReport-Po-2b698-alidate-posted-speed-report-browserstack-edge-windows-retry1\trace.zip]]
]]>
</system-out>
</testcase>
</testsuite>
<testsuite name="TS034_tripReport.spec.js" timestamp="2025-09-08T10:17:51.980Z" hostname="browserstack-edge-windows" tests="1" failures="1" skipped="0" time="0.013" errors="0">
<testcase name="Trip Report › should generate and validate trip report" classname="TS034_tripReport.spec.js" time="0.013">
<failure message="TS034_tripReport.spec.js:23:5 should generate and validate trip report" type="FAILURE">
<![CDATA[  [browserstack-edge-windows] › TS034_tripReport.spec.js:23:5 › Trip Report › should generate and validate trip report 

    Error: browserType.connect: Target page, context or browser has been closed

    Retry #1 ───────────────────────────────────────────────────────────────────────────────────────

    Error: browserType.connect: Target page, context or browser has been closed

    attachment #1: trace (application/zip) ─────────────────────────────────────────────────────────
    ..\test-results\TS034_tripReport-Trip-Repo-77235-te-and-validate-trip-report-browserstack-edge-windows-retry1\trace.zip
    Usage:

        npx playwright show-trace ..\test-results\TS034_tripReport-Trip-Repo-77235-te-and-validate-trip-report-browserstack-edge-windows-retry1\trace.zip

    ────────────────────────────────────────────────────────────────────────────────────────────────

    Retry #2 ───────────────────────────────────────────────────────────────────────────────────────

    Error: browserType.connect: Target page, context or browser has been closed
]]>
</failure>
<system-out>
<![CDATA[
[[ATTACHMENT|test-results\TS034_tripReport-Trip-Repo-77235-te-and-validate-trip-report-browserstack-edge-windows-retry1\trace.zip]]
]]>
</system-out>
</testcase>
</testsuite>
<testsuite name="TS035_engineOnReport.spec.js" timestamp="2025-09-08T10:17:51.980Z" hostname="browserstack-edge-windows" tests="1" failures="1" skipped="0" time="0.011" errors="0">
<testcase name="Engine On Report › should generate and validate engine on report" classname="TS035_engineOnReport.spec.js" time="0.011">
<failure message="TS035_engineOnReport.spec.js:23:5 should generate and validate engine on report" type="FAILURE">
<![CDATA[  [browserstack-edge-windows] › TS035_engineOnReport.spec.js:23:5 › Engine On Report › should generate and validate engine on report 

    Error: browserType.connect: Target page, context or browser has been closed

    Retry #1 ───────────────────────────────────────────────────────────────────────────────────────

    Error: browserType.connect: Target page, context or browser has been closed

    attachment #1: trace (application/zip) ─────────────────────────────────────────────────────────
    ..\test-results\TS035_engineOnReport-Engin-0a7d6-d-validate-engine-on-report-browserstack-edge-windows-retry1\trace.zip
    Usage:

        npx playwright show-trace ..\test-results\TS035_engineOnReport-Engin-0a7d6-d-validate-engine-on-report-browserstack-edge-windows-retry1\trace.zip

    ────────────────────────────────────────────────────────────────────────────────────────────────

    Retry #2 ───────────────────────────────────────────────────────────────────────────────────────

    Error: browserType.connect: Target page, context or browser has been closed
]]>
</failure>
<system-out>
<![CDATA[
[[ATTACHMENT|test-results\TS035_engineOnReport-Engin-0a7d6-d-validate-engine-on-report-browserstack-edge-windows-retry1\trace.zip]]
]]>
</system-out>
</testcase>
</testsuite>
<testsuite name="TS036_idlingReport.spec.js" timestamp="2025-09-08T10:17:51.980Z" hostname="browserstack-edge-windows" tests="1" failures="1" skipped="0" time="0.013" errors="0">
<testcase name="Idling Report › should generate and validate idling report" classname="TS036_idlingReport.spec.js" time="0.013">
<failure message="TS036_idlingReport.spec.js:23:5 should generate and validate idling report" type="FAILURE">
<![CDATA[  [browserstack-edge-windows] › TS036_idlingReport.spec.js:23:5 › Idling Report › should generate and validate idling report 

    Error: browserType.connect: Target page, context or browser has been closed

    Retry #1 ───────────────────────────────────────────────────────────────────────────────────────

    Error: browserType.connect: Target page, context or browser has been closed

    attachment #1: trace (application/zip) ─────────────────────────────────────────────────────────
    ..\test-results\TS036_idlingReport-Idling--f140b--and-validate-idling-report-browserstack-edge-windows-retry1\trace.zip
    Usage:

        npx playwright show-trace ..\test-results\TS036_idlingReport-Idling--f140b--and-validate-idling-report-browserstack-edge-windows-retry1\trace.zip

    ────────────────────────────────────────────────────────────────────────────────────────────────

    Retry #2 ───────────────────────────────────────────────────────────────────────────────────────

    Error: browserType.connect: Target page, context or browser has been closed
]]>
</failure>
<system-out>
<![CDATA[
[[ATTACHMENT|test-results\TS036_idlingReport-Idling--f140b--and-validate-idling-report-browserstack-edge-windows-retry1\trace.zip]]
]]>
</system-out>
</testcase>
</testsuite>
<testsuite name="TS037_lowVoltageDeviceReport.spec.js" timestamp="2025-09-08T10:17:51.980Z" hostname="browserstack-edge-windows" tests="1" failures="1" skipped="0" time="0.01" errors="0">
<testcase name="Low Voltage Device Report › should generate and validate low voltage device report" classname="TS037_lowVoltageDeviceReport.spec.js" time="0.01">
<failure message="TS037_lowVoltageDeviceReport.spec.js:23:5 should generate and validate low voltage device report" type="FAILURE">
<![CDATA[  [browserstack-edge-windows] › TS037_lowVoltageDeviceReport.spec.js:23:5 › Low Voltage Device Report › should generate and validate low voltage device report 

    Error: browserType.connect: Target page, context or browser has been closed

    Retry #1 ───────────────────────────────────────────────────────────────────────────────────────

    Error: browserType.connect: Target page, context or browser has been closed

    attachment #1: trace (application/zip) ─────────────────────────────────────────────────────────
    ..\test-results\TS037_lowVoltageDeviceRepo-7bb31-e-low-voltage-device-report-browserstack-edge-windows-retry1\trace.zip
    Usage:

        npx playwright show-trace ..\test-results\TS037_lowVoltageDeviceRepo-7bb31-e-low-voltage-device-report-browserstack-edge-windows-retry1\trace.zip

    ────────────────────────────────────────────────────────────────────────────────────────────────

    Retry #2 ───────────────────────────────────────────────────────────────────────────────────────

    Error: browserType.connect: Target page, context or browser has been closed
]]>
</failure>
<system-out>
<![CDATA[
[[ATTACHMENT|test-results\TS037_lowVoltageDeviceRepo-7bb31-e-low-voltage-device-report-browserstack-edge-windows-retry1\trace.zip]]
]]>
</system-out>
</testcase>
</testsuite>
<testsuite name="TS038_driverSafetyReport.spec.js" timestamp="2025-09-08T10:17:51.980Z" hostname="browserstack-edge-windows" tests="1" failures="1" skipped="0" time="0.012" errors="0">
<testcase name="Driver Safety Report › should generate and validate driver safety report" classname="TS038_driverSafetyReport.spec.js" time="0.012">
<failure message="TS038_driverSafetyReport.spec.js:23:5 should generate and validate driver safety report" type="FAILURE">
<![CDATA[  [browserstack-edge-windows] › TS038_driverSafetyReport.spec.js:23:5 › Driver Safety Report › should generate and validate driver safety report 

    Error: browserType.connect: Target page, context or browser has been closed

    Retry #1 ───────────────────────────────────────────────────────────────────────────────────────

    Error: browserType.connect: Target page, context or browser has been closed

    attachment #1: trace (application/zip) ─────────────────────────────────────────────────────────
    ..\test-results\TS038_driverSafetyReport-D-71479-lidate-driver-safety-report-browserstack-edge-windows-retry1\trace.zip
    Usage:

        npx playwright show-trace ..\test-results\TS038_driverSafetyReport-D-71479-lidate-driver-safety-report-browserstack-edge-windows-retry1\trace.zip

    ────────────────────────────────────────────────────────────────────────────────────────────────

    Retry #2 ───────────────────────────────────────────────────────────────────────────────────────

    Error: browserType.connect: Target page, context or browser has been closed
]]>
</failure>
<system-out>
<![CDATA[
[[ATTACHMENT|test-results\TS038_driverSafetyReport-D-71479-lidate-driver-safety-report-browserstack-edge-windows-retry1\trace.zip]]
]]>
</system-out>
</testcase>
</testsuite>
<testsuite name="TS039_weeklyUtilizationReport.spec.js" timestamp="2025-09-08T10:17:51.980Z" hostname="browserstack-edge-windows" tests="1" failures="1" skipped="0" time="0.009" errors="0">
<testcase name="Weekly Utilization Report › should generate and validate weekly utilization report" classname="TS039_weeklyUtilizationReport.spec.js" time="0.009">
<failure message="TS039_weeklyUtilizationReport.spec.js:23:5 should generate and validate weekly utilization report" type="FAILURE">
<![CDATA[  [browserstack-edge-windows] › TS039_weeklyUtilizationReport.spec.js:23:5 › Weekly Utilization Report › should generate and validate weekly utilization report 

    Error: browserType.connect: Target page, context or browser has been closed

    Retry #1 ───────────────────────────────────────────────────────────────────────────────────────

    Error: browserType.connect: Target page, context or browser has been closed

    attachment #1: trace (application/zip) ─────────────────────────────────────────────────────────
    ..\test-results\TS039_weeklyUtilizationRep-e422c-e-weekly-utilization-report-browserstack-edge-windows-retry1\trace.zip
    Usage:

        npx playwright show-trace ..\test-results\TS039_weeklyUtilizationRep-e422c-e-weekly-utilization-report-browserstack-edge-windows-retry1\trace.zip

    ────────────────────────────────────────────────────────────────────────────────────────────────

    Retry #2 ───────────────────────────────────────────────────────────────────────────────────────

    Error: browserType.connect: Target page, context or browser has been closed
]]>
</failure>
<system-out>
<![CDATA[
[[ATTACHMENT|test-results\TS039_weeklyUtilizationRep-e422c-e-weekly-utilization-report-browserstack-edge-windows-retry1\trace.zip]]
]]>
</system-out>
</testcase>
</testsuite>
<testsuite name="TS040_ExitReport.spec.js" timestamp="2025-09-08T10:17:51.980Z" hostname="browserstack-edge-windows" tests="1" failures="1" skipped="0" time="0.009" errors="0">
<testcase name="Exit Report › should generate and validate exit report" classname="TS040_ExitReport.spec.js" time="0.009">
<failure message="TS040_ExitReport.spec.js:23:5 should generate and validate exit report" type="FAILURE">
<![CDATA[  [browserstack-edge-windows] › TS040_ExitReport.spec.js:23:5 › Exit Report › should generate and validate exit report 

    Error: browserType.connect: Target page, context or browser has been closed

    Retry #1 ───────────────────────────────────────────────────────────────────────────────────────

    Error: browserType.connect: Target page, context or browser has been closed

    attachment #1: trace (application/zip) ─────────────────────────────────────────────────────────
    ..\test-results\TS040_ExitReport-Exit-Repo-6de63-te-and-validate-exit-report-browserstack-edge-windows-retry1\trace.zip
    Usage:

        npx playwright show-trace ..\test-results\TS040_ExitReport-Exit-Repo-6de63-te-and-validate-exit-report-browserstack-edge-windows-retry1\trace.zip

    ────────────────────────────────────────────────────────────────────────────────────────────────

    Retry #2 ───────────────────────────────────────────────────────────────────────────────────────

    Error: browserType.connect: Target page, context or browser has been closed
]]>
</failure>
<system-out>
<![CDATA[
[[ATTACHMENT|test-results\TS040_ExitReport-Exit-Repo-6de63-te-and-validate-exit-report-browserstack-edge-windows-retry1\trace.zip]]
]]>
</system-out>
</testcase>
</testsuite>
<testsuite name="TS041_UtilizationReport.spec.js" timestamp="2025-09-08T10:17:51.980Z" hostname="browserstack-edge-windows" tests="1" failures="1" skipped="0" time="0.009" errors="0">
<testcase name="Utilization Report › should generate and validate utilization report" classname="TS041_UtilizationReport.spec.js" time="0.009">
<failure message="TS041_UtilizationReport.spec.js:23:5 should generate and validate utilization report" type="FAILURE">
<![CDATA[  [browserstack-edge-windows] › TS041_UtilizationReport.spec.js:23:5 › Utilization Report › should generate and validate utilization report 

    Error: browserType.connect: Target page, context or browser has been closed

    Retry #1 ───────────────────────────────────────────────────────────────────────────────────────

    Error: browserType.connect: Target page, context or browser has been closed

    attachment #1: trace (application/zip) ─────────────────────────────────────────────────────────
    ..\test-results\TS041_UtilizationReport-Ut-05aff-validate-utilization-report-browserstack-edge-windows-retry1\trace.zip
    Usage:

        npx playwright show-trace ..\test-results\TS041_UtilizationReport-Ut-05aff-validate-utilization-report-browserstack-edge-windows-retry1\trace.zip

    ────────────────────────────────────────────────────────────────────────────────────────────────

    Retry #2 ───────────────────────────────────────────────────────────────────────────────────────

    Error: browserType.connect: Target page, context or browser has been closed
]]>
</failure>
<system-out>
<![CDATA[
[[ATTACHMENT|test-results\TS041_UtilizationReport-Ut-05aff-validate-utilization-report-browserstack-edge-windows-retry1\trace.zip]]
]]>
</system-out>
</testcase>
</testsuite>
<testsuite name="TS042_dayOfWeekReport.spec.js" timestamp="2025-09-08T10:17:51.980Z" hostname="browserstack-edge-windows" tests="1" failures="1" skipped="0" time="0.008" errors="0">
<testcase name="Day of Week Report › should generate and validate day of week report" classname="TS042_dayOfWeekReport.spec.js" time="0.008">
<failure message="TS042_dayOfWeekReport.spec.js:23:5 should generate and validate day of week report" type="FAILURE">
<![CDATA[  [browserstack-edge-windows] › TS042_dayOfWeekReport.spec.js:23:5 › Day of Week Report › should generate and validate day of week report 

    Error: browserType.connect: Target page, context or browser has been closed

    Retry #1 ───────────────────────────────────────────────────────────────────────────────────────

    Error: browserType.connect: Target page, context or browser has been closed

    attachment #1: trace (application/zip) ─────────────────────────────────────────────────────────
    ..\test-results\TS042_dayOfWeekReport-Day--53108-validate-day-of-week-report-browserstack-edge-windows-retry1\trace.zip
    Usage:

        npx playwright show-trace ..\test-results\TS042_dayOfWeekReport-Day--53108-validate-day-of-week-report-browserstack-edge-windows-retry1\trace.zip

    ────────────────────────────────────────────────────────────────────────────────────────────────

    Retry #2 ───────────────────────────────────────────────────────────────────────────────────────

    Error: browserType.connect: Target page, context or browser has been closed
]]>
</failure>
<system-out>
<![CDATA[
[[ATTACHMENT|test-results\TS042_dayOfWeekReport-Day--53108-validate-day-of-week-report-browserstack-edge-windows-retry1\trace.zip]]
]]>
</system-out>
</testcase>
</testsuite>
<testsuite name="TS043_dashcamRefresh.spec.js" timestamp="2025-09-08T10:17:51.980Z" hostname="browserstack-edge-windows" tests="1" failures="1" skipped="0" time="0.009" errors="0">
<testcase name="Dashcam Refresh › should refresh dashcam functionality" classname="TS043_dashcamRefresh.spec.js" time="0.009">
<failure message="TS043_dashcamRefresh.spec.js:23:5 should refresh dashcam functionality" type="FAILURE">
<![CDATA[  [browserstack-edge-windows] › TS043_dashcamRefresh.spec.js:23:5 › Dashcam Refresh › should refresh dashcam functionality 

    Error: browserType.connect: Target page, context or browser has been closed

    Retry #1 ───────────────────────────────────────────────────────────────────────────────────────

    Error: browserType.connect: Target page, context or browser has been closed

    attachment #1: trace (application/zip) ─────────────────────────────────────────────────────────
    ..\test-results\TS043_dashcamRefresh-Dashc-a54cd-fresh-dashcam-functionality-browserstack-edge-windows-retry1\trace.zip
    Usage:

        npx playwright show-trace ..\test-results\TS043_dashcamRefresh-Dashc-a54cd-fresh-dashcam-functionality-browserstack-edge-windows-retry1\trace.zip

    ────────────────────────────────────────────────────────────────────────────────────────────────

    Retry #2 ───────────────────────────────────────────────────────────────────────────────────────

    Error: browserType.connect: Target page, context or browser has been closed
]]>
</failure>
<system-out>
<![CDATA[
[[ATTACHMENT|test-results\TS043_dashcamRefresh-Dashc-a54cd-fresh-dashcam-functionality-browserstack-edge-windows-retry1\trace.zip]]
]]>
</system-out>
</testcase>
</testsuite>
<testsuite name="TS044_snapshots.spec.js" timestamp="2025-09-08T10:17:51.980Z" hostname="browserstack-edge-windows" tests="1" failures="1" skipped="0" time="0.007" errors="0">
<testcase name="Snapshots › should display snapshots" classname="TS044_snapshots.spec.js" time="0.007">
<failure message="TS044_snapshots.spec.js:23:5 should display snapshots" type="FAILURE">
<![CDATA[  [browserstack-edge-windows] › TS044_snapshots.spec.js:23:5 › Snapshots › should display snapshots 

    Error: browserType.connect: Target page, context or browser has been closed

    Retry #1 ───────────────────────────────────────────────────────────────────────────────────────

    Error: browserType.connect: Target page, context or browser has been closed

    attachment #1: trace (application/zip) ─────────────────────────────────────────────────────────
    ..\test-results\TS044_snapshots-Snapshots-should-display-snapshots-browserstack-edge-windows-retry1\trace.zip
    Usage:

        npx playwright show-trace ..\test-results\TS044_snapshots-Snapshots-should-display-snapshots-browserstack-edge-windows-retry1\trace.zip

    ────────────────────────────────────────────────────────────────────────────────────────────────

    Retry #2 ───────────────────────────────────────────────────────────────────────────────────────

    Error: browserType.connect: Target page, context or browser has been closed
]]>
</failure>
<system-out>
<![CDATA[
[[ATTACHMENT|test-results\TS044_snapshots-Snapshots-should-display-snapshots-browserstack-edge-windows-retry1\trace.zip]]
]]>
</system-out>
</testcase>
</testsuite>
<testsuite name="TS045_dashcamAlertReport.spec.js" timestamp="2025-09-08T10:17:51.980Z" hostname="browserstack-edge-windows" tests="1" failures="1" skipped="0" time="0.01" errors="0">
<testcase name="Dashcam Alert Report › shows dashcam alert report" classname="TS045_dashcamAlertReport.spec.js" time="0.01">
<failure message="TS045_dashcamAlertReport.spec.js:23:5 shows dashcam alert report" type="FAILURE">
<![CDATA[  [browserstack-edge-windows] › TS045_dashcamAlertReport.spec.js:23:5 › Dashcam Alert Report › shows dashcam alert report 

    Error: browserType.connect: Target page, context or browser has been closed

    Retry #1 ───────────────────────────────────────────────────────────────────────────────────────

    Error: browserType.connect: Target page, context or browser has been closed

    attachment #1: trace (application/zip) ─────────────────────────────────────────────────────────
    ..\test-results\TS045_dashcamAlertReport-D-40b1a--shows-dashcam-alert-report-browserstack-edge-windows-retry1\trace.zip
    Usage:

        npx playwright show-trace ..\test-results\TS045_dashcamAlertReport-D-40b1a--shows-dashcam-alert-report-browserstack-edge-windows-retry1\trace.zip

    ────────────────────────────────────────────────────────────────────────────────────────────────

    Retry #2 ───────────────────────────────────────────────────────────────────────────────────────

    Error: browserType.connect: Target page, context or browser has been closed
]]>
</failure>
<system-out>
<![CDATA[
[[ATTACHMENT|test-results\TS045_dashcamAlertReport-D-40b1a--shows-dashcam-alert-report-browserstack-edge-windows-retry1\trace.zip]]
]]>
</system-out>
</testcase>
</testsuite>
<testsuite name="TS046_dashcamTrackHistory.spec.js" timestamp="2025-09-08T10:17:51.980Z" hostname="browserstack-edge-windows" tests="1" failures="1" skipped="0" time="0.012" errors="0">
<testcase name="Dashcam Track History › displays dashcam track history" classname="TS046_dashcamTrackHistory.spec.js" time="0.012">
<failure message="TS046_dashcamTrackHistory.spec.js:23:5 displays dashcam track history" type="FAILURE">
<![CDATA[  [browserstack-edge-windows] › TS046_dashcamTrackHistory.spec.js:23:5 › Dashcam Track History › displays dashcam track history 

    Error: browserType.connect: Target page, context or browser has been closed

    Retry #1 ───────────────────────────────────────────────────────────────────────────────────────

    Error: browserType.connect: Target page, context or browser has been closed

    attachment #1: trace (application/zip) ─────────────────────────────────────────────────────────
    ..\test-results\TS046_dashcamTrackHistory--d4227-plays-dashcam-track-history-browserstack-edge-windows-retry1\trace.zip
    Usage:

        npx playwright show-trace ..\test-results\TS046_dashcamTrackHistory--d4227-plays-dashcam-track-history-browserstack-edge-windows-retry1\trace.zip

    ────────────────────────────────────────────────────────────────────────────────────────────────

    Retry #2 ───────────────────────────────────────────────────────────────────────────────────────

    Error: browserType.connect: Target page, context or browser has been closed
]]>
</failure>
<system-out>
<![CDATA[
[[ATTACHMENT|test-results\TS046_dashcamTrackHistory--d4227-plays-dashcam-track-history-browserstack-edge-windows-retry1\trace.zip]]
]]>
</system-out>
</testcase>
</testsuite>
<testsuite name="TS047_dashcamAlertSettings.spec.js" timestamp="2025-09-08T10:17:51.980Z" hostname="browserstack-edge-windows" tests="1" failures="1" skipped="0" time="0.011" errors="0">
<testcase name="Dashcam Alert Settings › edit settings for dashcam" classname="TS047_dashcamAlertSettings.spec.js" time="0.011">
<failure message="TS047_dashcamAlertSettings.spec.js:23:5 edit settings for dashcam" type="FAILURE">
<![CDATA[  [browserstack-edge-windows] › TS047_dashcamAlertSettings.spec.js:23:5 › Dashcam Alert Settings › edit settings for dashcam 

    Error: browserType.connect: Target page, context or browser has been closed

    Retry #1 ───────────────────────────────────────────────────────────────────────────────────────

    Error: browserType.connect: Target page, context or browser has been closed

    attachment #1: trace (application/zip) ─────────────────────────────────────────────────────────
    ..\test-results\TS047_dashcamAlertSettings-403ea-s-edit-settings-for-dashcam-browserstack-edge-windows-retry1\trace.zip
    Usage:

        npx playwright show-trace ..\test-results\TS047_dashcamAlertSettings-403ea-s-edit-settings-for-dashcam-browserstack-edge-windows-retry1\trace.zip

    ────────────────────────────────────────────────────────────────────────────────────────────────

    Retry #2 ───────────────────────────────────────────────────────────────────────────────────────

    Error: browserType.connect: Target page, context or browser has been closed
]]>
</failure>
<system-out>
<![CDATA[
[[ATTACHMENT|test-results\TS047_dashcamAlertSettings-403ea-s-edit-settings-for-dashcam-browserstack-edge-windows-retry1\trace.zip]]
]]>
</system-out>
</testcase>
</testsuite>
<testsuite name="TS048_dashcamVideoOnDemand.spec.js" timestamp="2025-09-08T10:17:51.980Z" hostname="browserstack-edge-windows" tests="1" failures="1" skipped="0" time="0.01" errors="0">
<testcase name="Dashcam Video On Demand › should add/edit a device" classname="TS048_dashcamVideoOnDemand.spec.js" time="0.01">
<failure message="TS048_dashcamVideoOnDemand.spec.js:23:5 should add/edit a device" type="FAILURE">
<![CDATA[  [browserstack-edge-windows] › TS048_dashcamVideoOnDemand.spec.js:23:5 › Dashcam Video On Demand › should add/edit a device 

    Error: browserType.connect: Target page, context or browser has been closed

    Retry #1 ───────────────────────────────────────────────────────────────────────────────────────

    Error: browserType.connect: Target page, context or browser has been closed

    attachment #1: trace (application/zip) ─────────────────────────────────────────────────────────
    ..\test-results\TS048_dashcamVideoOnDemand-31c88-nd-should-add-edit-a-device-browserstack-edge-windows-retry1\trace.zip
    Usage:

        npx playwright show-trace ..\test-results\TS048_dashcamVideoOnDemand-31c88-nd-should-add-edit-a-device-browserstack-edge-windows-retry1\trace.zip

    ────────────────────────────────────────────────────────────────────────────────────────────────

    Retry #2 ───────────────────────────────────────────────────────────────────────────────────────

    Error: browserType.connect: Target page, context or browser has been closed
]]>
</failure>
<system-out>
<![CDATA[
[[ATTACHMENT|test-results\TS048_dashcamVideoOnDemand-31c88-nd-should-add-edit-a-device-browserstack-edge-windows-retry1\trace.zip]]
]]>
</system-out>
</testcase>
</testsuite>
<testsuite name="TS049_liveVideoStream.spec.js" timestamp="2025-09-08T10:17:51.980Z" hostname="browserstack-edge-windows" tests="1" failures="1" skipped="0" time="0.011" errors="0">
<testcase name="Dashcam refresh › refresh dashcam" classname="TS049_liveVideoStream.spec.js" time="0.011">
<failure message="TS049_liveVideoStream.spec.js:23:5 refresh dashcam" type="FAILURE">
<![CDATA[  [browserstack-edge-windows] › TS049_liveVideoStream.spec.js:23:5 › Dashcam refresh › refresh dashcam 

    Error: browserType.connect: Target page, context or browser has been closed

    Retry #1 ───────────────────────────────────────────────────────────────────────────────────────

    Error: browserType.connect: Target page, context or browser has been closed

    attachment #1: trace (application/zip) ─────────────────────────────────────────────────────────
    ..\test-results\TS049_liveVideoStream-Dashcam-refresh-refresh-dashcam-browserstack-edge-windows-retry1\trace.zip
    Usage:

        npx playwright show-trace ..\test-results\TS049_liveVideoStream-Dashcam-refresh-refresh-dashcam-browserstack-edge-windows-retry1\trace.zip

    ────────────────────────────────────────────────────────────────────────────────────────────────

    Retry #2 ───────────────────────────────────────────────────────────────────────────────────────

    Error: browserType.connect: Target page, context or browser has been closed
]]>
</failure>
<system-out>
<![CDATA[
[[ATTACHMENT|test-results\TS049_liveVideoStream-Dashcam-refresh-refresh-dashcam-browserstack-edge-windows-retry1\trace.zip]]
]]>
</system-out>
</testcase>
</testsuite>
<testsuite name="TS050_last24hrs.spec.js" timestamp="2025-09-08T10:17:51.980Z" hostname="browserstack-edge-windows" tests="1" failures="1" skipped="0" time="0.009" errors="0">
<testcase name="Last 24 Hours › should verify Engine Idling Events checkbox functionality" classname="TS050_last24hrs.spec.js" time="0.009">
<failure message="TS050_last24hrs.spec.js:23:5 should verify Engine Idling Events checkbox functionality" type="FAILURE">
<![CDATA[  [browserstack-edge-windows] › TS050_last24hrs.spec.js:23:5 › Last 24 Hours › should verify Engine Idling Events checkbox functionality 

    Error: browserType.connect: Target page, context or browser has been closed

    Retry #1 ───────────────────────────────────────────────────────────────────────────────────────

    Error: browserType.connect: Target page, context or browser has been closed

    attachment #1: trace (application/zip) ─────────────────────────────────────────────────────────
    ..\test-results\TS050_last24hrs-Last-24-Ho-ec750-ents-checkbox-functionality-browserstack-edge-windows-retry1\trace.zip
    Usage:

        npx playwright show-trace ..\test-results\TS050_last24hrs-Last-24-Ho-ec750-ents-checkbox-functionality-browserstack-edge-windows-retry1\trace.zip

    ────────────────────────────────────────────────────────────────────────────────────────────────

    Retry #2 ───────────────────────────────────────────────────────────────────────────────────────

    Error: browserType.connect: Target page, context or browser has been closed
]]>
</failure>
<system-out>
<![CDATA[
[[ATTACHMENT|test-results\TS050_last24hrs-Last-24-Ho-ec750-ents-checkbox-functionality-browserstack-edge-windows-retry1\trace.zip]]
]]>
</system-out>
</testcase>
</testsuite>
<testsuite name="TS051_realTimeTracking.spec.js" timestamp="2025-09-08T10:17:51.980Z" hostname="browserstack-edge-windows" tests="1" failures="1" skipped="0" time="0.01" errors="0">
<testcase name="Real Time Tracking › should verify Engine Idling Events checkbox functionality" classname="TS051_realTimeTracking.spec.js" time="0.01">
<failure message="TS051_realTimeTracking.spec.js:23:5 should verify Engine Idling Events checkbox functionality" type="FAILURE">
<![CDATA[  [browserstack-edge-windows] › TS051_realTimeTracking.spec.js:23:5 › Real Time Tracking › should verify Engine Idling Events checkbox functionality 

    Error: browserType.connect: Target page, context or browser has been closed

    Retry #1 ───────────────────────────────────────────────────────────────────────────────────────

    Error: browserType.connect: Target page, context or browser has been closed

    attachment #1: trace (application/zip) ─────────────────────────────────────────────────────────
    ..\test-results\TS051_realTimeTracking-Rea-b91c6-ents-checkbox-functionality-browserstack-edge-windows-retry1\trace.zip
    Usage:

        npx playwright show-trace ..\test-results\TS051_realTimeTracking-Rea-b91c6-ents-checkbox-functionality-browserstack-edge-windows-retry1\trace.zip

    ────────────────────────────────────────────────────────────────────────────────────────────────

    Retry #2 ───────────────────────────────────────────────────────────────────────────────────────

    Error: browserType.connect: Target page, context or browser has been closed
]]>
</failure>
<system-out>
<![CDATA[
[[ATTACHMENT|test-results\TS051_realTimeTracking-Rea-b91c6-ents-checkbox-functionality-browserstack-edge-windows-retry1\trace.zip]]
]]>
</system-out>
</testcase>
</testsuite>
<testsuite name="TS052_getSupport.spec.js" timestamp="2025-09-08T10:17:51.980Z" hostname="browserstack-edge-windows" tests="1" failures="1" skipped="0" time="0.008" errors="0">
<testcase name="Get Support › should verify Get Support form functionality" classname="TS052_getSupport.spec.js" time="0.008">
<failure message="TS052_getSupport.spec.js:23:5 should verify Get Support form functionality" type="FAILURE">
<![CDATA[  [browserstack-edge-windows] › TS052_getSupport.spec.js:23:5 › Get Support › should verify Get Support form functionality 

    Error: browserType.connect: Target page, context or browser has been closed

    Retry #1 ───────────────────────────────────────────────────────────────────────────────────────

    Error: browserType.connect: Target page, context or browser has been closed

    attachment #1: trace (application/zip) ─────────────────────────────────────────────────────────
    ..\test-results\TS052_getSupport-Get-Suppo-235c2--Support-form-functionality-browserstack-edge-windows-retry1\trace.zip
    Usage:

        npx playwright show-trace ..\test-results\TS052_getSupport-Get-Suppo-235c2--Support-form-functionality-browserstack-edge-windows-retry1\trace.zip

    ────────────────────────────────────────────────────────────────────────────────────────────────

    Retry #2 ───────────────────────────────────────────────────────────────────────────────────────

    Error: browserType.connect: Target page, context or browser has been closed
]]>
</failure>
<system-out>
<![CDATA[
[[ATTACHMENT|test-results\TS052_getSupport-Get-Suppo-235c2--Support-form-functionality-browserstack-edge-windows-retry1\trace.zip]]
]]>
</system-out>
</testcase>
</testsuite>
<testsuite name="waterproof.spec.js" timestamp="2025-09-08T10:17:51.980Z" hostname="browserstack-edge-windows" tests="1" failures="1" skipped="0" time="0.008" errors="0">
<testcase name="Fleet Login Tests › should redirect to fleet demo page with demo credentials" classname="waterproof.spec.js" time="0.008">
<failure message="waterproof.spec.js:23:3 should redirect to fleet demo page with demo credentials" type="FAILURE">
<![CDATA[  [browserstack-edge-windows] › waterproof.spec.js:23:3 › Fleet Login Tests › should redirect to fleet demo page with demo credentials 

    Error: browserType.connect: Target page, context or browser has been closed

    Retry #1 ───────────────────────────────────────────────────────────────────────────────────────

    Error: browserType.connect: Target page, context or browser has been closed

    attachment #1: trace (application/zip) ─────────────────────────────────────────────────────────
    ..\test-results\waterproof-Fleet-Login-Tes-868d8--page-with-demo-credentials-browserstack-edge-windows-retry1\trace.zip
    Usage:

        npx playwright show-trace ..\test-results\waterproof-Fleet-Login-Tes-868d8--page-with-demo-credentials-browserstack-edge-windows-retry1\trace.zip

    ────────────────────────────────────────────────────────────────────────────────────────────────

    Retry #2 ───────────────────────────────────────────────────────────────────────────────────────

    Error: browserType.connect: Target page, context or browser has been closed
]]>
</failure>
<system-out>
<![CDATA[
[[ATTACHMENT|test-results\waterproof-Fleet-Login-Tes-868d8--page-with-demo-credentials-browserstack-edge-windows-retry1\trace.zip]]
]]>
</system-out>
</testcase>
</testsuite>
</testsuites>